Archive member included to satisfy reference by file (symbol)

C:/ST/STM32CubeIDE_1.17.0/STM32CubeIDE/plugins/com.st.stm32cube.ide.mcu.externaltools.gnu-tools-for-stm32.12.3.rel1.win32_1.1.0.202410251130/tools/bin/../lib/gcc/arm-none-eabi/12.3.1/../../../../arm-none-eabi/lib/thumb/v6-m/nofp\libc.a(libc_a-atof.o)
                              BOS\BOS_CLI.o (atof)
C:/ST/STM32CubeIDE_1.17.0/STM32CubeIDE/plugins/com.st.stm32cube.ide.mcu.externaltools.gnu-tools-for-stm32.12.3.rel1.win32_1.1.0.202410251130/tools/bin/../lib/gcc/arm-none-eabi/12.3.1/../../../../arm-none-eabi/lib/thumb/v6-m/nofp\libc.a(libc_a-atoi.o)
                              BOS\BOS_CLIcommands.o (atoi)
C:/ST/STM32CubeIDE_1.17.0/STM32CubeIDE/plugins/com.st.stm32cube.ide.mcu.externaltools.gnu-tools-for-stm32.12.3.rel1.win32_1.1.0.202410251130/tools/bin/../lib/gcc/arm-none-eabi/12.3.1/../../../../arm-none-eabi/lib/thumb/v6-m/nofp\libc.a(libc_a-atol.o)
                              BOS\BOS.o (atol)
C:/ST/STM32CubeIDE_1.17.0/STM32CubeIDE/plugins/com.st.stm32cube.ide.mcu.externaltools.gnu-tools-for-stm32.12.3.rel1.win32_1.1.0.202410251130/tools/bin/../lib/gcc/arm-none-eabi/12.3.1/../../../../arm-none-eabi/lib/thumb/v6-m/nofp\libc.a(libc_a-exit.o)
                              C:/ST/STM32CubeIDE_1.17.0/STM32CubeIDE/plugins/com.st.stm32cube.ide.mcu.externaltools.gnu-tools-for-stm32.12.3.rel1.win32_1.1.0.202410251130/tools/bin/../lib/gcc/arm-none-eabi/12.3.1/../../../../arm-none-eabi/lib/thumb/v6-m/nofp/crt0.o (exit)
C:/ST/STM32CubeIDE_1.17.0/STM32CubeIDE/plugins/com.st.stm32cube.ide.mcu.externaltools.gnu-tools-for-stm32.12.3.rel1.win32_1.1.0.202410251130/tools/bin/../lib/gcc/arm-none-eabi/12.3.1/../../../../arm-none-eabi/lib/thumb/v6-m/nofp\libc.a(libc_a-malloc.o)
                              BOS\BOS.o (malloc)
C:/ST/STM32CubeIDE_1.17.0/STM32CubeIDE/plugins/com.st.stm32cube.ide.mcu.externaltools.gnu-tools-for-stm32.12.3.rel1.win32_1.1.0.202410251130/tools/bin/../lib/gcc/arm-none-eabi/12.3.1/../../../../arm-none-eabi/lib/thumb/v6-m/nofp\libc.a(libc_a-mallocr.o)
                              C:/ST/STM32CubeIDE_1.17.0/STM32CubeIDE/plugins/com.st.stm32cube.ide.mcu.externaltools.gnu-tools-for-stm32.12.3.rel1.win32_1.1.0.202410251130/tools/bin/../lib/gcc/arm-none-eabi/12.3.1/../../../../arm-none-eabi/lib/thumb/v6-m/nofp\libc.a(libc_a-malloc.o) (_malloc_r)
C:/ST/STM32CubeIDE_1.17.0/STM32CubeIDE/plugins/com.st.stm32cube.ide.mcu.externaltools.gnu-tools-for-stm32.12.3.rel1.win32_1.1.0.202410251130/tools/bin/../lib/gcc/arm-none-eabi/12.3.1/../../../../arm-none-eabi/lib/thumb/v6-m/nofp\libc.a(libc_a-mlock.o)
                              C:/ST/STM32CubeIDE_1.17.0/STM32CubeIDE/plugins/com.st.stm32cube.ide.mcu.externaltools.gnu-tools-for-stm32.12.3.rel1.win32_1.1.0.202410251130/tools/bin/../lib/gcc/arm-none-eabi/12.3.1/../../../../arm-none-eabi/lib/thumb/v6-m/nofp\libc.a(libc_a-mallocr.o) (__malloc_lock)
C:/ST/STM32CubeIDE_1.17.0/STM32CubeIDE/plugins/com.st.stm32cube.ide.mcu.externaltools.gnu-tools-for-stm32.12.3.rel1.win32_1.1.0.202410251130/tools/bin/../lib/gcc/arm-none-eabi/12.3.1/../../../../arm-none-eabi/lib/thumb/v6-m/nofp\libc.a(libc_a-rand.o)
                              User\main.o (srand)
C:/ST/STM32CubeIDE_1.17.0/STM32CubeIDE/plugins/com.st.stm32cube.ide.mcu.externaltools.gnu-tools-for-stm32.12.3.rel1.win32_1.1.0.202410251130/tools/bin/../lib/gcc/arm-none-eabi/12.3.1/../../../../arm-none-eabi/lib/thumb/v6-m/nofp\libc.a(libc_a-realloc.o)
                              BOS\BOS_CLI.o (realloc)
C:/ST/STM32CubeIDE_1.17.0/STM32CubeIDE/plugins/com.st.stm32cube.ide.mcu.externaltools.gnu-tools-for-stm32.12.3.rel1.win32_1.1.0.202410251130/tools/bin/../lib/gcc/arm-none-eabi/12.3.1/../../../../arm-none-eabi/lib/thumb/v6-m/nofp\libc.a(libc_a-reallocr.o)
                              C:/ST/STM32CubeIDE_1.17.0/STM32CubeIDE/plugins/com.st.stm32cube.ide.mcu.externaltools.gnu-tools-for-stm32.12.3.rel1.win32_1.1.0.202410251130/tools/bin/../lib/gcc/arm-none-eabi/12.3.1/../../../../arm-none-eabi/lib/thumb/v6-m/nofp\libc.a(libc_a-realloc.o) (_realloc_r)
C:/ST/STM32CubeIDE_1.17.0/STM32CubeIDE/plugins/com.st.stm32cube.ide.mcu.externaltools.gnu-tools-for-stm32.12.3.rel1.win32_1.1.0.202410251130/tools/bin/../lib/gcc/arm-none-eabi/12.3.1/../../../../arm-none-eabi/lib/thumb/v6-m/nofp\libc.a(libc_a-strtod.o)
                              C:/ST/STM32CubeIDE_1.17.0/STM32CubeIDE/plugins/com.st.stm32cube.ide.mcu.externaltools.gnu-tools-for-stm32.12.3.rel1.win32_1.1.0.202410251130/tools/bin/../lib/gcc/arm-none-eabi/12.3.1/../../../../arm-none-eabi/lib/thumb/v6-m/nofp\libc.a(libc_a-atof.o) (strtod)
C:/ST/STM32CubeIDE_1.17.0/STM32CubeIDE/plugins/com.st.stm32cube.ide.mcu.externaltools.gnu-tools-for-stm32.12.3.rel1.win32_1.1.0.202410251130/tools/bin/../lib/gcc/arm-none-eabi/12.3.1/../../../../arm-none-eabi/lib/thumb/v6-m/nofp\libc.a(libc_a-strtol.o)
[...]
Memory Configuration

Name             Origin             Length             Attributes
RAM              0x20000000         0x00024000         xrw
FLASH            0x08000000         0x00080000         xr
*default*        0x00000000         0xffffffff

Linker script and memory map

LOAD C:/ST/STM32CubeIDE_1.17.0/STM32CubeIDE/plugins/com.st.stm32cube.ide.mcu.externaltools.gnu-tools-for-stm32.12.3.rel1.win32_1.1.0.202410251130/tools/bin/../lib/gcc/arm-none-eabi/12.3.1/thumb/v6-m/nofp/crti.o
LOAD C:/ST/STM32CubeIDE_1.17.0/STM32CubeIDE/plugins/com.st.stm32cube.ide.mcu.externaltools.gnu-tools-for-stm32.12.3.rel1.win32_1.1.0.202410251130/tools/bin/../lib/gcc/arm-none-eabi/12.3.1/thumb/v6-m/nofp/crtbegin.o
LOAD C:/ST/STM32CubeIDE_1.17.0/STM32CubeIDE/plugins/com.st.stm32cube.ide.mcu.externaltools.gnu-tools-for-stm32.12.3.rel1.win32_1.1.0.202410251130/tools/bin/../lib/gcc/arm-none-eabi/12.3.1/../../../../arm-none-eabi/lib/thumb/v6-m/nofp/crt0.o
LOAD BOS\BOS.o
LOAD BOS\BOS_CLI.o
LOAD BOS\BOS_CLIcommands.o
LOAD BOS\BOS_dma.o
LOAD BOS\BOS_freertos.o
LOAD BOS\BOS_messaging.o
LOAD BOS\BOS_msgparser.o
LOAD H16R6\APA102_LedMatrix.o
LOAD H16R6\H16R6.o
LOAD H16R6\H16R6_dma.o
LOAD H16R6\H16R6_eeprom.o
LOAD H16R6\H16R6_gpio.o
LOAD H16R6\H16R6_inputs.o
LOAD H16R6\H16R6_it.o
LOAD H16R6\H16R6_rtc.o
LOAD H16R6\H16R6_spi.o
LOAD H16R6\H16R6_timers.o
LOAD H16R6\H16R6_uart.o
LOAD H16R6\startup_stm32g0b1ceuxn.o
LOAD Thirdparty\CMSIS\STM32G0xx\Device\ST\STM32G0xx\Source\Templates\system_stm32g0xx.o
LOAD Thirdparty\EEPROM_Emul\Core\eeprom_emul.o
LOAD Thirdparty\EEPROM_Emul\Porting\STM32G0\flash_interface.o
LOAD Thirdparty\Middleware\STM32G0xx\FreeRTOS\Source\CMSIS_RTOS\cmsis_os.o
LOAD Thirdparty\Middleware\STM32G0xx\FreeRTOS\Source\FreeRTOS_CLI.o
LOAD Thirdparty\Middleware\STM32G0xx\FreeRTOS\Source\croutine.o
LOAD Thirdparty\Middleware\STM32G0xx\FreeRTOS\Source\event_groups.o
LOAD Thirdparty\Middleware\STM32G0xx\FreeRTOS\Source\list.o
LOAD Thirdparty\Middleware\STM32G0xx\FreeRTOS\Source\portable\GCC\ARM_CM0\port.o
LOAD Thirdparty\Middleware\STM32G0xx\FreeRTOS\Source\portable\MemMang\heap_4.o
LOAD Thirdparty\Middleware\STM32G0xx\FreeRTOS\Source\queue.o
LOAD Thirdparty\Middleware\STM32G0xx\FreeRTOS\Source\stream_buffer.o
LOAD Thirdparty\Middleware\STM32G0xx\FreeRTOS\Source\tasks.o
LOAD Thirdparty\Middleware\STM32G0xx\FreeRTOS\Source\timers.o
LOAD Thirdparty\STM32G0xx_HAL_Driver\Src\stm32g0xx_hal.o
LOAD Thirdparty\STM32G0xx_HAL_Driver\Src\stm32g0xx_hal_adc.o
LOAD Thirdparty\STM32G0xx_HAL_Driver\Src\stm32g0xx_hal_adc_ex.o
LOAD Thirdparty\STM32G0xx_HAL_Driver\Src\stm32g0xx_hal_cec.o
LOAD Thirdparty\STM32G0xx_HAL_Driver\Src\stm32g0xx_hal_comp.o
LOAD Thirdparty\STM32G0xx_HAL_Driver\Src\stm32g0xx_hal_cortex.o
LOAD Thirdparty\STM32G0xx_HAL_Driver\Src\stm32g0xx_hal_crc.o
LOAD Thirdparty\STM32G0xx_HAL_Driver\Src\stm32g0xx_hal_crc_ex.o
LOAD Thirdparty\STM32G0xx_HAL_Driver\Src\stm32g0xx_hal_cryp.o
LOAD Thirdparty\STM32G0xx_HAL_Driver\Src\stm32g0xx_hal_cryp_ex.o
LOAD Thirdparty\STM32G0xx_HAL_Driver\Src\stm32g0xx_hal_dac.o
LOAD Thirdparty\STM32G0xx_HAL_Driver\Src\stm32g0xx_hal_dac_ex.o
LOAD Thirdparty\STM32G0xx_HAL_Driver\Src\stm32g0xx_hal_dma.o
LOAD Thirdparty\STM32G0xx_HAL_Driver\Src\stm32g0xx_hal_dma_ex.o
LOAD Thirdparty\STM32G0xx_HAL_Driver\Src\stm32g0xx_hal_exti.o
LOAD Thirdparty\STM32G0xx_HAL_Driver\Src\stm32g0xx_hal_fdcan.o
LOAD Thirdparty\STM32G0xx_HAL_Driver\Src\stm32g0xx_hal_flash.o
LOAD Thirdparty\STM32G0xx_HAL_Driver\Src\stm32g0xx_hal_flash_ex.o
LOAD Thirdparty\STM32G0xx_HAL_Driver\Src\stm32g0xx_hal_gpio.o
LOAD Thirdparty\STM32G0xx_HAL_Driver\Src\stm32g0xx_hal_hcd.o
LOAD Thirdparty\STM32G0xx_HAL_Driver\Src\stm32g0xx_hal_i2c.o
LOAD Thirdparty\STM32G0xx_HAL_Driver\Src\stm32g0xx_hal_i2c_ex.o
LOAD Thirdparty\STM32G0xx_HAL_Driver\Src\stm32g0xx_hal_i2s.o
LOAD Thirdparty\STM32G0xx_HAL_Driver\Src\stm32g0xx_hal_irda.o
LOAD Thirdparty\STM32G0xx_HAL_Driver\Src\stm32g0xx_hal_iwdg.o
LOAD Thirdparty\STM32G0xx_HAL_Driver\Src\stm32g0xx_hal_lptim.o
LOAD Thirdparty\STM32G0xx_HAL_Driver\Src\stm32g0xx_hal_msp_template.o
LOAD Thirdparty\STM32G0xx_HAL_Driver\Src\stm32g0xx_hal_pcd.o
LOAD Thirdparty\STM32G0xx_HAL_Driver\Src\stm32g0xx_hal_pcd_ex.o
LOAD Thirdparty\STM32G0xx_HAL_Driver\Src\stm32g0xx_hal_pwr.o
LOAD Thirdparty\STM32G0xx_HAL_Driver\Src\stm32g0xx_hal_pwr_ex.o
LOAD Thirdparty\STM32G0xx_HAL_Driver\Src\stm32g0xx_hal_rcc.o
LOAD Thirdparty\STM32G0xx_HAL_Driver\Src\stm32g0xx_hal_rcc_ex.o
LOAD Thirdparty\STM32G0xx_HAL_Driver\Src\stm32g0xx_hal_rng.o
LOAD Thirdparty\STM32G0xx_HAL_Driver\Src\stm32g0xx_hal_rtc.o
LOAD Thirdparty\STM32G0xx_HAL_Driver\Src\stm32g0xx_hal_rtc_ex.o
LOAD Thirdparty\STM32G0xx_HAL_Driver\Src\stm32g0xx_hal_smartcard.o
LOAD Thirdparty\STM32G0xx_HAL_Driver\Src\stm32g0xx_hal_smartcard_ex.o
LOAD Thirdparty\STM32G0xx_HAL_Driver\Src\stm32g0xx_hal_smbus.o
LOAD Thirdparty\STM32G0xx_HAL_Driver\Src\stm32g0xx_hal_smbus_ex.o
LOAD Thirdparty\STM32G0xx_HAL_Driver\Src\stm32g0xx_hal_spi.o
LOAD Thirdparty\STM32G0xx_HAL_Driver\Src\stm32g0xx_hal_spi_ex.o
LOAD Thirdparty\STM32G0xx_HAL_Driver\Src\stm32g0xx_hal_tim.o
LOAD Thirdparty\STM32G0xx_HAL_Driver\Src\stm32g0xx_hal_tim_ex.o
LOAD Thirdparty\STM32G0xx_HAL_Driver\Src\stm32g0xx_hal_uart.o
LOAD Thirdparty\STM32G0xx_HAL_Driver\Src\stm32g0xx_hal_uart_ex.o
LOAD Thirdparty\STM32G0xx_HAL_Driver\Src\stm32g0xx_hal_usart.o
LOAD Thirdparty\STM32G0xx_HAL_Driver\Src\stm32g0xx_hal_usart_ex.o
LOAD Thirdparty\STM32G0xx_HAL_Driver\Src\stm32g0xx_hal_wwdg.o
LOAD Thirdparty\STM32G0xx_HAL_Driver\Src\stm32g0xx_ll_adc.o
LOAD Thirdparty\STM32G0xx_HAL_Driver\Src\stm32g0xx_ll_comp.o
LOAD Thirdparty\STM32G0xx_HAL_Driver\Src\stm32g0xx_ll_crc.o
LOAD Thirdparty\STM32G0xx_HAL_Driver\Src\stm32g0xx_ll_crs.o
LOAD Thirdparty\STM32G0xx_HAL_Driver\Src\stm32g0xx_ll_dac.o
LOAD Thirdparty\STM32G0xx_HAL_Driver\Src\stm32g0xx_ll_dma.o
LOAD Thirdparty\STM32G0xx_HAL_Driver\Src\stm32g0xx_ll_exti.o
LOAD Thirdparty\STM32G0xx_HAL_Driver\Src\stm32g0xx_ll_gpio.o
LOAD Thirdparty\STM32G0xx_HAL_Driver\Src\stm32g0xx_ll_i2c.o
LOAD Thirdparty\STM32G0xx_HAL_Driver\Src\stm32g0xx_ll_lptim.o
LOAD Thirdparty\STM32G0xx_HAL_Driver\Src\stm32g0xx_ll_lpuart.o
LOAD Thirdparty\STM32G0xx_HAL_Driver\Src\stm32g0xx_ll_pwr.o
LOAD Thirdparty\STM32G0xx_HAL_Driver\Src\stm32g0xx_ll_rcc.o
LOAD Thirdparty\STM32G0xx_HAL_Driver\Src\stm32g0xx_ll_rng.o
LOAD Thirdparty\STM32G0xx_HAL_Driver\Src\stm32g0xx_ll_rtc.o
LOAD Thirdparty\STM32G0xx_HAL_Driver\Src\stm32g0xx_ll_spi.o
LOAD Thirdparty\STM32G0xx_HAL_Driver\Src\stm32g0xx_ll_tim.o
LOAD Thirdparty\STM32G0xx_HAL_Driver\Src\stm32g0xx_ll_ucpd.o
LOAD Thirdparty\STM32G0xx_HAL_Driver\Src\stm32g0xx_ll_usart.o
LOAD Thirdparty\STM32G0xx_HAL_Driver\Src\stm32g0xx_ll_usb.o
LOAD Thirdparty\STM32G0xx_HAL_Driver\Src\stm32g0xx_ll_utils.o
LOAD User\main.o
LOAD syscalls.o
START GROUP
LOAD C:/ST/STM32CubeIDE_1.17.0/STM32CubeIDE/plugins/com.st.stm32cube.ide.mcu.externaltools.gnu-tools-for-stm32.12.3.rel1.win32_1.1.0.202410251130/tools/bin/../lib/gcc/arm-none-eabi/12.3.1/../../../../arm-none-eabi/lib/thumb/v6-m/nofp\libc.a
LOAD C:/ST/STM32CubeIDE_1.17.0/STM32CubeIDE/plugins/com.st.stm32cube.ide.mcu.externaltools.gnu-tools-for-stm32.12.3.rel1.win32_1.1.0.202410251130/tools/bin/../lib/gcc/arm-none-eabi/12.3.1/../../../../arm-none-eabi/lib/thumb/v6-m/nofp\libm.a
END GROUP
START GROUP
LOAD C:/ST/STM32CubeIDE_1.17.0/STM32CubeIDE/plugins/com.st.stm32cube.ide.mcu.externaltools.gnu-tools-for-stm32.12.3.rel1.win32_1.1.0.202410251130/tools/bin/../lib/gcc/arm-none-eabi/12.3.1/thumb/v6-m/nofp\libgcc.a
LOAD C:/ST/STM32CubeIDE_1.17.0/STM32CubeIDE/plugins/com.st.stm32cube.ide.mcu.externaltools.gnu-tools-for-stm32.12.3.rel1.win32_1.1.0.202410251130/tools/bin/../lib/gcc/arm-none-eabi/12.3.1/../../../../arm-none-eabi/lib/thumb/v6-m/nofp\libc.a
END GROUP
START GROUP
LOAD C:/ST/STM32CubeIDE_1.17.0/STM32CubeIDE/plugins/com.st.stm32cube.ide.mcu.externaltools.gnu-tools-for-stm32.12.3.rel1.win32_1.1.0.202410251130/tools/bin/../lib/gcc/arm-none-eabi/12.3.1/thumb/v6-m/nofp\libgcc.a
LOAD C:/ST/STM32CubeIDE_1.17.0/STM32CubeIDE/plugins/com.st.stm32cube.ide.mcu.externaltools.gnu-tools-for-stm32.12.3.rel1.win32_1.1.0.202410251130/tools/bin/../lib/gcc/arm-none-eabi/12.3.1/../../../../arm-none-eabi/lib/thumb/v6-m/nofp\libc.a
LOAD C:/ST/STM32CubeIDE_1.17.0/STM32CubeIDE/plugins/com.st.stm32cube.ide.mcu.externaltools.gnu-tools-for-stm32.12.3.rel1.win32_1.1.0.202410251130/tools/bin/../lib/gcc/arm-none-eabi/12.3.1/../../../../arm-none-eabi/lib/thumb/v6-m/nofp\libnosys.a
END GROUP
LOAD C:/ST/STM32CubeIDE_1.17.0/STM32CubeIDE/plugins/com.st.stm32cube.ide.mcu.externaltools.gnu-tools-for-stm32.12.3.rel1.win32_1.1.0.202410251130/tools/bin/../lib/gcc/arm-none-eabi/12.3.1/thumb/v6-m/nofp/crtend.o
LOAD C:/ST/STM32CubeIDE_1.17.0/STM32CubeIDE/plugins/com.st.stm32cube.ide.mcu.externaltools.gnu-tools-for-stm32.12.3.rel1.win32_1.1.0.202410251130/tools/bin/../lib/gcc/arm-none-eabi/12.3.1/thumb/v6-m/nofp/crtn.o
                0x20024000                        _estack = (ORIGIN (RAM) + LENGTH (RAM))
                0x00000200                        _Min_Heap_Size = 0x200
                0x00000400                        _Min_Stack_Size = 0x400

.isr_vector     0x08000000       0xbc
                0x08000000                        . = ALIGN (0x4)
 *(.isr_vector)
 .isr_vector    0x08000000       0xbc H16R6\startup_stm32g0b1ceuxn.o
                0x08000000                g_pfnVectors
                0x080000bc                        . = ALIGN (0x4)

.text           0x080000c0    0x2c5b0
                0x080000c0                        . = ALIGN (0x4)
 *(.text)
 .text          0x080000c0       0x48 C:/ST/STM32CubeIDE_1.17.0/STM32CubeIDE/plugins/com.st.stm32cube.ide.mcu.externaltools.gnu-tools-for-stm32.12.3.rel1.win32_1.1.0.202410251130/tools/bin/../lib/gcc/arm-none-eabi/12.3.1/thumb/v6-m/nofp/crtbegin.o
 .text          0x08000108       0x14 C:/ST/STM32CubeIDE_1.17.0/STM32CubeIDE/plugins/com.st.stm32cube.ide.mcu.externaltools.gnu-tools-for-stm32.12.3.rel1.win32_1.1.0.202410251130/tools/bin/../lib/gcc/arm-none-eabi/12.3.1/../../../../arm-none-eabi/lib/thumb/v6-m/nofp\libc.a(libc_a-strcmp.o)
                0x08000108                strcmp
 .text          0x0800011c        0xe C:/ST/STM32CubeIDE_1.17.0/STM32CubeIDE/plugins/com.st.stm32cube.ide.mcu.externaltools.gnu-tools-for-stm32.12.3.rel1.win32_1.1.0.202410251130/tools/bin/../lib/gcc/arm-none-eabi/12.3.1/../../../../arm-none-eabi/lib/thumb/v6-m/nofp\libc.a(libc_a-strlen.o)
                0x0800011c                strlen
 *fill*         0x0800012a        0x2 
 .text          0x0800012c       0x14 C:/ST/STM32CubeIDE_1.17.0/STM32CubeIDE/plugins/com.st.stm32cube.ide.mcu.externaltools.gnu-tools-for-stm32.12.3.rel1.win32_1.1.0.202410251130/tools/bin/../lib/gcc/arm-none-eabi/12.3.1/thumb/v6-m/nofp\libgcc.a(_thumb1_case_uqi.o)
                0x0800012c                __gnu_thumb1_case_uqi
 .text          0x08000140       0x14 C:/ST/STM32CubeIDE_1.17.0/STM32CubeIDE/plugins/com.st.stm32cube.ide.mcu.externaltools.gnu-tools-for-stm32.12.3.rel1.win32_1.1.0.202410251130/tools/bin/../lib/gcc/arm-none-eabi/12.3.1/thumb/v6-m/nofp\libgcc.a(_thumb1_case_uhi.o)
                0x08000140                __gnu_thumb1_case_uhi
 .text          0x08000154      0x114 C:/ST/STM32CubeIDE_1.17.0/STM32CubeIDE/plugins/com.st.stm32cube.ide.mcu.externaltools.gnu-tools-for-stm32.12.3.rel1.win32_1.1.0.202410251130/tools/bin/../lib/gcc/arm-none-eabi/12.3.1/thumb/v6-m/nofp\libgcc.a(_udivsi3.o)
                0x08000154                __aeabi_uidiv
                0x08000154                __udivsi3
                0x08000260                __aeabi_uidivmod
 .text          0x08000268      0x1d4 C:/ST/STM32CubeIDE_1.17.0/STM32CubeIDE/plugins/com.st.stm32cube.ide.mcu.externaltools.gnu-tools-for-stm32.12.3.rel1.win32_1.1.0.202410251130/tools/bin/../lib/gcc/arm-none-eabi/12.3.1/thumb/v6-m/nofp\libgcc.a(_divsi3.o)
                0x08000268                __divsi3
                0x08000268                __aeabi_idiv
                0x08000434                __aeabi_idivmod
 .text          0x0800043c        0x4 C:/ST/STM32CubeIDE_1.17.0/STM32CubeIDE/plugins/com.st.stm32cube.ide.mcu.externaltools.gnu-tools-for-stm32.12.3.rel1.win32_1.1.0.202410251130/tools/bin/../lib/gcc/arm-none-eabi/12.3.1/thumb/v6-m/nofp\libgcc.a(_dvmd_tls.o)
                0x0800043c                __aeabi_idiv0
                0x0800043c                __aeabi_ldiv0
 .text          0x08000440       0x7c C:/ST/STM32CubeIDE_1.17.0/STM32CubeIDE/plugins/com.st.stm32cube.ide.mcu.externaltools.gnu-tools-for-stm32.12.3.rel1.win32_1.1.0.202410251130/tools/bin/../lib/gcc/arm-none-eabi/12.3.1/thumb/v6-m/nofp\libgcc.a(_arm_cmpdf2.o)
                0x08000440                __aeabi_cdrcmple
                0x08000450                __aeabi_cdcmple
                0x08000450                __aeabi_cdcmpeq
                0x08000460                __aeabi_dcmpeq
                0x0800046c                __aeabi_dcmplt
                0x08000480                __aeabi_dcmple
                0x08000494                __aeabi_dcmpgt
                0x080004a8                __aeabi_dcmpge
 .text          0x080004bc       0x74 C:/ST/STM32CubeIDE_1.17.0/STM32CubeIDE/plugins/com.st.stm32cube.ide.mcu.externaltools.gnu-tools-for-stm32.12.3.rel1.win32_1.1.0.202410251130/tools/bin/../lib/gcc/arm-none-eabi/12.3.1/thumb/v6-m/nofp\libgcc.a(_arm_cmpsf2.o)
                0x080004bc                __aeabi_cfrcmple
                0x080004c4                __aeabi_cfcmpeq
                0x080004c4                __aeabi_cfcmple
                0x080004d4                __aeabi_fcmpeq
                0x080004e0                __aeabi_fcmplt
                0x080004f4                __aeabi_fcmple
                0x08000508                __aeabi_fcmpgt
                0x0800051c                __aeabi_fcmpge
 .text          0x08000530       0x40 C:/ST/STM32CubeIDE_1.17.0/STM32CubeIDE/plugins/com.st.stm32cube.ide.mcu.externaltools.gnu-tools-for-stm32.12.3.rel1.win32_1.1.0.202410251130/tools/bin/../lib/gcc/arm-none-eabi/12.3.1/thumb/v6-m/nofp\libgcc.a(_aeabi_uldivmod.o)
                0x08000530                __aeabi_uldivmod
 .text          0x08000570       0x5c C:/ST/STM32CubeIDE_1.17.0/STM32CubeIDE/plugins/com.st.stm32cube.ide.mcu.externaltools.gnu-tools-for-stm32.12.3.rel1.win32_1.1.0.202410251130/tools/bin/../lib/gcc/arm-none-eabi/12.3.1/thumb/v6-m/nofp\libgcc.a(_muldi3.o)
                0x08000570                __muldi3
                0x08000570                __aeabi_lmul
 .text          0x080005cc       0x30 C:/ST/STM32CubeIDE_1.17.0/STM32CubeIDE/plugins/com.st.stm32cube.ide.mcu.externaltools.gnu-tools-for-stm32.12.3.rel1.win32_1.1.0.202410251130/tools/bin/../lib/gcc/arm-none-eabi/12.3.1/thumb/v6-m/nofp\libgcc.a(_fixunssfsi.o)
                0x080005cc                __fixunssfsi
                0x080005cc                __aeabi_f2uiz
 .text          0x080005fc       0x3c C:/ST/STM32CubeIDE_1.17.0/STM32CubeIDE/plugins/com.st.stm32cube.ide.mcu.externaltools.gnu-tools-for-stm32.12.3.rel1.win32_1.1.0.202410251130/tools/bin/../lib/gcc/arm-none-eabi/12.3.1/thumb/v6-m/nofp\libgcc.a(_fixunsdfsi.o)
                0x080005fc                __aeabi_d2uiz
                0x080005fc                __fixunsdfsi
 .text          0x08000638       0x38 C:/ST/STM32CubeIDE_1.17.0/STM32CubeIDE/plugins/com.st.stm32cube.ide.mcu.externaltools.gnu-tools-for-stm32.12.3.rel1.win32_1.1.0.202410251130/tools/bin/../lib/gcc/arm-none-eabi/12.3.1/thumb/v6-m/nofp\libgcc.a(_fixdfdi.o)
                0x08000638                __fixdfdi
                0x08000638                __aeabi_d2lz
 .text          0x08000670       0x3c C:/ST/STM32CubeIDE_1.17.0/STM32CubeIDE/plugins/com.st.stm32cube.ide.mcu.externaltools.gnu-tools-for-stm32.12.3.rel1.win32_1.1.0.202410251130/tools/bin/../lib/gcc/arm-none-eabi/12.3.1/thumb/v6-m/nofp\libgcc.a(_fixunsdfdi.o)
                0x08000670                __fixunsdfdi
                0x08000670                __aeabi_d2ulz
 .text          0x080006ac       0x2c C:/ST/STM32CubeIDE_1.17.0/STM32CubeIDE/plugins/com.st.stm32cube.ide.mcu.externaltools.gnu-tools-for-stm32.12.3.rel1.win32_1.1.0.202410251130/tools/bin/../lib/gcc/arm-none-eabi/12.3.1/thumb/v6-m/nofp\libgcc.a(_floatdidf.o)
                0x080006ac                __aeabi_l2d
                0x080006ac                __floatdidf
 .text          0x080006d8      0x198 C:/ST/STM32CubeIDE_1.17.0/STM32CubeIDE/plugins/com.st.stm32cube.ide.mcu.externaltools.gnu-tools-for-stm32.12.3.rel1.win32_1.1.0.202410251130/tools/bin/../lib/gcc/arm-none-eabi/12.3.1/thumb/v6-m/nofp\libgcc.a(_udivmoddi4.o)
                0x080006d8                __udivmoddi4
 .text          0x08000870      0x314 C:/ST/STM32CubeIDE_1.17.0/STM32CubeIDE/plugins/com.st.stm32cube.ide.mcu.externaltools.gnu-tools-for-stm32.12.3.rel1.win32_1.1.0.202410251130/tools/bin/../lib/gcc/arm-none-eabi/12.3.1/thumb/v6-m/nofp\libgcc.a(addsf3.o)
                0x08000870                __aeabi_fadd
 .text          0x08000b84      0x240 C:/ST/STM32CubeIDE_1.17.0/STM32CubeIDE/plugins/com.st.stm32cube.ide.mcu.externaltools.gnu-tools-for-stm32.12.3.rel1.win32_1.1.0.202410251130/tools/bin/../lib/gcc/arm-none-eabi/12.3.1/thumb/v6-m/nofp\libgcc.a(divsf3.o)
                0x08000b84                __aeabi_fdiv
 .text          0x08000dc4       0x50 C:/ST/STM32CubeIDE_1.17.0/STM32CubeIDE/plugins/com.st.stm32cube.ide.mcu.externaltools.gnu-tools-for-stm32.12.3.rel1.win32_1.1.0.202410251130/tools/bin/../lib/gcc/arm-none-eabi/12.3.1/thumb/v6-m/nofp\libgcc.a(eqsf2.o)
                0x08000dc4                __eqsf2
                0x08000dc4                __nesf2
 .text          0x08000e14       0xa0 C:/ST/STM32CubeIDE_1.17.0/STM32CubeIDE/plugins/com.st.stm32cube.ide.mcu.externaltools.gnu-tools-for-stm32.12.3.rel1.win32_1.1.0.202410251130/tools/bin/../lib/gcc/arm-none-eabi/12.3.1/thumb/v6-m/nofp\libgcc.a(gesf2.o)
                0x08000e14                __gesf2
                0x08000e14                __gtsf2
 .text          0x08000eb4       0x9c C:/ST/STM32CubeIDE_1.17.0/STM32CubeIDE/plugins/com.st.stm32cube.ide.mcu.externaltools.gnu-tools-for-stm32.12.3.rel1.win32_1.1.0.202410251130/tools/bin/../lib/gcc/arm-none-eabi/12.3.1/thumb/v6-m/nofp\libgcc.a(lesf2.o)
                0x08000eb4                __ltsf2
                0x08000eb4                __lesf2
 .text          0x08000f50      0x27c C:/ST/STM32CubeIDE_1.17.0/STM32CubeIDE/plugins/com.st.stm32cube.ide.mcu.externaltools.gnu-tools-for-stm32.12.3.rel1.win32_1.1.0.202410251130/tools/bin/../lib/gcc/arm-none-eabi/12.3.1/thumb/v6-m/nofp\libgcc.a(mulsf3.o)
                0x08000f50                __aeabi_fmul
 .text          0x080011cc      0x348 C:/ST/STM32CubeIDE_1.17.0/STM32CubeIDE/plugins/com.st.stm32cube.ide.mcu.externaltools.gnu-tools-for-stm32.12.3.rel1.win32_1.1.0.202410251130/tools/bin/../lib/gcc/arm-none-eabi/12.3.1/thumb/v6-m/nofp\libgcc.a(subsf3.o)
                0x080011cc                __aeabi_fsub
 .text          0x08001514       0x40 C:/ST/STM32CubeIDE_1.17.0/STM32CubeIDE/plugins/com.st.stm32cube.ide.mcu.externaltools.gnu-tools-for-stm32.12.3.rel1.win32_1.1.0.202410251130/tools/bin/../lib/gcc/arm-none-eabi/12.3.1/thumb/v6-m/nofp\libgcc.a(fixsfsi.o)
                0x08001514                __aeabi_f2iz
 .text          0x08001554       0x98 C:/ST/STM32CubeIDE_1.17.0/STM32CubeIDE/plugins/com.st.stm32cube.ide.mcu.externaltools.gnu-tools-for-stm32.12.3.rel1.win32_1.1.0.202410251130/tools/bin/../lib/gcc/arm-none-eabi/12.3.1/thumb/v6-m/nofp\libgcc.a(floatsisf.o)
                0x08001554                __aeabi_i2f
 .text          0x080015ec       0x84 C:/ST/STM32CubeIDE_1.17.0/STM32CubeIDE/plugins/com.st.stm32cube.ide.mcu.externaltools.gnu-tools-for-stm32.12.3.rel1.win32_1.1.0.202410251130/tools/bin/../lib/gcc/arm-none-eabi/12.3.1/thumb/v6-m/nofp\libgcc.a(floatunsisf.o)
                0x080015ec                __aeabi_ui2f
 .text          0x08001670      0x6c8 C:/ST/STM32CubeIDE_1.17.0/STM32CubeIDE/plugins/com.st.stm32cube.ide.mcu.externaltools.gnu-tools-for-stm32.12.3.rel1.win32_1.1.0.202410251130/tools/bin/../lib/gcc/arm-none-eabi/12.3.1/thumb/v6-m/nofp\libgcc.a(adddf3.o)
                0x08001670                __aeabi_dadd
 .text          0x08001d38      0x634 C:/ST/STM32CubeIDE_1.17.0/STM32CubeIDE/plugins/com.st.stm32cube.ide.mcu.externaltools.gnu-tools-for-stm32.12.3.rel1.win32_1.1.0.202410251130/tools/bin/../lib/gcc/arm-none-eabi/12.3.1/thumb/v6-m/nofp\libgcc.a(divdf3.o)
                0x08001d38                __aeabi_ddiv
 .text          0x0800236c       0x88 C:/ST/STM32CubeIDE_1.17.0/STM32CubeIDE/plugins/com.st.stm32cube.ide.mcu.externaltools.gnu-tools-for-stm32.12.3.rel1.win32_1.1.0.202410251130/tools/bin/../lib/gcc/arm-none-eabi/12.3.1/thumb/v6-m/nofp\libgcc.a(eqdf2.o)
                0x0800236c                __nedf2
                0x0800236c                __eqdf2
 .text          0x080023f4       0xe8 C:/ST/STM32CubeIDE_1.17.0/STM32CubeIDE/plugins/com.st.stm32cube.ide.mcu.externaltools.gnu-tools-for-stm32.12.3.rel1.win32_1.1.0.202410251130/tools/bin/../lib/gcc/arm-none-eabi/12.3.1/thumb/v6-m/nofp\libgcc.a(gedf2.o)
                0x080023f4                __gedf2
                0x080023f4                __gtdf2
 .text          0x080024dc       0xe4 C:/ST/STM32CubeIDE_1.17.0/STM32CubeIDE/plugins/com.st.stm32cube.ide.mcu.externaltools.gnu-tools-for-stm32.12.3.rel1.win32_1.1.0.202410251130/tools/bin/../lib/gcc/arm-none-eabi/12.3.1/thumb/v6-m/nofp\libgcc.a(ledf2.o)
                0x080024dc                __ledf2
                0x080024dc                __ltdf2
 .text          0x080025c0      0x590 C:/ST/STM32CubeIDE_1.17.0/STM32CubeIDE/plugins/com.st.stm32cube.ide.mcu.externaltools.gnu-tools-for-stm32.12.3.rel1.win32_1.1.0.202410251130/tools/bin/../lib/gcc/arm-none-eabi/12.3.1/thumb/v6-m/nofp\libgcc.a(muldf3.o)
                0x080025c0                __aeabi_dmul
 .text          0x08002b50      0x738 C:/ST/STM32CubeIDE_1.17.0/STM32CubeIDE/plugins/com.st.stm32cube.ide.mcu.externaltools.gnu-tools-for-stm32.12.3.rel1.win32_1.1.0.202410251130/tools/bin/../lib/gcc/arm-none-eabi/12.3.1/thumb/v6-m/nofp\libgcc.a(subdf3.o)
                0x08002b50                __aeabi_dsub
 .text          0x08003288       0x44 C:/ST/STM32CubeIDE_1.17.0/STM32CubeIDE/plugins/com.st.stm32cube.ide.mcu.externaltools.gnu-tools-for-stm32.12.3.rel1.win32_1.1.0.202410251130/tools/bin/../lib/gcc/arm-none-eabi/12.3.1/thumb/v6-m/nofp\libgcc.a(unorddf2.o)
                0x08003288                __aeabi_dcmpun
 .text          0x080032cc       0x78 C:/ST/STM32CubeIDE_1.17.0/STM32CubeIDE/plugins/com.st.stm32cube.ide.mcu.externaltools.gnu-tools-for-stm32.12.3.rel1.win32_1.1.0.202410251130/tools/bin/../lib/gcc/arm-none-eabi/12.3.1/thumb/v6-m/nofp\libgcc.a(fixdfsi.o)
                0x080032cc                __aeabi_d2iz
 .text          0x08003344       0x5c C:/ST/STM32CubeIDE_1.17.0/STM32CubeIDE/plugins/com.st.stm32cube.ide.mcu.externaltools.gnu-tools-for-stm32.12.3.rel1.win32_1.1.0.202410251130/tools/bin/../lib/gcc/arm-none-eabi/12.3.1/thumb/v6-m/nofp\libgcc.a(floatsidf.o)
                0x08003344                __aeabi_i2d
 .text          0x080033a0       0x48 C:/ST/STM32CubeIDE_1.17.0/STM32CubeIDE/plugins/com.st.stm32cube.ide.mcu.externaltools.gnu-tools-for-stm32.12.3.rel1.win32_1.1.0.202410251130/tools/bin/../lib/gcc/arm-none-eabi/12.3.1/thumb/v6-m/nofp\libgcc.a(floatunsidf.o)
                0x080033a0                __aeabi_ui2d
 .text          0x080033e8       0x90 C:/ST/STM32CubeIDE_1.17.0/STM32CubeIDE/plugins/com.st.stm32cube.ide.mcu.externaltools.gnu-tools-for-stm32.12.3.rel1.win32_1.1.0.202410251130/tools/bin/../lib/gcc/arm-none-eabi/12.3.1/thumb/v6-m/nofp\libgcc.a(extendsfdf2.o)
                0x080033e8                __aeabi_f2d
 .text          0x08003478      0x108 C:/ST/STM32CubeIDE_1.17.0/STM32CubeIDE/plugins/com.st.stm32cube.ide.mcu.externaltools.gnu-tools-for-stm32.12.3.rel1.win32_1.1.0.202410251130/tools/bin/../lib/gcc/arm-none-eabi/12.3.1/thumb/v6-m/nofp\libgcc.a(truncdfsf2.o)
                0x08003478                __aeabi_d2f
 .text          0x08003580       0x3c C:/ST/STM32CubeIDE_1.17.0/STM32CubeIDE/plugins/com.st.stm32cube.ide.mcu.externaltools.gnu-tools-for-stm32.12.3.rel1.win32_1.1.0.202410251130/tools/bin/../lib/gcc/arm-none-eabi/12.3.1/thumb/v6-m/nofp\libgcc.a(_clzsi2.o)
                0x08003580                __clzsi2
 .text          0x080035bc       0x18 C:/ST/STM32CubeIDE_1.17.0/STM32CubeIDE/plugins/com.st.stm32cube.ide.mcu.externaltools.gnu-tools-for-stm32.12.3.rel1.win32_1.1.0.202410251130/tools/bin/../lib/gcc/arm-none-eabi/12.3.1/thumb/v6-m/nofp\libgcc.a(_clzdi2.o)
                0x080035bc                __clzdi2
 *(.text*)
 .text.__NVIC_SystemReset
                0x080035d4       0x24 BOS\BOS.o
 .text.LoadEEvars
                0x080035f8       0x26 BOS\BOS.o
                0x080035f8                LoadEEvars
 *fill*         0x0800361e        0x2 
 .text.LoadEEportsDir
                0x08003620       0x68 BOS\BOS.o
                0x08003620                LoadEEportsDir
 .text.LoadEEalias
                0x08003688       0xd8 BOS\BOS.o
                0x08003688                LoadEEalias
 .text.LoadEEgroup
                0x08003760      0x120 BOS\BOS.o
                0x08003760                LoadEEgroup
 .text.LoadEEstreams
                0x08003880      0x228 BOS\BOS.o
                0x08003880                LoadEEstreams
 .text.LoadEEparams
                0x08003aa8      0x2e4 BOS\BOS.o
                0x08003aa8                LoadEEparams
 .text.LoadEEbuttons
                0x08003d8c      0x124 BOS\BOS.o
                0x08003d8c                LoadEEbuttons
 .text.LoadROsnippets
                0x08003eb0      0x1d8 BOS\BOS.o
                0x08003eb0                LoadROsnippets
 .text.SaveEEportsDir
                0x08004088       0x78 BOS\BOS.o
                0x08004088                SaveEEportsDir
 .text.SaveEEalias
                0x08004100       0xd0 BOS\BOS.o
                0x08004100                SaveEEalias
 .text.SaveEEstreams
                0x080041d0       0xdc BOS\BOS.o
                0x080041d0                SaveEEstreams
 .text.SaveEEparams
                0x080042ac       0xb4 BOS\BOS.o
                0x080042ac                SaveEEparams
 .text.ClearEEportsDir
                0x08004360       0x84 BOS\BOS.o
                0x08004360                ClearEEportsDir
 .text.IsLowerCLIbaud
                0x080043e4       0xe8 BOS\BOS.o
                0x080043e4                IsLowerCLIbaud
 .text.IsModuleParameter
                0x080044cc       0x64 BOS\BOS.o
                0x080044cc                IsModuleParameter
 .text.IsMathOperator
                0x08004530       0xc4 BOS\BOS.o
                0x08004530                IsMathOperator
 .text.BOS_Init
                0x080045f4      0x190 BOS\BOS.o
                0x080045f4                BOS_Init
 .text.Module_Init
                0x08004784       0x1e BOS\BOS.o
                0x08004784                Module_Init
 *fill*         0x080047a2        0x2 
 .text.FindBroadcastRoutes
                0x080047a4      0x39c BOS\BOS.o
                0x080047a4                FindBroadcastRoutes
 .text.FindRoute
                0x08004b40      0x2b4 BOS\BOS.o
                0x08004b40                FindRoute
 .text.minArr   0x08004df4       0x88 BOS\BOS.o
                0x08004df4                minArr
 .text.QnotEmpty
                0x08004e7c       0x50 BOS\BOS.o
                0x08004e7c                QnotEmpty
 .text.DisplayTopology
                0x08004ecc      0x250 BOS\BOS.o
                0x08004ecc                DisplayTopology
 .text.DisplayPortsDir
                0x0800511c      0x118 BOS\BOS.o
                0x0800511c                DisplayPortsDir
 .text.DisplayModuleStatus
                0x08005234      0x3b4 BOS\BOS.o
                0x08005234                DisplayModuleStatus
 .text.GetID    0x080055e8      0x15c BOS\BOS.o
                0x080055e8                GetID
 .text.NameModule
                0x08005744      0x140 BOS\BOS.o
                0x08005744                NameModule
 .text.AddModuleToGroup
                0x08005884      0x1b8 BOS\BOS.o
                0x08005884                AddModuleToGroup
 .text.WriteToRemote
                0x08005a3c      0x418 BOS\BOS.o
                0x08005a3c                WriteToRemote
 .text.GetDateString
                0x08005e54       0x5c BOS\BOS.o
                0x08005e54                GetDateString
 .text.Bridge   0x08005eb0       0x4c BOS\BOS.o
                0x08005eb0                Bridge
 .text.Unbridge
                0x08005efc       0xbc BOS\BOS.o
                0x08005efc                Unbridge
 .text.prvCLITask
                0x08005fb8      0x254 BOS\BOS_CLI.o
                0x08005fb8                prvCLITask
 .text.CLI_CommandParser
                0x0800620c      0x57c BOS\BOS_CLI.o
                0x0800620c                CLI_CommandParser
 .text.StringToLowerCase
                0x08006788       0x6c BOS\BOS_CLI.o
                0x08006788                StringToLowerCase
 .text.AddSnippet
                0x080067f4      0x118 BOS\BOS_CLI.o
                0x080067f4                AddSnippet
 .text.ParseSnippetCondition
                0x0800690c      0x298 BOS\BOS_CLI.o
                0x0800690c                ParseSnippetCondition
 .text.CheckSnippetCondition
                0x08006ba4      0x1cc BOS\BOS_CLI.o
                0x08006ba4                CheckSnippetCondition
 .text.ExecuteSnippet
                0x08006d70       0xdc BOS\BOS_CLI.o
                0x08006d70                ExecuteSnippet
 .text.ParseSnippetCommand
                0x08006e4c       0xe0 BOS\BOS_CLI.o
                0x08006e4c                ParseSnippetCommand
 .text.__NVIC_SystemReset
                0x08006f2c       0x24 BOS\BOS_CLIcommands.o
 .text.RegisterUserCLICommands
                0x08006f50        0xa BOS\BOS_CLIcommands.o
                0x08006f50                RegisterUserCLICommands
 *fill*         0x08006f5a        0x2 
 .text.vRegisterCLICommands
                0x08006f5c      0x190 BOS\BOS_CLIcommands.o
                0x08006f5c                vRegisterCLICommands
 .text.prvTaskStatsCommand
                0x080070ec       0x40 BOS\BOS_CLIcommands.o
 .text.prvRunTimeStatsCommand
                0x0800712c       0x40 BOS\BOS_CLIcommands.o
 .text.pingCommand
                0x0800716c       0x9c BOS\BOS_CLIcommands.o
 .text.bootloaderUpdateCommand
                0x08007208      0x200 BOS\BOS_CLIcommands.o
 .text.resetCommand
                0x08007408       0x10 BOS\BOS_CLIcommands.o
 .text.nameCommand
                0x08007418       0xe8 BOS\BOS_CLIcommands.o
 .text.groupCommand
                0x08007500      0x2fc BOS\BOS_CLIcommands.o
 .text.statusCommand
                0x080077fc       0x1c BOS\BOS_CLIcommands.o
 .text.infoCommand
                0x08007818       0xfc BOS\BOS_CLIcommands.o
 .text.addbuttonCommand
                0x08007914      0x150 BOS\BOS_CLIcommands.o
 .text.removebuttonCommand
                0x08007a64       0x94 BOS\BOS_CLIcommands.o
 .text.setCommand
                0x08007af8      0xba8 BOS\BOS_CLIcommands.o
 .text.getCommand
                0x080086a0      0x39c BOS\BOS_CLIcommands.o
 .text.defaultCommand
                0x08008a3c       0xf4 BOS\BOS_CLIcommands.o
 .text.timeCommand
                0x08008b30       0xd8 BOS\BOS_CLIcommands.o
 .text.dateCommand
                0x08008c08       0x34 BOS\BOS_CLIcommands.o
 .text.setBaudrateCommand
                0x08008c3c       0xc0 BOS\BOS_CLIcommands.o
 .text.uuidCommand
                0x08008cfc       0x90 BOS\BOS_CLIcommands.o
 .text.idcodeCommand
                0x08008d8c       0x7c BOS\BOS_CLIcommands.o
 .text.flashsizeCommand
                0x08008e08       0x34 BOS\BOS_CLIcommands.o
 .text.snipCommand
                0x08008e3c      0x2dc BOS\BOS_CLIcommands.o
 .text.actSnipCommand
                0x08009118       0xb8 BOS\BOS_CLIcommands.o
 .text.pauseSnipCommand
                0x080091d0       0xb8 BOS\BOS_CLIcommands.o
 .text.delSnipCommand
                0x08009288      0x1d4 BOS\BOS_CLIcommands.o
 .text.bridgeCommand
                0x0800945c      0x11c BOS\BOS_CLIcommands.o
 .text.unbridgeCommand
                0x08009578      0x11c BOS\BOS_CLIcommands.o
 .text.testportCommand
                0x08009694      0x2d8 BOS\BOS_CLIcommands.o
 .text.ADCReadCommand
                0x0800996c      0x134 BOS\BOS_CLIcommands.o
 .text.ReadTempCommand
                0x08009aa0       0x54 BOS\BOS_CLIcommands.o
 .text.ReadVrefCommand
                0x08009af4       0x54 BOS\BOS_CLIcommands.o
 .text.GetReadPrecentageCommand
                0x08009b48       0x98 BOS\BOS_CLIcommands.o
 .text.StartDMAstream
                0x08009be0       0xb0 BOS\BOS_dma.o
                0x08009be0                StartDMAstream
 .text.DMA_IRQHandler
                0x08009c90      0x118 BOS\BOS_dma.o
                0x08009c90                DMA_IRQHandler
 .text.ResetUartORE
                0x08009da8       0x54 BOS\BOS_dma.o
                0x08009da8                ResetUartORE
 .text.MX_FREERTOS_Init
                0x08009dfc      0x260 BOS\BOS_freertos.o
                0x08009dfc                MX_FREERTOS_Init
 .text.StartDefaultTask
                0x0800a05c      0x108 BOS\BOS_freertos.o
                0x0800a05c                StartDefaultTask
 .text.vMainConfigureTimerForRunTimeStats
                0x0800a164       0x2c BOS\BOS_freertos.o
                0x0800a164                vMainConfigureTimerForRunTimeStats
 .text.ulMainGetRunTimeCounterValue
                0x0800a190       0x9c BOS\BOS_freertos.o
                0x0800a190                ulMainGetRunTimeCounterValue
 .text.SetupDMAStreams
                0x0800a22c      0x3c8 BOS\BOS_messaging.o
                0x0800a22c                SetupDMAStreams
 .text.StreamTimerCallback
                0x0800a5f4       0xa4 BOS\BOS_messaging.o
                0x0800a5f4                StreamTimerCallback
 .text.ForwardReceivedMessage
                0x0800a698       0x84 BOS\BOS_messaging.o
                0x0800a698                ForwardReceivedMessage
 .text.BroadcastReceivedMessage
                0x0800a71c       0x70 BOS\BOS_messaging.o
                0x0800a71c                BroadcastReceivedMessage
 .text.NotifyMessagingTask
                0x0800a78c       0xa4 BOS\BOS_messaging.o
                0x0800a78c                NotifyMessagingTask
 .text.BroadcastMessage
                0x0800a830       0x94 BOS\BOS_messaging.o
                0x0800a830                BroadcastMessage
 .text.SendMessageToModule
                0x0800a8c4       0xa0 BOS\BOS_messaging.o
                0x0800a8c4                SendMessageToModule
 .text.SendLargeMessageToModule
                0x0800a964      0x104 BOS\BOS_messaging.o
                0x0800a964                SendLargeMessageToModule
 .text.SendMessageFromPort
                0x0800aa68      0x4e0 BOS\BOS_messaging.o
                0x0800aa68                SendMessageFromPort
 .text.StartScastDMAStream
                0x0800af48      0x314 BOS\BOS_messaging.o
                0x0800af48                StartScastDMAStream
 .text.__NVIC_SystemReset
                0x0800b25c       0x24 BOS\BOS_msgparser.o
 .text.BackEndTask
                0x0800b280      0xbb8 BOS\BOS_msgparser.o
                0x0800b280                BackEndTask
 .text.PxMessagingTask
                0x0800be38     0x4730 BOS\BOS_msgparser.o
                0x0800be38                PxMessagingTask
 .text.User_MessagingParser
                0x08010568       0x3a BOS\BOS_msgparser.o
                0x08010568                User_MessagingParser
 *fill*         0x080105a2        0x2 
 .text.DigiLedInit
                0x080105a4       0x88 H16R6\APA102_LedMatrix.o
                0x080105a4                DigiLedInit
 .text.DigiLedSwitchColors
                0x0801062c       0xa0 H16R6\APA102_LedMatrix.o
                0x0801062c                DigiLedSwitchColors
 .text.DigiLedSetRGB
                0x080106cc       0xe4 H16R6\APA102_LedMatrix.o
                0x080106cc                DigiLedSetRGB
 .text.DigiLedSetAllRGB
                0x080107b0       0x5e H16R6\APA102_LedMatrix.o
                0x080107b0                DigiLedSetAllRGB
 *fill*         0x0801080e        0x2 
 .text.DigiLedSetColor
                0x08010810       0xf0 H16R6\APA102_LedMatrix.o
                0x08010810                DigiLedSetColor
 .text.DigiLedSetAllColor
                0x08010900       0x40 H16R6\APA102_LedMatrix.o
                0x08010900                DigiLedSetAllColor
 .text.DigiLedSetLedOff
                0x08010940       0x54 H16R6\APA102_LedMatrix.o
                0x08010940                DigiLedSetLedOff
 .text.DigiLedSetAllLedOff
                0x08010994       0x2c H16R6\APA102_LedMatrix.o
                0x08010994                DigiLedSetAllLedOff
 .text.DigiLedSetLedOn
                0x080109c0       0x7c H16R6\APA102_LedMatrix.o
                0x080109c0                DigiLedSetLedOn
 .text.DigiLedSetAllLedOn
                0x08010a3c       0x38 H16R6\APA102_LedMatrix.o
                0x08010a3c                DigiLedSetAllLedOn
 .text.DigiLedUpdate
                0x08010a74       0xe8 H16R6\APA102_LedMatrix.o
                0x08010a74                DigiLedUpdate
 .text.DigiLedTestPosition
                0x08010b5c       0x30 H16R6\APA102_LedMatrix.o
                0x08010b5c                DigiLedTestPosition
 .text.DigiLedScrollMode
                0x08010b8c       0xb8 H16R6\APA102_LedMatrix.o
                0x08010b8c                DigiLedScrollMode
 .text.DigiLedFlashMode
                0x08010c44       0x98 H16R6\APA102_LedMatrix.o
                0x08010c44                DigiLedFlashMode
 .text.DigiLedRGBColorPickerMode
                0x08010cdc       0x5c H16R6\APA102_LedMatrix.o
                0x08010cdc                DigiLedRGBColorPickerMode
 .text.SystemClock_Config
                0x08010d38       0xb4 H16R6\H16R6.o
                0x08010d38                SystemClock_Config
 .text.EnableStopModebyUARTx
                0x08010dec       0xb8 H16R6\H16R6.o
                0x08010dec                EnableStopModebyUARTx
 .text.EnableStandbyModebyWakeupPinx
                0x08010ea4       0x64 H16R6\H16R6.o
                0x08010ea4                EnableStandbyModebyWakeupPinx
 .text.DisableStandbyModeWakeupPinx
                0x08010f08       0x9c H16R6\H16R6.o
                0x08010f08                DisableStandbyModeWakeupPinx
 .text.SaveTopologyToRO
                0x08010fa4      0x1bc H16R6\H16R6.o
                0x08010fa4                SaveTopologyToRO
 .text.SaveSnippetsToRO
                0x08011160      0x1f8 H16R6\H16R6.o
                0x08011160                SaveSnippetsToRO
 .text.RemoteBootloaderUpdate
                0x08011358      0x178 H16R6\H16R6.o
                0x08011358                RemoteBootloaderUpdate
 .text.SetupPortForRemoteBootloaderUpdate
                0x080114d0       0x52 H16R6\H16R6.o
                0x080114d0                SetupPortForRemoteBootloaderUpdate
 *fill*         0x08011522        0x2 
 .text.Module_Peripheral_Init
                0x08011524      0x134 H16R6\H16R6.o
                0x08011524                Module_Peripheral_Init
 .text.Module_MessagingTask
                0x08011658      0x95c H16R6\H16R6.o
                0x08011658                Module_MessagingTask
 .text.GetPort  0x08011fb4       0x80 H16R6\H16R6.o
                0x08011fb4                GetPort
 .text.RegisterModuleCLICommands
                0x08012034       0x9c H16R6\H16R6.o
                0x08012034                RegisterModuleCLICommands
 .text.GetModuleParameter
                0x080120d0       0x2a H16R6\H16R6.o
                0x080120d0                GetModuleParameter
 *fill*         0x080120fa        0x2 
 .text.RandomArray
                0x080120fc       0xd0 H16R6\H16R6.o
                0x080120fc                RandomArray
 .text.LEDMatrixSetRGB
                0x080121cc       0xe0 H16R6\H16R6.o
                0x080121cc                LEDMatrixSetRGB
 .text.LEDMatrixSetAllRGB
                0x080122ac       0xa4 H16R6\H16R6.o
                0x080122ac                LEDMatrixSetAllRGB
 .text.LEDMatrixSetColor
                0x08012350       0x80 H16R6\H16R6.o
                0x08012350                LEDMatrixSetColor
 .text.LEDMatrixSetAllColor
                0x080123d0       0x52 H16R6\H16R6.o
                0x080123d0                LEDMatrixSetAllColor
 *fill*         0x08012422        0x2 
 .text.LEDMatrixSetLedOff
                0x08012424       0x94 H16R6\H16R6.o
                0x08012424                LEDMatrixSetLedOff
 .text.LEDMatrixSetAllLedOff
                0x080124b8       0x54 H16R6\H16R6.o
                0x080124b8                LEDMatrixSetAllLedOff
 .text.LEDMatrixSetLedOn
                0x0801250c       0x72 H16R6\H16R6.o
                0x0801250c                LEDMatrixSetLedOn
 .text.LEDMatrixSetAllLedOn
                0x0801257e       0x46 H16R6\H16R6.o
                0x0801257e                LEDMatrixSetAllLedOn
 .text.LEDMatrixScrollMode
                0x080125c4       0x50 H16R6\H16R6.o
                0x080125c4                LEDMatrixScrollMode
 .text.LEDMatrixFlashMode
                0x08012614       0x58 H16R6\H16R6.o
                0x08012614                LEDMatrixFlashMode
 .text.LEDMatrixRGBColorPickerMode
                0x0801266c       0x44 H16R6\H16R6.o
                0x0801266c                LEDMatrixRGBColorPickerMode
 .text.LEDMatrixSetColorSomeLed
                0x080126b0       0xac H16R6\H16R6.o
                0x080126b0                LEDMatrixSetColorSomeLed
 .text.LEDMatrixMotionMode
                0x0801275c       0xbc H16R6\H16R6.o
                0x0801275c                LEDMatrixMotionMode
 .text.LEDMatrixCrossFadeMode
                0x08012818      0x138 H16R6\H16R6.o
                0x08012818                LEDMatrixCrossFadeMode
 .text.LEDMatrixCrossFadeModeLEDRGB
                0x08012950      0x238 H16R6\H16R6.o
                0x08012950                LEDMatrixCrossFadeModeLEDRGB
 .text.LEDMatrixCrossFadeModeALLLEDRGB
                0x08012b88      0x25c H16R6\H16R6.o
                0x08012b88                LEDMatrixCrossFadeModeALLLEDRGB
 .text.LEDMatrixSprinkleMode
                0x08012de4      0x3ac H16R6\H16R6.o
                0x08012de4                LEDMatrixSprinkleMode
 .text.CLI_SetRGBCommand
                0x08013190      0x1d0 H16R6\H16R6.o
                0x08013190                CLI_SetRGBCommand
 .text.CLI_SetAllRGBCommand
                0x08013360      0x168 H16R6\H16R6.o
                0x08013360                CLI_SetAllRGBCommand
 .text.CLI_SetColorCommand
                0x080134c8      0x2f0 H16R6\H16R6.o
                0x080134c8                CLI_SetColorCommand
 .text.CLI_SetAllColorCommand
                0x080137b8      0x290 H16R6\H16R6.o
                0x080137b8                CLI_SetAllColorCommand
 .text.CLI_SetLedOffCommand
                0x08013a48       0xa0 H16R6\H16R6.o
                0x08013a48                CLI_SetLedOffCommand
 .text.CLI_SetAllLedOffCommand
                0x08013ae8       0x44 H16R6\H16R6.o
                0x08013ae8                CLI_SetAllLedOffCommand
 .text.CLI_SetLedOnCommand
                0x08013b2c       0xfc H16R6\H16R6.o
                0x08013b2c                CLI_SetLedOnCommand
 .text.CLI_SetAllLedOnCommand
                0x08013c28       0xa0 H16R6\H16R6.o
                0x08013c28                CLI_SetAllLedOnCommand
 .text.CLI_ScrollModeCommand
                0x08013cc8      0x488 H16R6\H16R6.o
                0x08013cc8                CLI_ScrollModeCommand
 .text.CLI_FlashModeCommand
                0x08014150      0x4c4 H16R6\H16R6.o
                0x08014150                CLI_FlashModeCommand
 .text.CLI_SetColorSomeLedCommand
                0x08014614      0x334 H16R6\H16R6.o
                0x08014614                CLI_SetColorSomeLedCommand
 .text.DMA_Init
                0x08014948       0x74 H16R6\H16R6_dma.o
                0x08014948                DMA_Init
 .text.SetupMessagingRxDMAs
                0x080149bc      0x11c H16R6\H16R6_dma.o
                0x080149bc                SetupMessagingRxDMAs
 .text.DMA_MSG_RX_Setup
                0x08014ad8       0x68 H16R6\H16R6_dma.o
                0x08014ad8                DMA_MSG_RX_Setup
 .text.DMA_STREAM_Setup
                0x08014b40       0xf0 H16R6\H16R6_dma.o
                0x08014b40                DMA_STREAM_Setup
 .text.StopDMA  0x08014c30       0x98 H16R6\H16R6_dma.o
                0x08014c30                StopDMA
 .text.SwitchMsgDMAToStream
                0x08014cc8       0x52 H16R6\H16R6_dma.o
                0x08014cc8                SwitchMsgDMAToStream
 *fill*         0x08014d1a        0x2 
 .text.SwitchStreamDMAToMsg
                0x08014d1c       0xc8 H16R6\H16R6_dma.o
                0x08014d1c                SwitchStreamDMAToMsg
 .text.CRC_Init
                0x08014de4       0x44 H16R6\H16R6_dma.o
                0x08014de4                CRC_Init
 .text.HAL_CRC_MspInit
                0x08014e28       0x30 H16R6\H16R6_dma.o
                0x08014e28                HAL_CRC_MspInit
 .text.CalculateCRC8
                0x08014e58      0x154 H16R6\H16R6_dma.o
                0x08014e58                CalculateCRC8
 .text.__NVIC_SystemReset
                0x08014fac       0x24 H16R6\H16R6_eeprom.o
 .text.EE_Init  0x08014fd0       0x56 H16R6\H16R6_eeprom.o
                0x08014fd0                EE_Init
 .text.EE_ReadVariable
                0x08015026       0x42 H16R6\H16R6_eeprom.o
                0x08015026                EE_ReadVariable
 .text.EE_WriteVariable
                0x08015068       0x72 H16R6\H16R6_eeprom.o
                0x08015068                EE_WriteVariable
 .text.EE_Format
                0x080150da       0x3a H16R6\H16R6_eeprom.o
                0x080150da                EE_Format
 .text.EE_FormatForFactoryReset
                0x08015114       0x2c H16R6\H16R6_eeprom.o
                0x08015114                EE_FormatForFactoryReset
 .text.GPIO_Init
                0x08015140       0x90 H16R6\H16R6_gpio.o
                0x08015140                GPIO_Init
 .text.IND_LED_Init
                0x080151d0       0x38 H16R6\H16R6_gpio.o
                0x080151d0                IND_LED_Init
 .text.IsFactoryReset
                0x08015208      0x15c H16R6\H16R6_gpio.o
                0x08015208                IsFactoryReset
 .text.GetPortGPIOs
                0x08015364      0x13c H16R6\H16R6_gpio.o
                0x08015364                GetPortGPIOs
 .text.MX_ADC_Init
                0x080154a0       0x88 H16R6\H16R6_inputs.o
                0x080154a0                MX_ADC_Init
 .text.HAL_ADC_MspInit
                0x08015528       0xc4 H16R6\H16R6_inputs.o
                0x08015528                HAL_ADC_MspInit
 .text.Error_Handler
                0x080155ec       0x10 H16R6\H16R6_inputs.o
                0x080155ec                Error_Handler
 .text.GetChannel
                0x080155fc       0xac H16R6\H16R6_inputs.o
                0x080155fc                GetChannel
 .text.GetRank  0x080156a8       0xa4 H16R6\H16R6_inputs.o
                0x080156a8                GetRank
 .text.CheckAttachedButtons
                0x0801574c      0x580 H16R6\H16R6_inputs.o
                0x0801574c                CheckAttachedButtons
 .text.AddPortButton
                0x08015ccc      0x268 H16R6\H16R6_inputs.o
                0x08015ccc                AddPortButton
 .text.RemovePortButton
                0x08015f34      0x19c H16R6\H16R6_inputs.o
                0x08015f34                RemovePortButton
 .text.SetButtonEvents
                0x080160d0      0x174 H16R6\H16R6_inputs.o
                0x080160d0                SetButtonEvents
 .text.ADCSelectChannel
                0x08016244       0xac H16R6\H16R6_inputs.o
                0x08016244                ADCSelectChannel
 .text.ReadADCChannel
                0x080162f0      0x10c H16R6\H16R6_inputs.o
                0x080162f0                ReadADCChannel
 .text.ReadTempAndVref
                0x080163fc      0x1f0 H16R6\H16R6_inputs.o
                0x080163fc                ReadTempAndVref
 .text.GetReadPrecentage
                0x080165ec      0x220 H16R6\H16R6_inputs.o
                0x080165ec                GetReadPrecentage
 .text.buttonReleasedCallback
                0x0801680c       0x14 H16R6\H16R6_inputs.o
                0x0801680c                buttonReleasedCallback
 .text.buttonClickedCallback
                0x08016820       0x14 H16R6\H16R6_inputs.o
                0x08016820                buttonClickedCallback
 .text.buttonDblClickedCallback
                0x08016834       0x14 H16R6\H16R6_inputs.o
                0x08016834                buttonDblClickedCallback
 .text.__NVIC_SystemReset
                0x08016848       0x24 H16R6\H16R6_it.o
 .text.SysTick_Handler
                0x0801686c       0x12 H16R6\H16R6_it.o
                0x0801686c                SysTick_Handler
 *fill*         0x0801687e        0x2 
 .text.HardFault_Handler
                0x08016880       0x40 H16R6\H16R6_it.o
                0x08016880                HardFault_Handler
 .text.HAL_UARTEx_RxEventCallback
                0x080168c0       0x74 H16R6\H16R6_it.o
                0x080168c0                HAL_UARTEx_RxEventCallback
 .text.USART1_IRQHandler
                0x08016934       0xac H16R6\H16R6_it.o
                0x08016934                USART1_IRQHandler
 .text.USART2_LPUART2_IRQHandler
                0x080169e0       0xac H16R6\H16R6_it.o
                0x080169e0                USART2_LPUART2_IRQHandler
 .text.USART3_4_5_6_LPUART1_IRQHandler
                0x08016a8c      0x258 H16R6\H16R6_it.o
                0x08016a8c                USART3_4_5_6_LPUART1_IRQHandler
 .text.DMA1_Channel1_IRQHandler
                0x08016ce4       0x20 H16R6\H16R6_it.o
                0x08016ce4                DMA1_Channel1_IRQHandler
 .text.DMA1_Channel2_3_IRQHandler
                0x08016d04       0x58 H16R6\H16R6_it.o
                0x08016d04                DMA1_Channel2_3_IRQHandler
 .text.DMA1_Ch4_7_DMA2_Ch1_5_DMAMUX1_OVR_IRQHandler
                0x08016d5c       0x84 H16R6\H16R6_it.o
                0x08016d5c                DMA1_Ch4_7_DMA2_Ch1_5_DMAMUX1_OVR_IRQHandler
 .text.HAL_UART_TxCpltCallback
                0x08016de0       0x38 H16R6\H16R6_it.o
                0x08016de0                HAL_UART_TxCpltCallback
 .text.HAL_UART_ErrorCallback
                0x08016e18       0xd4 H16R6\H16R6_it.o
                0x08016e18                HAL_UART_ErrorCallback
 .text.HAL_UART_RxCpltCallback
                0x08016eec       0x10 H16R6\H16R6_it.o
                0x08016eec                HAL_UART_RxCpltCallback
 .text.HAL_UARTEx_WakeupCallback
                0x08016efc       0x5c H16R6\H16R6_it.o
                0x08016efc                HAL_UARTEx_WakeupCallback
 .text.vApplicationStackOverflowHook
                0x08016f58       0x44 H16R6\H16R6_it.o
                0x08016f58                vApplicationStackOverflowHook
 .text.vApplicationMallocFailedHook
                0x08016f9c       0x40 H16R6\H16R6_it.o
                0x08016f9c                vApplicationMallocFailedHook
 .text.RTC_Init
                0x08016fdc       0xd8 H16R6\H16R6_rtc.o
                0x08016fdc                RTC_Init
 .text.RTC_CalendarConfig
                0x080170b4      0x18c H16R6\H16R6_rtc.o
                0x080170b4                RTC_CalendarConfig
 .text.BOS_CalendarConfig
                0x08017240      0x194 H16R6\H16R6_rtc.o
                0x08017240                BOS_CalendarConfig
 .text.GetTimeDate
                0x080173d4       0x90 H16R6\H16R6_rtc.o
                0x080173d4                GetTimeDate
 .text.HAL_RTC_MspInit
                0x08017464       0x74 H16R6\H16R6_rtc.o
                0x08017464                HAL_RTC_MspInit
 .text.HAL_RTC_MspDeInit
                0x080174d8       0x44 H16R6\H16R6_rtc.o
                0x080174d8                HAL_RTC_MspDeInit
 .text.MX_SPI1_Init
                0x0801751c       0x74 H16R6\H16R6_spi.o
                0x0801751c                MX_SPI1_Init
 .text.HAL_SPI_MspInit
                0x08017590       0x98 H16R6\H16R6_spi.o
                0x08017590                HAL_SPI_MspInit
 .text.SendSPI  0x08017628       0x5a H16R6\H16R6_spi.o
                0x08017628                SendSPI
 *fill*         0x08017682        0x2 
 .text.TIM_USEC_Init
                0x08017684       0x74 H16R6\H16R6_timers.o
                0x08017684                TIM_USEC_Init
 .text.TIM_MSEC_Init
                0x080176f8       0x78 H16R6\H16R6_timers.o
                0x080176f8                TIM_MSEC_Init
 .text.StartMicroDelay
                0x08017770       0x48 H16R6\H16R6_timers.o
                0x08017770                StartMicroDelay
 .text.StartMilliDelay
                0x080177b8       0x48 H16R6\H16R6_timers.o
                0x080177b8                StartMilliDelay
 .text.MX_USART1_UART_Init
                0x08017800       0x7c H16R6\H16R6_uart.o
                0x08017800                MX_USART1_UART_Init
 .text.MX_USART2_UART_Init
                0x0801787c       0x7c H16R6\H16R6_uart.o
                0x0801787c                MX_USART2_UART_Init
 .text.MX_USART3_UART_Init
                0x080178f8       0x7c H16R6\H16R6_uart.o
                0x080178f8                MX_USART3_UART_Init
 .text.MX_USART4_UART_Init
                0x08017974       0x74 H16R6\H16R6_uart.o
                0x08017974                MX_USART4_UART_Init
 .text.MX_USART5_UART_Init
                0x080179e8       0x60 H16R6\H16R6_uart.o
                0x080179e8                MX_USART5_UART_Init
 .text.MX_USART6_UART_Init
                0x08017a48       0x74 H16R6\H16R6_uart.o
                0x08017a48                MX_USART6_UART_Init
 .text.HAL_UART_MspInit
                0x08017abc      0x6c8 H16R6\H16R6_uart.o
                0x08017abc                HAL_UART_MspInit
 .text.writePxMutex
                0x08018184       0xac H16R6\H16R6_uart.o
                0x08018184                writePxMutex
 .text.writePxITMutex
                0x08018230       0x80 H16R6\H16R6_uart.o
                0x08018230                writePxITMutex
 .text.UpdateBaudrate
                0x080182b0       0x3e H16R6\H16R6_uart.o
                0x080182b0                UpdateBaudrate
 *fill*         0x080182ee        0x2 
 .text.GetUart  0x080182f0       0x5c H16R6\H16R6_uart.o
                0x080182f0                GetUart
 .text.SwapUartPins
                0x0801834c      0x118 H16R6\H16R6_uart.o
                0x0801834c                SwapUartPins
 .text.ReadPortsDir
                0x08018464       0xa8 H16R6\H16R6_uart.o
                0x08018464                ReadPortsDir
 .text.ReadPortsDirMSG
                0x0801850c       0x80 H16R6\H16R6_uart.o
                0x0801850c                ReadPortsDirMSG
 .text.Reset_Handler
                0x0801858c       0x90 H16R6\startup_stm32g0b1ceuxn.o
                0x0801858c                Reset_Handler
 .text.Default_Handler
                0x0801861c        0x2 H16R6\startup_stm32g0b1ceuxn.o
                0x0801861c                I2C2_3_IRQHandler
                0x0801861c                TIM1_CC_IRQHandler
                0x0801861c                ADC1_COMP_IRQHandler
                0x0801861c                NMI_Handler
                0x0801861c                I2C1_IRQHandler
                0x0801861c                TIM7_LPTIM2_IRQHandler
                0x0801861c                TIM17_FDCAN_IT1_IRQHandler
                0x0801861c                RCC_CRS_IRQHandler
                0x0801861c                RTC_TAMP_IRQHandler
                0x0801861c                SPI1_IRQHandler
                0x0801861c                USB_UCPD1_2_IRQHandler
                0x0801861c                EXTI2_3_IRQHandler
                0x0801861c                PVD_VDDIO2_IRQHandler
                0x0801861c                EXTI4_15_IRQHandler
                0x0801861c                Default_Handler
                0x0801861c                CEC_IRQHandler
                0x0801861c                TIM14_IRQHandler
                0x0801861c                TIM15_IRQHandler
                0x0801861c                TIM3_TIM4_IRQHandler
                0x0801861c                EXTI0_1_IRQHandler
                0x0801861c                SPI2_3_IRQHandler
                0x0801861c                TIM6_DAC_LPTIM1_IRQHandler
                0x0801861c                WWDG_IRQHandler
                0x0801861c                TIM2_IRQHandler
                0x0801861c                FLASH_IRQHandler
                0x0801861c                TIM16_FDCAN_IT0_IRQHandler
                0x0801861c                TIM1_BRK_UP_TRG_COM_IRQHandler
 .text.SystemInit
                0x0801861e        0xa Thirdparty\CMSIS\STM32G0xx\Device\ST\STM32G0xx\Source\Templates\system_stm32g0xx.o
                0x0801861e                SystemInit
 .text.LL_CRC_ResetCRCCalculationUnit
                0x08018628       0x1c Thirdparty\EEPROM_Emul\Core\eeprom_emul.o
 .text.LL_CRC_SetPolynomialSize
                0x08018644       0x24 Thirdparty\EEPROM_Emul\Core\eeprom_emul.o
 .text.LL_CRC_SetPolynomialCoef
                0x08018668       0x18 Thirdparty\EEPROM_Emul\Core\eeprom_emul.o
 .text.LL_CRC_FeedData32
                0x08018680       0x18 Thirdparty\EEPROM_Emul\Core\eeprom_emul.o
 .text.LL_CRC_FeedData16
                0x08018698       0x22 Thirdparty\EEPROM_Emul\Core\eeprom_emul.o
 .text.LL_CRC_ReadData16
                0x080186ba       0x16 Thirdparty\EEPROM_Emul\Core\eeprom_emul.o
 .text.LL_AHB1_GRP1_EnableClock
                0x080186d0       0x2c Thirdparty\EEPROM_Emul\Core\eeprom_emul.o
 .text.EEPROM_Init
                0x080186fc     0x1874 Thirdparty\EEPROM_Emul\Core\eeprom_emul.o
                0x080186fc                EEPROM_Init
 .text.EEPROM_Format
                0x08019f70      0x2a8 Thirdparty\EEPROM_Emul\Core\eeprom_emul.o
                0x08019f70                EEPROM_Format
 .text.EE_ReadVariable16bits
                0x0801a218       0x60 Thirdparty\EEPROM_Emul\Core\eeprom_emul.o
                0x0801a218                EE_ReadVariable16bits
 .text.EE_WriteVariable16bits
                0x0801a278       0x48 Thirdparty\EEPROM_Emul\Core\eeprom_emul.o
                0x0801a278                EE_WriteVariable16bits
 .text.EE_CleanUp
                0x0801a2c0      0x2a4 Thirdparty\EEPROM_Emul\Core\eeprom_emul.o
                0x0801a2c0                EE_CleanUp
 .text.ReadVariable
                0x0801a564      0x340 Thirdparty\EEPROM_Emul\Core\eeprom_emul.o
 .text.WriteVariable
                0x0801a8a4       0x52 Thirdparty\EEPROM_Emul\Core\eeprom_emul.o
 .text.VerifyPageFullyErased
                0x0801a8f6       0x4e Thirdparty\EEPROM_Emul\Core\eeprom_emul.o
 .text.FindPage
                0x0801a944      0x444 Thirdparty\EEPROM_Emul\Core\eeprom_emul.o
 .text.PagesTransfer
                0x0801ad88      0x8ec Thirdparty\EEPROM_Emul\Core\eeprom_emul.o
 .text.VerifyPagesFullWriteVariable
                0x0801b674      0x1ac Thirdparty\EEPROM_Emul\Core\eeprom_emul.o
 .text.SetPageState
                0x0801b820      0x364 Thirdparty\EEPROM_Emul\Core\eeprom_emul.o
 .text.GetPageState
                0x0801bb84       0xa0 Thirdparty\EEPROM_Emul\Core\eeprom_emul.o
 .text.ConfigureCrc
                0x0801bc24       0x34 Thirdparty\EEPROM_Emul\Core\eeprom_emul.o
                0x0801bc24                ConfigureCrc
 .text.CalculateCrc
                0x0801bc58       0x48 Thirdparty\EEPROM_Emul\Core\eeprom_emul.o
                0x0801bc58                CalculateCrc
 .text.FI_WriteDoubleWord
                0x0801bca0       0x22 Thirdparty\EEPROM_Emul\Porting\STM32G0\flash_interface.o
                0x0801bca0                FI_WriteDoubleWord
 *fill*         0x0801bcc2        0x2 
 .text.FI_PageErase
                0x0801bcc4      0x120 Thirdparty\EEPROM_Emul\Porting\STM32G0\flash_interface.o
                0x0801bcc4                FI_PageErase
 .text.FI_CacheFlush
                0x0801bde4        0xa Thirdparty\EEPROM_Emul\Porting\STM32G0\flash_interface.o
                0x0801bde4                FI_CacheFlush
 *fill*         0x0801bdee        0x2 
 .text.GetBankNumber
                0x0801bdf0       0x90 Thirdparty\EEPROM_Emul\Porting\STM32G0\flash_interface.o
 .text.FI_CheckBankConfig
                0x0801be80       0x18 Thirdparty\EEPROM_Emul\Porting\STM32G0\flash_interface.o
                0x0801be80                FI_CheckBankConfig
 .text.inHandlerMode
                0x0801be98       0x1c Thirdparty\Middleware\STM32G0xx\FreeRTOS\Source\CMSIS_RTOS\cmsis_os.o
 .text.osKernelStart
                0x0801beb4       0x10 Thirdparty\Middleware\STM32G0xx\FreeRTOS\Source\CMSIS_RTOS\cmsis_os.o
                0x0801beb4                osKernelStart
 .text.osDelay  0x0801bec4       0x28 Thirdparty\Middleware\STM32G0xx\FreeRTOS\Source\CMSIS_RTOS\cmsis_os.o
                0x0801bec4                osDelay
 .text.osSemaphoreCreate
                0x0801beec       0x4a Thirdparty\Middleware\STM32G0xx\FreeRTOS\Source\CMSIS_RTOS\cmsis_os.o
                0x0801beec                osSemaphoreCreate
 *fill*         0x0801bf36        0x2 
 .text.osSemaphoreWait
                0x0801bf38       0x94 Thirdparty\Middleware\STM32G0xx\FreeRTOS\Source\CMSIS_RTOS\cmsis_os.o
                0x0801bf38                osSemaphoreWait
 .text.osSemaphoreRelease
                0x0801bfcc       0x64 Thirdparty\Middleware\STM32G0xx\FreeRTOS\Source\CMSIS_RTOS\cmsis_os.o
                0x0801bfcc                osSemaphoreRelease
 .text.osSystickHandler
                0x0801c030       0x18 Thirdparty\Middleware\STM32G0xx\FreeRTOS\Source\CMSIS_RTOS\cmsis_os.o
                0x0801c030                osSystickHandler
 .text.FreeRTOS_CLIRegisterCommand
                0x0801c048       0x50 Thirdparty\Middleware\STM32G0xx\FreeRTOS\Source\FreeRTOS_CLI.o
                0x0801c048                FreeRTOS_CLIRegisterCommand
 .text.FreeRTOS_CLIProcessCommand
                0x0801c098      0x11c Thirdparty\Middleware\STM32G0xx\FreeRTOS\Source\FreeRTOS_CLI.o
                0x0801c098                FreeRTOS_CLIProcessCommand
 .text.FreeRTOS_CLIGetOutputBuffer
                0x0801c1b4       0x10 Thirdparty\Middleware\STM32G0xx\FreeRTOS\Source\FreeRTOS_CLI.o
                0x0801c1b4                FreeRTOS_CLIGetOutputBuffer
 .text.FreeRTOS_CLIGetParameter
                0x0801c1c4       0xbc Thirdparty\Middleware\STM32G0xx\FreeRTOS\Source\FreeRTOS_CLI.o
                0x0801c1c4                FreeRTOS_CLIGetParameter
 .text.prvHelpCommand
                0x0801c280      0x154 Thirdparty\Middleware\STM32G0xx\FreeRTOS\Source\FreeRTOS_CLI.o
 .text.prvGetNumberOfParameters
                0x0801c3d4       0x7a Thirdparty\Middleware\STM32G0xx\FreeRTOS\Source\FreeRTOS_CLI.o
 .text.vListInitialise
                0x0801c44e       0x3c Thirdparty\Middleware\STM32G0xx\FreeRTOS\Source\list.o
                0x0801c44e                vListInitialise
 .text.vListInitialiseItem
                0x0801c48a       0x16 Thirdparty\Middleware\STM32G0xx\FreeRTOS\Source\list.o
                0x0801c48a                vListInitialiseItem
 .text.vListInsertEnd
                0x0801c4a0       0x44 Thirdparty\Middleware\STM32G0xx\FreeRTOS\Source\list.o
                0x0801c4a0                vListInsertEnd
 .text.vListInsert
                0x0801c4e4       0x6c Thirdparty\Middleware\STM32G0xx\FreeRTOS\Source\list.o
                0x0801c4e4                vListInsert
 .text.uxListRemove
                0x0801c550       0x50 Thirdparty\Middleware\STM32G0xx\FreeRTOS\Source\list.o
                0x0801c550                uxListRemove
 .text.pxPortInitialiseStack
                0x0801c5a0       0x54 Thirdparty\Middleware\STM32G0xx\FreeRTOS\Source\portable\GCC\ARM_CM0\port.o
                0x0801c5a0                pxPortInitialiseStack
 .text.prvTaskExitError
                0x0801c5f4       0x1e Thirdparty\Middleware\STM32G0xx\FreeRTOS\Source\portable\GCC\ARM_CM0\port.o
 .text.SVC_Handler
                0x0801c612        0xa Thirdparty\Middleware\STM32G0xx\FreeRTOS\Source\portable\GCC\ARM_CM0\port.o
                0x0801c612                SVC_Handler
 *fill*         0x0801c61c        0x4 
 .text.vPortStartFirstTask
                0x0801c620       0x38 Thirdparty\Middleware\STM32G0xx\FreeRTOS\Source\portable\GCC\ARM_CM0\port.o
 .text.xPortStartScheduler
                0x0801c658       0x48 Thirdparty\Middleware\STM32G0xx\FreeRTOS\Source\portable\GCC\ARM_CM0\port.o
                0x0801c658                xPortStartScheduler
 .text.vPortYield
                0x0801c6a0       0x20 Thirdparty\Middleware\STM32G0xx\FreeRTOS\Source\portable\GCC\ARM_CM0\port.o
                0x0801c6a0                vPortYield
 .text.vPortEnterCritical
                0x0801c6c0       0x24 Thirdparty\Middleware\STM32G0xx\FreeRTOS\Source\portable\GCC\ARM_CM0\port.o
                0x0801c6c0                vPortEnterCritical
 .text.vPortExitCritical
                0x0801c6e4       0x24 Thirdparty\Middleware\STM32G0xx\FreeRTOS\Source\portable\GCC\ARM_CM0\port.o
                0x0801c6e4                vPortExitCritical
 .text.ulSetInterruptMaskFromISR
                0x0801c708        0xc Thirdparty\Middleware\STM32G0xx\FreeRTOS\Source\portable\GCC\ARM_CM0\port.o
                0x0801c708                ulSetInterruptMaskFromISR
 .text.vClearInterruptMaskFromISR
                0x0801c714        0x8 Thirdparty\Middleware\STM32G0xx\FreeRTOS\Source\portable\GCC\ARM_CM0\port.o
                0x0801c714                vClearInterruptMaskFromISR
 *fill*         0x0801c71c        0x4 
 .text.PendSV_Handler
                0x0801c720       0x48 Thirdparty\Middleware\STM32G0xx\FreeRTOS\Source\portable\GCC\ARM_CM0\port.o
                0x0801c720                PendSV_Handler
 .text.xPortSysTickHandler
                0x0801c768       0x34 Thirdparty\Middleware\STM32G0xx\FreeRTOS\Source\portable\GCC\ARM_CM0\port.o
                0x0801c768                xPortSysTickHandler
 .text.vPortSetupTimerInterrupt
                0x0801c79c       0x44 Thirdparty\Middleware\STM32G0xx\FreeRTOS\Source\portable\GCC\ARM_CM0\port.o
                0x0801c79c                vPortSetupTimerInterrupt
 .text.pvPortMalloc
                0x0801c7e0      0x140 Thirdparty\Middleware\STM32G0xx\FreeRTOS\Source\portable\MemMang\heap_4.o
                0x0801c7e0                pvPortMalloc
 .text.vPortFree
                0x0801c920       0x80 Thirdparty\Middleware\STM32G0xx\FreeRTOS\Source\portable\MemMang\heap_4.o
                0x0801c920                vPortFree
 .text.prvHeapInit
                0x0801c9a0       0xc0 Thirdparty\Middleware\STM32G0xx\FreeRTOS\Source\portable\MemMang\heap_4.o
 .text.prvInsertBlockIntoFreeList
                0x0801ca60       0xb0 Thirdparty\Middleware\STM32G0xx\FreeRTOS\Source\portable\MemMang\heap_4.o
 .text.xQueueGenericReset
                0x0801cb10       0x9e Thirdparty\Middleware\STM32G0xx\FreeRTOS\Source\queue.o
                0x0801cb10                xQueueGenericReset
 .text.xQueueGenericCreate
                0x0801cbae       0x52 Thirdparty\Middleware\STM32G0xx\FreeRTOS\Source\queue.o
                0x0801cbae                xQueueGenericCreate
 .text.prvInitialiseNewQueue
                0x0801cc00       0x4e Thirdparty\Middleware\STM32G0xx\FreeRTOS\Source\queue.o
 .text.xQueueCreateCountingSemaphore
                0x0801cc4e       0x30 Thirdparty\Middleware\STM32G0xx\FreeRTOS\Source\queue.o
                0x0801cc4e                xQueueCreateCountingSemaphore
 .text.xQueueGenericSend
                0x0801cc7e      0x12a Thirdparty\Middleware\STM32G0xx\FreeRTOS\Source\queue.o
                0x0801cc7e                xQueueGenericSend
 .text.xQueueGenericSendFromISR
                0x0801cda8       0xa6 Thirdparty\Middleware\STM32G0xx\FreeRTOS\Source\queue.o
                0x0801cda8                xQueueGenericSendFromISR
 .text.xQueueGiveFromISR
                0x0801ce4e       0x96 Thirdparty\Middleware\STM32G0xx\FreeRTOS\Source\queue.o
                0x0801ce4e                xQueueGiveFromISR
 .text.xQueueReceive
                0x0801cee4      0x128 Thirdparty\Middleware\STM32G0xx\FreeRTOS\Source\queue.o
                0x0801cee4                xQueueReceive
 .text.xQueueSemaphoreTake
                0x0801d00c      0x178 Thirdparty\Middleware\STM32G0xx\FreeRTOS\Source\queue.o
                0x0801d00c                xQueueSemaphoreTake
 .text.xQueueReceiveFromISR
                0x0801d184       0xa0 Thirdparty\Middleware\STM32G0xx\FreeRTOS\Source\queue.o
                0x0801d184                xQueueReceiveFromISR
 .text.prvGetDisinheritPriorityAfterTimeout
                0x0801d224       0x2c Thirdparty\Middleware\STM32G0xx\FreeRTOS\Source\queue.o
 .text.prvCopyDataToQueue
                0x0801d250       0xd6 Thirdparty\Middleware\STM32G0xx\FreeRTOS\Source\queue.o
 .text.prvCopyDataFromQueue
                0x0801d326       0x4c Thirdparty\Middleware\STM32G0xx\FreeRTOS\Source\queue.o
 .text.prvUnlockQueue
                0x0801d372       0xbc Thirdparty\Middleware\STM32G0xx\FreeRTOS\Source\queue.o
 .text.prvIsQueueEmpty
                0x0801d42e       0x2c Thirdparty\Middleware\STM32G0xx\FreeRTOS\Source\queue.o
 .text.prvIsQueueFull
                0x0801d45a       0x30 Thirdparty\Middleware\STM32G0xx\FreeRTOS\Source\queue.o
 *fill*         0x0801d48a        0x2 
 .text.vQueueAddToRegistry
                0x0801d48c       0x50 Thirdparty\Middleware\STM32G0xx\FreeRTOS\Source\queue.o
                0x0801d48c                vQueueAddToRegistry
 .text.vQueueWaitForMessageRestricted
                0x0801d4dc       0x66 Thirdparty\Middleware\STM32G0xx\FreeRTOS\Source\queue.o
                0x0801d4dc                vQueueWaitForMessageRestricted
 .text.xTaskCreate
                0x0801d542       0x90 Thirdparty\Middleware\STM32G0xx\FreeRTOS\Source\tasks.o
                0x0801d542                xTaskCreate
 *fill*         0x0801d5d2        0x2 
 .text.prvInitialiseNewTask
                0x0801d5d4      0x10c Thirdparty\Middleware\STM32G0xx\FreeRTOS\Source\tasks.o
 .text.prvAddNewTaskToReadyList
                0x0801d6e0       0xd0 Thirdparty\Middleware\STM32G0xx\FreeRTOS\Source\tasks.o
 .text.vTaskDelay
                0x0801d7b0       0x3a Thirdparty\Middleware\STM32G0xx\FreeRTOS\Source\tasks.o
                0x0801d7b0                vTaskDelay
 *fill*         0x0801d7ea        0x2 
 .text.eTaskGetState
                0x0801d7ec       0xd0 Thirdparty\Middleware\STM32G0xx\FreeRTOS\Source\tasks.o
                0x0801d7ec                eTaskGetState
 .text.uxTaskPriorityGet
                0x0801d8bc       0x34 Thirdparty\Middleware\STM32G0xx\FreeRTOS\Source\tasks.o
                0x0801d8bc                uxTaskPriorityGet
 .text.vTaskPrioritySet
                0x0801d8f0      0x110 Thirdparty\Middleware\STM32G0xx\FreeRTOS\Source\tasks.o
                0x0801d8f0                vTaskPrioritySet
 .text.vTaskStartScheduler
                0x0801da00       0x74 Thirdparty\Middleware\STM32G0xx\FreeRTOS\Source\tasks.o
                0x0801da00                vTaskStartScheduler
 .text.vTaskSuspendAll
                0x0801da74       0x18 Thirdparty\Middleware\STM32G0xx\FreeRTOS\Source\tasks.o
                0x0801da74                vTaskSuspendAll
 .text.xTaskResumeAll
                0x0801da8c      0x10c Thirdparty\Middleware\STM32G0xx\FreeRTOS\Source\tasks.o
                0x0801da8c                xTaskResumeAll
 .text.xTaskGetTickCount
                0x0801db98       0x1c Thirdparty\Middleware\STM32G0xx\FreeRTOS\Source\tasks.o
                0x0801db98                xTaskGetTickCount
 .text.xTaskGetTickCountFromISR
                0x0801dbb4       0x20 Thirdparty\Middleware\STM32G0xx\FreeRTOS\Source\tasks.o
                0x0801dbb4                xTaskGetTickCountFromISR
 .text.uxTaskGetSystemState
                0x0801dbd4      0x120 Thirdparty\Middleware\STM32G0xx\FreeRTOS\Source\tasks.o
                0x0801dbd4                uxTaskGetSystemState
 .text.xTaskIncrementTick
                0x0801dcf4      0x150 Thirdparty\Middleware\STM32G0xx\FreeRTOS\Source\tasks.o
                0x0801dcf4                xTaskIncrementTick
 .text.vTaskSwitchContext
                0x0801de44      0x124 Thirdparty\Middleware\STM32G0xx\FreeRTOS\Source\tasks.o
                0x0801de44                vTaskSwitchContext
 .text.vTaskPlaceOnEventList
                0x0801df68       0x34 Thirdparty\Middleware\STM32G0xx\FreeRTOS\Source\tasks.o
                0x0801df68                vTaskPlaceOnEventList
 .text.vTaskPlaceOnEventListRestricted
                0x0801df9c       0x44 Thirdparty\Middleware\STM32G0xx\FreeRTOS\Source\tasks.o
                0x0801df9c                vTaskPlaceOnEventListRestricted
 .text.xTaskRemoveFromEventList
                0x0801dfe0       0xb0 Thirdparty\Middleware\STM32G0xx\FreeRTOS\Source\tasks.o
                0x0801dfe0                xTaskRemoveFromEventList
 .text.vTaskInternalSetTimeOutState
                0x0801e090       0x28 Thirdparty\Middleware\STM32G0xx\FreeRTOS\Source\tasks.o
                0x0801e090                vTaskInternalSetTimeOutState
 .text.xTaskCheckForTimeOut
                0x0801e0b8       0x8c Thirdparty\Middleware\STM32G0xx\FreeRTOS\Source\tasks.o
                0x0801e0b8                xTaskCheckForTimeOut
 .text.vTaskMissedYield
                0x0801e144       0x14 Thirdparty\Middleware\STM32G0xx\FreeRTOS\Source\tasks.o
                0x0801e144                vTaskMissedYield
 .text.prvIdleTask
                0x0801e158       0x20 Thirdparty\Middleware\STM32G0xx\FreeRTOS\Source\tasks.o
 .text.prvInitialiseTaskLists
                0x0801e178       0x88 Thirdparty\Middleware\STM32G0xx\FreeRTOS\Source\tasks.o
 .text.prvCheckTasksWaitingTermination
                0x0801e200       0x5c Thirdparty\Middleware\STM32G0xx\FreeRTOS\Source\tasks.o
 .text.vTaskGetInfo
                0x0801e25c       0xd8 Thirdparty\Middleware\STM32G0xx\FreeRTOS\Source\tasks.o
                0x0801e25c                vTaskGetInfo
 .text.prvListTasksWithinSingleList
                0x0801e334       0xa6 Thirdparty\Middleware\STM32G0xx\FreeRTOS\Source\tasks.o
 .text.prvTaskCheckFreeStackSpace
                0x0801e3da       0x34 Thirdparty\Middleware\STM32G0xx\FreeRTOS\Source\tasks.o
 .text.prvDeleteTCB
                0x0801e40e       0x22 Thirdparty\Middleware\STM32G0xx\FreeRTOS\Source\tasks.o
 .text.prvResetNextTaskUnblockTime
                0x0801e430       0x3c Thirdparty\Middleware\STM32G0xx\FreeRTOS\Source\tasks.o
 .text.xTaskGetSchedulerState
                0x0801e46c       0x38 Thirdparty\Middleware\STM32G0xx\FreeRTOS\Source\tasks.o
                0x0801e46c                xTaskGetSchedulerState
 .text.xTaskPriorityInherit
                0x0801e4a4       0xd0 Thirdparty\Middleware\STM32G0xx\FreeRTOS\Source\tasks.o
                0x0801e4a4                xTaskPriorityInherit
 .text.xTaskPriorityDisinherit
                0x0801e574       0x98 Thirdparty\Middleware\STM32G0xx\FreeRTOS\Source\tasks.o
                0x0801e574                xTaskPriorityDisinherit
 .text.vTaskPriorityDisinheritAfterTimeout
                0x0801e60c       0xc0 Thirdparty\Middleware\STM32G0xx\FreeRTOS\Source\tasks.o
                0x0801e60c                vTaskPriorityDisinheritAfterTimeout
 .text.prvWriteNameToBuffer
                0x0801e6cc       0x52 Thirdparty\Middleware\STM32G0xx\FreeRTOS\Source\tasks.o
 *fill*         0x0801e71e        0x2 
 .text.vTaskList
                0x0801e720      0x14c Thirdparty\Middleware\STM32G0xx\FreeRTOS\Source\tasks.o
                0x0801e720                vTaskList
 .text.vTaskGetRunTimeStats
                0x0801e86c      0x118 Thirdparty\Middleware\STM32G0xx\FreeRTOS\Source\tasks.o
                0x0801e86c                vTaskGetRunTimeStats
 .text.pvTaskIncrementMutexHeldCount
                0x0801e984       0x24 Thirdparty\Middleware\STM32G0xx\FreeRTOS\Source\tasks.o
                0x0801e984                pvTaskIncrementMutexHeldCount
 .text.ulTaskNotifyTake
                0x0801e9a8       0x84 Thirdparty\Middleware\STM32G0xx\FreeRTOS\Source\tasks.o
                0x0801e9a8                ulTaskNotifyTake
 .text.xTaskGenericNotify
                0x0801ea2c      0x104 Thirdparty\Middleware\STM32G0xx\FreeRTOS\Source\tasks.o
                0x0801ea2c                xTaskGenericNotify
 .text.xTaskGenericNotifyFromISR
                0x0801eb30      0x140 Thirdparty\Middleware\STM32G0xx\FreeRTOS\Source\tasks.o
                0x0801eb30                xTaskGenericNotifyFromISR
 .text.vTaskNotifyGiveFromISR
                0x0801ec70       0xd8 Thirdparty\Middleware\STM32G0xx\FreeRTOS\Source\tasks.o
                0x0801ec70                vTaskNotifyGiveFromISR
 .text.prvAddCurrentTaskToDelayedList
                0x0801ed48       0xa8 Thirdparty\Middleware\STM32G0xx\FreeRTOS\Source\tasks.o
 .text.xTimerCreateTimerTask
                0x0801edf0       0x4c Thirdparty\Middleware\STM32G0xx\FreeRTOS\Source\timers.o
                0x0801edf0                xTimerCreateTimerTask
 .text.xTimerCreate
                0x0801ee3c       0x46 Thirdparty\Middleware\STM32G0xx\FreeRTOS\Source\timers.o
                0x0801ee3c                xTimerCreate
 .text.prvInitialiseNewTimer
                0x0801ee82       0x5a Thirdparty\Middleware\STM32G0xx\FreeRTOS\Source\timers.o
 .text.xTimerGenericCommand
                0x0801eedc       0x8c Thirdparty\Middleware\STM32G0xx\FreeRTOS\Source\timers.o
                0x0801eedc                xTimerGenericCommand
 .text.prvProcessExpiredTimer
                0x0801ef68       0x80 Thirdparty\Middleware\STM32G0xx\FreeRTOS\Source\timers.o
 .text.prvTimerTask
                0x0801efe8       0x28 Thirdparty\Middleware\STM32G0xx\FreeRTOS\Source\timers.o
 .text.prvProcessTimerOrBlockTask
                0x0801f010       0x90 Thirdparty\Middleware\STM32G0xx\FreeRTOS\Source\timers.o
 .text.prvGetNextExpireTime
                0x0801f0a0       0x44 Thirdparty\Middleware\STM32G0xx\FreeRTOS\Source\timers.o
 .text.prvSampleTimeNow
                0x0801f0e4       0x40 Thirdparty\Middleware\STM32G0xx\FreeRTOS\Source\timers.o
 .text.prvInsertTimerInActiveList
                0x0801f124       0x84 Thirdparty\Middleware\STM32G0xx\FreeRTOS\Source\timers.o
 .text.prvProcessReceivedCommands
                0x0801f1a8      0x16c Thirdparty\Middleware\STM32G0xx\FreeRTOS\Source\timers.o
 .text.prvSwitchTimerLists
                0x0801f314       0xb0 Thirdparty\Middleware\STM32G0xx\FreeRTOS\Source\timers.o
 .text.prvCheckForValidListAndQueue
                0x0801f3c4       0x74 Thirdparty\Middleware\STM32G0xx\FreeRTOS\Source\timers.o
 .text.HAL_Init
                0x0801f438       0x40 Thirdparty\STM32G0xx_HAL_Driver\Src\stm32g0xx_hal.o
                0x0801f438                HAL_Init
 .text.HAL_InitTick
                0x0801f478       0x94 Thirdparty\STM32G0xx_HAL_Driver\Src\stm32g0xx_hal.o
                0x0801f478                HAL_InitTick
 .text.HAL_IncTick
                0x0801f50c       0x24 Thirdparty\STM32G0xx_HAL_Driver\Src\stm32g0xx_hal.o
                0x0801f50c                HAL_IncTick
 .text.HAL_GetTick
                0x0801f530       0x14 Thirdparty\STM32G0xx_HAL_Driver\Src\stm32g0xx_hal.o
                0x0801f530                HAL_GetTick
 .text.HAL_Delay
                0x0801f544       0x48 Thirdparty\STM32G0xx_HAL_Driver\Src\stm32g0xx_hal.o
                0x0801f544                HAL_Delay
 .text.HAL_GetREVID
                0x0801f58c       0x18 Thirdparty\STM32G0xx_HAL_Driver\Src\stm32g0xx_hal.o
                0x0801f58c                HAL_GetREVID
 .text.HAL_GetDEVID
                0x0801f5a4       0x18 Thirdparty\STM32G0xx_HAL_Driver\Src\stm32g0xx_hal.o
                0x0801f5a4                HAL_GetDEVID
 .text.LL_ADC_SetCommonPathInternalCh
                0x0801f5bc       0x28 Thirdparty\STM32G0xx_HAL_Driver\Src\stm32g0xx_hal_adc.o
 .text.LL_ADC_GetCommonPathInternalCh
                0x0801f5e4       0x1a Thirdparty\STM32G0xx_HAL_Driver\Src\stm32g0xx_hal_adc.o
 .text.LL_ADC_SetSamplingTimeCommonChannels
                0x0801f5fe       0x3a Thirdparty\STM32G0xx_HAL_Driver\Src\stm32g0xx_hal_adc.o
 .text.LL_ADC_GetSamplingTimeCommonChannels
                0x0801f638       0x2e Thirdparty\STM32G0xx_HAL_Driver\Src\stm32g0xx_hal_adc.o
 .text.LL_ADC_REG_IsTriggerSourceSWStart
                0x0801f666       0x22 Thirdparty\STM32G0xx_HAL_Driver\Src\stm32g0xx_hal_adc.o
 .text.LL_ADC_REG_SetSequencerRanks
                0x0801f688       0x40 Thirdparty\STM32G0xx_HAL_Driver\Src\stm32g0xx_hal_adc.o
 .text.LL_ADC_REG_SetSequencerChAdd
                0x0801f6c8       0x22 Thirdparty\STM32G0xx_HAL_Driver\Src\stm32g0xx_hal_adc.o
 .text.LL_ADC_REG_SetSequencerChRem
                0x0801f6ea       0x24 Thirdparty\STM32G0xx_HAL_Driver\Src\stm32g0xx_hal_adc.o
 *fill*         0x0801f70e        0x2 
 .text.LL_ADC_SetChannelSamplingTime
                0x0801f710       0x38 Thirdparty\STM32G0xx_HAL_Driver\Src\stm32g0xx_hal_adc.o
 .text.LL_ADC_EnableInternalRegulator
                0x0801f748       0x28 Thirdparty\STM32G0xx_HAL_Driver\Src\stm32g0xx_hal_adc.o
 .text.LL_ADC_IsInternalRegulatorEnabled
                0x0801f770       0x28 Thirdparty\STM32G0xx_HAL_Driver\Src\stm32g0xx_hal_adc.o
 .text.LL_ADC_Enable
                0x0801f798       0x24 Thirdparty\STM32G0xx_HAL_Driver\Src\stm32g0xx_hal_adc.o
 .text.LL_ADC_Disable
                0x0801f7bc       0x24 Thirdparty\STM32G0xx_HAL_Driver\Src\stm32g0xx_hal_adc.o
 .text.LL_ADC_IsEnabled
                0x0801f7e0       0x22 Thirdparty\STM32G0xx_HAL_Driver\Src\stm32g0xx_hal_adc.o
 .text.LL_ADC_IsDisableOngoing
                0x0801f802       0x22 Thirdparty\STM32G0xx_HAL_Driver\Src\stm32g0xx_hal_adc.o
 .text.LL_ADC_REG_StartConversion
                0x0801f824       0x24 Thirdparty\STM32G0xx_HAL_Driver\Src\stm32g0xx_hal_adc.o
 .text.LL_ADC_REG_StopConversion
                0x0801f848       0x24 Thirdparty\STM32G0xx_HAL_Driver\Src\stm32g0xx_hal_adc.o
 .text.LL_ADC_REG_IsConversionOngoing
                0x0801f86c       0x22 Thirdparty\STM32G0xx_HAL_Driver\Src\stm32g0xx_hal_adc.o
 *fill*         0x0801f88e        0x2 
 .text.HAL_ADC_Init
                0x0801f890      0x350 Thirdparty\STM32G0xx_HAL_Driver\Src\stm32g0xx_hal_adc.o
                0x0801f890                HAL_ADC_Init
 .text.HAL_ADC_Start
                0x0801fbe0       0x9c Thirdparty\STM32G0xx_HAL_Driver\Src\stm32g0xx_hal_adc.o
                0x0801fbe0                HAL_ADC_Start
 .text.HAL_ADC_Stop
                0x0801fc7c       0x78 Thirdparty\STM32G0xx_HAL_Driver\Src\stm32g0xx_hal_adc.o
                0x0801fc7c                HAL_ADC_Stop
 .text.HAL_ADC_PollForConversion
                0x0801fcf4      0x128 Thirdparty\STM32G0xx_HAL_Driver\Src\stm32g0xx_hal_adc.o
                0x0801fcf4                HAL_ADC_PollForConversion
 .text.HAL_ADC_GetValue
                0x0801fe1c       0x16 Thirdparty\STM32G0xx_HAL_Driver\Src\stm32g0xx_hal_adc.o
                0x0801fe1c                HAL_ADC_GetValue
 *fill*         0x0801fe32        0x2 
 .text.HAL_ADC_ConfigChannel
                0x0801fe34      0x3b0 Thirdparty\STM32G0xx_HAL_Driver\Src\stm32g0xx_hal_adc.o
                0x0801fe34                HAL_ADC_ConfigChannel
 .text.ADC_ConversionStop
                0x080201e4       0x84 Thirdparty\STM32G0xx_HAL_Driver\Src\stm32g0xx_hal_adc.o
                0x080201e4                ADC_ConversionStop
 .text.ADC_Enable
                0x08020268      0x10c Thirdparty\STM32G0xx_HAL_Driver\Src\stm32g0xx_hal_adc.o
                0x08020268                ADC_Enable
 .text.ADC_Disable
                0x08020374       0xbc Thirdparty\STM32G0xx_HAL_Driver\Src\stm32g0xx_hal_adc.o
                0x08020374                ADC_Disable
 .text.__NVIC_EnableIRQ
                0x08020430       0x34 Thirdparty\STM32G0xx_HAL_Driver\Src\stm32g0xx_hal_cortex.o
 .text.__NVIC_SetPriority
                0x08020464       0xdc Thirdparty\STM32G0xx_HAL_Driver\Src\stm32g0xx_hal_cortex.o
 .text.SysTick_Config
                0x08020540       0x48 Thirdparty\STM32G0xx_HAL_Driver\Src\stm32g0xx_hal_cortex.o
 .text.HAL_NVIC_SetPriority
                0x08020588       0x2a Thirdparty\STM32G0xx_HAL_Driver\Src\stm32g0xx_hal_cortex.o
                0x08020588                HAL_NVIC_SetPriority
 .text.HAL_NVIC_EnableIRQ
                0x080205b2       0x20 Thirdparty\STM32G0xx_HAL_Driver\Src\stm32g0xx_hal_cortex.o
                0x080205b2                HAL_NVIC_EnableIRQ
 .text.HAL_SYSTICK_Config
                0x080205d2       0x1a Thirdparty\STM32G0xx_HAL_Driver\Src\stm32g0xx_hal_cortex.o
                0x080205d2                HAL_SYSTICK_Config
 .text.HAL_CRC_Init
                0x080205ec       0xcc Thirdparty\STM32G0xx_HAL_Driver\Src\stm32g0xx_hal_crc.o
                0x080205ec                HAL_CRC_Init
 .text.HAL_CRC_Accumulate
                0x080206b8       0x8e Thirdparty\STM32G0xx_HAL_Driver\Src\stm32g0xx_hal_crc.o
                0x080206b8                HAL_CRC_Accumulate
 .text.HAL_CRC_Calculate
                0x08020746       0x9e Thirdparty\STM32G0xx_HAL_Driver\Src\stm32g0xx_hal_crc.o
                0x08020746                HAL_CRC_Calculate
 .text.CRC_Handle_8
                0x080207e4      0x122 Thirdparty\STM32G0xx_HAL_Driver\Src\stm32g0xx_hal_crc.o
 .text.CRC_Handle_16
                0x08020906       0x6e Thirdparty\STM32G0xx_HAL_Driver\Src\stm32g0xx_hal_crc.o
 .text.HAL_CRCEx_Polynomial_Set
                0x08020974       0xea Thirdparty\STM32G0xx_HAL_Driver\Src\stm32g0xx_hal_crc_ex.o
                0x08020974                HAL_CRCEx_Polynomial_Set
 *fill*         0x08020a5e        0x2 
 .text.HAL_DMA_Init
                0x08020a60      0x158 Thirdparty\STM32G0xx_HAL_Driver\Src\stm32g0xx_hal_dma.o
                0x08020a60                HAL_DMA_Init
 .text.HAL_DMA_Start_IT
                0x08020bb8      0x10c Thirdparty\STM32G0xx_HAL_Driver\Src\stm32g0xx_hal_dma.o
                0x08020bb8                HAL_DMA_Start_IT
 .text.HAL_DMA_Abort
                0x08020cc4       0xc0 Thirdparty\STM32G0xx_HAL_Driver\Src\stm32g0xx_hal_dma.o
                0x08020cc4                HAL_DMA_Abort
 .text.HAL_DMA_Abort_IT
                0x08020d84       0xd0 Thirdparty\STM32G0xx_HAL_Driver\Src\stm32g0xx_hal_dma.o
                0x08020d84                HAL_DMA_Abort_IT
 .text.HAL_DMA_IRQHandler
                0x08020e54      0x188 Thirdparty\STM32G0xx_HAL_Driver\Src\stm32g0xx_hal_dma.o
                0x08020e54                HAL_DMA_IRQHandler
 .text.HAL_DMA_GetError
                0x08020fdc       0x14 Thirdparty\STM32G0xx_HAL_Driver\Src\stm32g0xx_hal_dma.o
                0x08020fdc                HAL_DMA_GetError
 .text.DMA_SetConfig
                0x08020ff0       0x78 Thirdparty\STM32G0xx_HAL_Driver\Src\stm32g0xx_hal_dma.o
 .text.DMA_CalcDMAMUXChannelBaseAndMask
                0x08021068       0x94 Thirdparty\STM32G0xx_HAL_Driver\Src\stm32g0xx_hal_dma.o
 .text.DMA_CalcDMAMUXRequestGenBaseAndMask
                0x080210fc       0x48 Thirdparty\STM32G0xx_HAL_Driver\Src\stm32g0xx_hal_dma.o
 .text.HAL_FLASH_Program
                0x08021144       0x9c Thirdparty\STM32G0xx_HAL_Driver\Src\stm32g0xx_hal_flash.o
                0x08021144                HAL_FLASH_Program
 .text.HAL_FLASH_Unlock
                0x080211e0       0x48 Thirdparty\STM32G0xx_HAL_Driver\Src\stm32g0xx_hal_flash.o
                0x080211e0                HAL_FLASH_Unlock
 .text.HAL_FLASH_Lock
                0x08021228       0x44 Thirdparty\STM32G0xx_HAL_Driver\Src\stm32g0xx_hal_flash.o
                0x08021228                HAL_FLASH_Lock
 .text.FLASH_WaitForLastOperation
                0x0802126c       0x9c Thirdparty\STM32G0xx_HAL_Driver\Src\stm32g0xx_hal_flash.o
                0x0802126c                FLASH_WaitForLastOperation
 .text.FLASH_Program_DoubleWord
                0x08021308       0x40 Thirdparty\STM32G0xx_HAL_Driver\Src\stm32g0xx_hal_flash.o
 .text.HAL_FLASHEx_Erase
                0x08021348       0xe0 Thirdparty\STM32G0xx_HAL_Driver\Src\stm32g0xx_hal_flash_ex.o
                0x08021348                HAL_FLASHEx_Erase
 .text.FLASH_MassErase
                0x08021428       0x28 Thirdparty\STM32G0xx_HAL_Driver\Src\stm32g0xx_hal_flash_ex.o
 .text.FLASH_PageErase
                0x08021450       0x58 Thirdparty\STM32G0xx_HAL_Driver\Src\stm32g0xx_hal_flash_ex.o
                0x08021450                FLASH_PageErase
 .text.HAL_GPIO_Init
                0x080214a8      0x2d8 Thirdparty\STM32G0xx_HAL_Driver\Src\stm32g0xx_hal_gpio.o
                0x080214a8                HAL_GPIO_Init
 .text.HAL_GPIO_DeInit
                0x08021780      0x1b0 Thirdparty\STM32G0xx_HAL_Driver\Src\stm32g0xx_hal_gpio.o
                0x08021780                HAL_GPIO_DeInit
 .text.HAL_GPIO_ReadPin
                0x08021930       0x3a Thirdparty\STM32G0xx_HAL_Driver\Src\stm32g0xx_hal_gpio.o
                0x08021930                HAL_GPIO_ReadPin
 .text.HAL_GPIO_WritePin
                0x0802196a       0x3a Thirdparty\STM32G0xx_HAL_Driver\Src\stm32g0xx_hal_gpio.o
                0x0802196a                HAL_GPIO_WritePin
 .text.HAL_GPIO_TogglePin
                0x080219a4       0x36 Thirdparty\STM32G0xx_HAL_Driver\Src\stm32g0xx_hal_gpio.o
                0x080219a4                HAL_GPIO_TogglePin
 .text.HAL_MspInit
                0x080219da        0xa Thirdparty\STM32G0xx_HAL_Driver\Src\stm32g0xx_hal_msp_template.o
                0x080219da                HAL_MspInit
 .text.HAL_PWR_EnableWakeUpPin
                0x080219e4       0x40 Thirdparty\STM32G0xx_HAL_Driver\Src\stm32g0xx_hal_pwr.o
                0x080219e4                HAL_PWR_EnableWakeUpPin
 .text.HAL_PWR_DisableWakeUpPin
                0x08021a24       0x28 Thirdparty\STM32G0xx_HAL_Driver\Src\stm32g0xx_hal_pwr.o
                0x08021a24                HAL_PWR_DisableWakeUpPin
 .text.HAL_PWR_EnterSTOPMode
                0x08021a4c       0x70 Thirdparty\STM32G0xx_HAL_Driver\Src\stm32g0xx_hal_pwr.o
                0x08021a4c                HAL_PWR_EnterSTOPMode
 .text.HAL_PWR_EnterSTANDBYMode
                0x08021abc       0x34 Thirdparty\STM32G0xx_HAL_Driver\Src\stm32g0xx_hal_pwr.o
                0x08021abc                HAL_PWR_EnterSTANDBYMode
 .text.HAL_PWREx_EnableSRAMRetention
                0x08021af0       0x1c Thirdparty\STM32G0xx_HAL_Driver\Src\stm32g0xx_hal_pwr_ex.o
                0x08021af0                HAL_PWREx_EnableSRAMRetention
 .text.HAL_PWREx_ControlVoltageScaling
                0x08021b0c       0x80 Thirdparty\STM32G0xx_HAL_Driver\Src\stm32g0xx_hal_pwr_ex.o
                0x08021b0c                HAL_PWREx_ControlVoltageScaling
 .text.LL_RCC_GetAPB1Prescaler
                0x08021b8c       0x18 Thirdparty\STM32G0xx_HAL_Driver\Src\stm32g0xx_hal_rcc.o
 .text.HAL_RCC_OscConfig
                0x08021ba4      0x6c0 Thirdparty\STM32G0xx_HAL_Driver\Src\stm32g0xx_hal_rcc.o
                0x08021ba4                HAL_RCC_OscConfig
 .text.HAL_RCC_ClockConfig
                0x08022264      0x210 Thirdparty\STM32G0xx_HAL_Driver\Src\stm32g0xx_hal_rcc.o
                0x08022264                HAL_RCC_ClockConfig
 .text.HAL_RCC_GetSysClockFreq
                0x08022474      0x104 Thirdparty\STM32G0xx_HAL_Driver\Src\stm32g0xx_hal_rcc.o
                0x08022474                HAL_RCC_GetSysClockFreq
 .text.HAL_RCC_GetHCLKFreq
                0x08022578       0x14 Thirdparty\STM32G0xx_HAL_Driver\Src\stm32g0xx_hal_rcc.o
                0x08022578                HAL_RCC_GetHCLKFreq
 .text.HAL_RCC_GetPCLK1Freq
                0x0802258c       0x2c Thirdparty\STM32G0xx_HAL_Driver\Src\stm32g0xx_hal_rcc.o
                0x0802258c                HAL_RCC_GetPCLK1Freq
 .text.HAL_RCCEx_PeriphCLKConfig
                0x080225b8      0x478 Thirdparty\STM32G0xx_HAL_Driver\Src\stm32g0xx_hal_rcc_ex.o
                0x080225b8                HAL_RCCEx_PeriphCLKConfig
 .text.HAL_RTC_Init
                0x08022a30      0x144 Thirdparty\STM32G0xx_HAL_Driver\Src\stm32g0xx_hal_rtc.o
                0x08022a30                HAL_RTC_Init
 .text.HAL_RTC_DeInit
                0x08022b74      0x138 Thirdparty\STM32G0xx_HAL_Driver\Src\stm32g0xx_hal_rtc.o
                0x08022b74                HAL_RTC_DeInit
 .text.HAL_RTC_SetTime
                0x08022cac      0x150 Thirdparty\STM32G0xx_HAL_Driver\Src\stm32g0xx_hal_rtc.o
                0x08022cac                HAL_RTC_SetTime
 .text.HAL_RTC_GetTime
                0x08022dfc       0xb8 Thirdparty\STM32G0xx_HAL_Driver\Src\stm32g0xx_hal_rtc.o
                0x08022dfc                HAL_RTC_GetTime
 .text.HAL_RTC_SetDate
                0x08022eb4      0x124 Thirdparty\STM32G0xx_HAL_Driver\Src\stm32g0xx_hal_rtc.o
                0x08022eb4                HAL_RTC_SetDate
 .text.HAL_RTC_GetDate
                0x08022fd8       0x9c Thirdparty\STM32G0xx_HAL_Driver\Src\stm32g0xx_hal_rtc.o
                0x08022fd8                HAL_RTC_GetDate
 .text.HAL_RTC_WaitForSynchro
                0x08023074       0x4c Thirdparty\STM32G0xx_HAL_Driver\Src\stm32g0xx_hal_rtc.o
                0x08023074                HAL_RTC_WaitForSynchro
 .text.RTC_EnterInitMode
                0x080230c0       0x84 Thirdparty\STM32G0xx_HAL_Driver\Src\stm32g0xx_hal_rtc.o
                0x080230c0                RTC_EnterInitMode
 .text.RTC_ExitInitMode
                0x08023144       0x88 Thirdparty\STM32G0xx_HAL_Driver\Src\stm32g0xx_hal_rtc.o
                0x08023144                RTC_ExitInitMode
 .text.RTC_ByteToBcd2
                0x080231cc       0x50 Thirdparty\STM32G0xx_HAL_Driver\Src\stm32g0xx_hal_rtc.o
                0x080231cc                RTC_ByteToBcd2
 .text.RTC_Bcd2ToByte
                0x0802321c       0x3a Thirdparty\STM32G0xx_HAL_Driver\Src\stm32g0xx_hal_rtc.o
                0x0802321c                RTC_Bcd2ToByte
 .text.HAL_RTCEx_BKUPWrite
                0x08023256       0x3a Thirdparty\STM32G0xx_HAL_Driver\Src\stm32g0xx_hal_rtc_ex.o
                0x08023256                HAL_RTCEx_BKUPWrite
 .text.HAL_RTCEx_BKUPRead