Archive member included to satisfy reference by file (symbol)

C:/ST/STM32CubeIDE_1.17.0/STM32CubeIDE/plugins/com.st.stm32cube.ide.mcu.externaltools.gnu-tools-for-stm32.12.3.rel1.win32_1.1.0.202410251130/tools/bin/../lib/gcc/arm-none-eabi/12.3.1/../../../../arm-none-eabi/lib/thumb/v6-m/nofp\libc.a(libc_a-atof.o)
                              BOS\BOS_CLI.o (atof)
C:/ST/STM32CubeIDE_1.17.0/STM32CubeIDE/plugins/com.st.stm32cube.ide.mcu.externaltools.gnu-tools-for-stm32.12.3.rel1.win32_1.1.0.202410251130/tools/bin/../lib/gcc/arm-none-eabi/12.3.1/../../../../arm-none-eabi/lib/thumb/v6-m/nofp\libc.a(libc_a-atoi.o)
                              BOS\BOS_CLI.o (atoi)
C:/ST/STM32CubeIDE_1.17.0/STM32CubeIDE/plugins/com.st.stm32cube.ide.mcu.externaltools.gnu-tools-for-stm32.12.3.rel1.win32_1.1.0.202410251130/tools/bin/../lib/gcc/arm-none-eabi/12.3.1/../../../../arm-none-eabi/lib/thumb/v6-m/nofp\libc.a(libc_a-atol.o)
                              BOS\BOS.o (atol)
C:/ST/STM32CubeIDE_1.17.0/STM32CubeIDE/plugins/com.st.stm32cube.ide.mcu.externaltools.gnu-tools-for-stm32.12.3.rel1.win32_1.1.0.202410251130/tools/bin/../lib/gcc/arm-none-eabi/12.3.1/../../../../arm-none-eabi/lib/thumb/v6-m/nofp\libc.a(libc_a-exit.o)
                              C:/ST/STM32CubeIDE_1.17.0/STM32CubeIDE/plugins/com.st.stm32cube.ide.mcu.externaltools.gnu-tools-for-stm32.12.3.rel1.win32_1.1.0.202410251130/tools/bin/../lib/gcc/arm-none-eabi/12.3.1/../../../../arm-none-eabi/lib/thumb/v6-m/nofp/crt0.o (exit)
C:/ST/STM32CubeIDE_1.17.0/STM32CubeIDE/plugins/com.st.stm32cube.ide.mcu.externaltools.gnu-tools-for-stm32.12.3.rel1.win32_1.1.0.202410251130/tools/bin/../lib/gcc/arm-none-eabi/12.3.1/../../../../arm-none-eabi/lib/thumb/v6-m/nofp\libc.a(libc_a-malloc.o)
                              BOS\BOS.o (malloc)
C:/ST/STM32CubeIDE_1.17.0/STM32CubeIDE/plugins/com.st.stm32cube.ide.mcu.externaltools.gnu-tools-for-stm32.12.3.rel1.win32_1.1.0.202410251130/tools/bin/../lib/gcc/arm-none-eabi/12.3.1/../../../../arm-none-eabi/lib/thumb/v6-m/nofp\libc.a(libc_a-mallocr.o)
                              C:/ST/STM32CubeIDE_1.17.0/STM32CubeIDE/plugins/com.st.stm32cube.ide.mcu.externaltools.gnu-tools-for-stm32.12.3.rel1.win32_1.1.0.202410251130/tools/bin/../lib/gcc/arm-none-eabi/12.3.1/../../../../arm-none-eabi/lib/thumb/v6-m/nofp\libc.a(libc_a-malloc.o) (_malloc_r)
C:/ST/STM32CubeIDE_1.17.0/STM32CubeIDE/plugins/com.st.stm32cube.ide.mcu.externaltools.gnu-tools-for-stm32.12.3.rel1.win32_1.1.0.202410251130/tools/bin/../lib/gcc/arm-none-eabi/12.3.1/../../../../arm-none-eabi/lib/thumb/v6-m/nofp\libc.a(libc_a-mlock.o)
                              C:/ST/STM32CubeIDE_1.17.0/STM32CubeIDE/plugins/com.st.stm32cube.ide.mcu.externaltools.gnu-tools-for-stm32.12.3.rel1.win32_1.1.0.202410251130/tools/bin/../lib/gcc/arm-none-eabi/12.3.1/../../../../arm-none-eabi/lib/thumb/v6-m/nofp\libc.a(libc_a-mallocr.o) (__malloc_lock)
C:/ST/STM32CubeIDE_1.17.0/STM32CubeIDE/plugins/com.st.stm32cube.ide.mcu.externaltools.gnu-tools-for-stm32.12.3.rel1.win32_1.1.0.202410251130/tools/bin/../lib/gcc/arm-none-eabi/12.3.1/../../../../arm-none-eabi/lib/thumb/v6-m/nofp\libc.a(libc_a-rand.o)
                              User\main.o (srand)
C:/ST/STM32CubeIDE_1.17.0/STM32CubeIDE/plugins/com.st.stm32cube.ide.mcu.externaltools.gnu-tools-for-stm32.12.3.rel1.win32_1.1.0.202410251130/tools/bin/../lib/gcc/arm-none-eabi/12.3.1/../../../../arm-none-eabi/lib/thumb/v6-m/nofp\libc.a(libc_a-realloc.o)
                              BOS\BOS_CLI.o (realloc)
C:/ST/STM32CubeIDE_1.17.0/STM32CubeIDE/plugins/com.st.stm32cube.ide.mcu.externaltools.gnu-tools-for-stm32.12.3.rel1.win32_1.1.0.202410251130/tools/bin/../lib/gcc/arm-none-eabi/12.3.1/../../../../arm-none-eabi/lib/thumb/v6-m/nofp\libc.a(libc_a-reallocr.o)
                              C:/ST/STM32CubeIDE_1.17.0/STM32CubeIDE/plugins/com.st.stm32cube.ide.mcu.externaltools.gnu-tools-for-stm32.12.3.rel1.win32_1.1.0.202410251130/tools/bin/../lib/gcc/arm-none-eabi/12.3.1/../../../../arm-none-eabi/lib/thumb/v6-m/nofp\libc.a(libc_a-realloc.o) (_realloc_r)
C:/ST/STM32CubeIDE_1.17.0/STM32CubeIDE/plugins/com.st.stm32cube.ide.mcu.externaltools.gnu-tools-for-stm32.12.3.rel1.win32_1.1.0.202410251130/tools/bin/../lib/gcc/arm-none-eabi/12.3.1/../../../../arm-none-eabi/lib/thumb/v6-m/nofp\libc.a(libc_a-strtod.o)
                              C:/ST/STM32CubeIDE_1.17.0/STM32CubeIDE/plugins/com.st.stm32cube.ide.mcu.externaltools.gnu-tools-for-stm32.12.3.rel1.win32_1.1.0.202410251130/tools/bin/../lib/gcc/arm-none-eabi/12.3.1/../../../../arm-none-eabi/lib/thumb/v6-m/nofp\libc.a(libc_a-atof.o) (strtod)
C:/ST/STM32CubeIDE_1.17.0/STM32CubeIDE/plugins/com.st.stm32cube.ide.mcu.externaltools.gnu-tools-for-stm32.12.3.rel1.win32_1.1.0.202410251130/tools/bin/../lib/gcc/arm-none-eabi/12.3.1/../../../../arm-none-eabi/lib/thumb/v6-m/nofp\libc.a(libc_a-strtol.o)
[...]
Memory Configuration

Name             Origin             Length             Attributes
RAM              0x20000000         0x00024000         xrw
FLASH            0x08000000         0x00080000         xr
*default*        0x00000000         0xffffffff

Linker script and memory map

LOAD C:/ST/STM32CubeIDE_1.17.0/STM32CubeIDE/plugins/com.st.stm32cube.ide.mcu.externaltools.gnu-tools-for-stm32.12.3.rel1.win32_1.1.0.202410251130/tools/bin/../lib/gcc/arm-none-eabi/12.3.1/thumb/v6-m/nofp/crti.o
LOAD C:/ST/STM32CubeIDE_1.17.0/STM32CubeIDE/plugins/com.st.stm32cube.ide.mcu.externaltools.gnu-tools-for-stm32.12.3.rel1.win32_1.1.0.202410251130/tools/bin/../lib/gcc/arm-none-eabi/12.3.1/thumb/v6-m/nofp/crtbegin.o
LOAD C:/ST/STM32CubeIDE_1.17.0/STM32CubeIDE/plugins/com.st.stm32cube.ide.mcu.externaltools.gnu-tools-for-stm32.12.3.rel1.win32_1.1.0.202410251130/tools/bin/../lib/gcc/arm-none-eabi/12.3.1/../../../../arm-none-eabi/lib/thumb/v6-m/nofp/crt0.o
LOAD BOS\BOS.o
LOAD BOS\BOS_CLI.o
LOAD BOS\BOS_CLIcommands.o
LOAD BOS\BOS_dma.o
LOAD BOS\BOS_freertos.o
LOAD BOS\BOS_messaging.o
LOAD BOS\BOS_msgparser.o
LOAD H16R6\APA102_LedMatrix.o
LOAD H16R6\H16R6.o
LOAD H16R6\H16R6_dma.o
LOAD H16R6\H16R6_eeprom.o
LOAD H16R6\H16R6_gpio.o
LOAD H16R6\H16R6_inputs.o
LOAD H16R6\H16R6_it.o
LOAD H16R6\H16R6_rtc.o
LOAD H16R6\H16R6_spi.o
LOAD H16R6\H16R6_timers.o
LOAD H16R6\H16R6_uart.o
LOAD H16R6\startup_stm32g0b1ceuxn.o
LOAD Thirdparty\CMSIS\STM32G0xx\Device\ST\STM32G0xx\Source\Templates\system_stm32g0xx.o
LOAD Thirdparty\EEPROM_Emul\Core\eeprom_emul.o
LOAD Thirdparty\EEPROM_Emul\Porting\STM32G0\flash_interface.o
LOAD Thirdparty\Middleware\STM32G0xx\FreeRTOS\Source\CMSIS_RTOS\cmsis_os.o
LOAD Thirdparty\Middleware\STM32G0xx\FreeRTOS\Source\FreeRTOS_CLI.o
LOAD Thirdparty\Middleware\STM32G0xx\FreeRTOS\Source\croutine.o
LOAD Thirdparty\Middleware\STM32G0xx\FreeRTOS\Source\event_groups.o
LOAD Thirdparty\Middleware\STM32G0xx\FreeRTOS\Source\list.o
LOAD Thirdparty\Middleware\STM32G0xx\FreeRTOS\Source\portable\GCC\ARM_CM0\port.o
LOAD Thirdparty\Middleware\STM32G0xx\FreeRTOS\Source\portable\MemMang\heap_4.o
LOAD Thirdparty\Middleware\STM32G0xx\FreeRTOS\Source\queue.o
LOAD Thirdparty\Middleware\STM32G0xx\FreeRTOS\Source\stream_buffer.o
LOAD Thirdparty\Middleware\STM32G0xx\FreeRTOS\Source\tasks.o
LOAD Thirdparty\Middleware\STM32G0xx\FreeRTOS\Source\timers.o
LOAD Thirdparty\STM32G0xx_HAL_Driver\Src\stm32g0xx_hal.o
LOAD Thirdparty\STM32G0xx_HAL_Driver\Src\stm32g0xx_hal_adc.o
LOAD Thirdparty\STM32G0xx_HAL_Driver\Src\stm32g0xx_hal_adc_ex.o
LOAD Thirdparty\STM32G0xx_HAL_Driver\Src\stm32g0xx_hal_cec.o
LOAD Thirdparty\STM32G0xx_HAL_Driver\Src\stm32g0xx_hal_comp.o
LOAD Thirdparty\STM32G0xx_HAL_Driver\Src\stm32g0xx_hal_cortex.o
LOAD Thirdparty\STM32G0xx_HAL_Driver\Src\stm32g0xx_hal_crc.o
LOAD Thirdparty\STM32G0xx_HAL_Driver\Src\stm32g0xx_hal_crc_ex.o
LOAD Thirdparty\STM32G0xx_HAL_Driver\Src\stm32g0xx_hal_cryp.o
LOAD Thirdparty\STM32G0xx_HAL_Driver\Src\stm32g0xx_hal_cryp_ex.o
LOAD Thirdparty\STM32G0xx_HAL_Driver\Src\stm32g0xx_hal_dac.o
LOAD Thirdparty\STM32G0xx_HAL_Driver\Src\stm32g0xx_hal_dac_ex.o
LOAD Thirdparty\STM32G0xx_HAL_Driver\Src\stm32g0xx_hal_dma.o
LOAD Thirdparty\STM32G0xx_HAL_Driver\Src\stm32g0xx_hal_dma_ex.o
LOAD Thirdparty\STM32G0xx_HAL_Driver\Src\stm32g0xx_hal_exti.o
LOAD Thirdparty\STM32G0xx_HAL_Driver\Src\stm32g0xx_hal_fdcan.o
LOAD Thirdparty\STM32G0xx_HAL_Driver\Src\stm32g0xx_hal_flash.o
LOAD Thirdparty\STM32G0xx_HAL_Driver\Src\stm32g0xx_hal_flash_ex.o
LOAD Thirdparty\STM32G0xx_HAL_Driver\Src\stm32g0xx_hal_gpio.o
LOAD Thirdparty\STM32G0xx_HAL_Driver\Src\stm32g0xx_hal_hcd.o
LOAD Thirdparty\STM32G0xx_HAL_Driver\Src\stm32g0xx_hal_i2c.o
LOAD Thirdparty\STM32G0xx_HAL_Driver\Src\stm32g0xx_hal_i2c_ex.o
LOAD Thirdparty\STM32G0xx_HAL_Driver\Src\stm32g0xx_hal_i2s.o
LOAD Thirdparty\STM32G0xx_HAL_Driver\Src\stm32g0xx_hal_irda.o
LOAD Thirdparty\STM32G0xx_HAL_Driver\Src\stm32g0xx_hal_iwdg.o
LOAD Thirdparty\STM32G0xx_HAL_Driver\Src\stm32g0xx_hal_lptim.o
LOAD Thirdparty\STM32G0xx_HAL_Driver\Src\stm32g0xx_hal_msp_template.o
LOAD Thirdparty\STM32G0xx_HAL_Driver\Src\stm32g0xx_hal_pcd.o
LOAD Thirdparty\STM32G0xx_HAL_Driver\Src\stm32g0xx_hal_pcd_ex.o
LOAD Thirdparty\STM32G0xx_HAL_Driver\Src\stm32g0xx_hal_pwr.o
LOAD Thirdparty\STM32G0xx_HAL_Driver\Src\stm32g0xx_hal_pwr_ex.o
LOAD Thirdparty\STM32G0xx_HAL_Driver\Src\stm32g0xx_hal_rcc.o
LOAD Thirdparty\STM32G0xx_HAL_Driver\Src\stm32g0xx_hal_rcc_ex.o
LOAD Thirdparty\STM32G0xx_HAL_Driver\Src\stm32g0xx_hal_rng.o
LOAD Thirdparty\STM32G0xx_HAL_Driver\Src\stm32g0xx_hal_rtc.o
LOAD Thirdparty\STM32G0xx_HAL_Driver\Src\stm32g0xx_hal_rtc_ex.o
LOAD Thirdparty\STM32G0xx_HAL_Driver\Src\stm32g0xx_hal_smartcard.o
LOAD Thirdparty\STM32G0xx_HAL_Driver\Src\stm32g0xx_hal_smartcard_ex.o
LOAD Thirdparty\STM32G0xx_HAL_Driver\Src\stm32g0xx_hal_smbus.o
LOAD Thirdparty\STM32G0xx_HAL_Driver\Src\stm32g0xx_hal_smbus_ex.o
LOAD Thirdparty\STM32G0xx_HAL_Driver\Src\stm32g0xx_hal_spi.o
LOAD Thirdparty\STM32G0xx_HAL_Driver\Src\stm32g0xx_hal_spi_ex.o
LOAD Thirdparty\STM32G0xx_HAL_Driver\Src\stm32g0xx_hal_tim.o
LOAD Thirdparty\STM32G0xx_HAL_Driver\Src\stm32g0xx_hal_tim_ex.o
LOAD Thirdparty\STM32G0xx_HAL_Driver\Src\stm32g0xx_hal_uart.o
LOAD Thirdparty\STM32G0xx_HAL_Driver\Src\stm32g0xx_hal_uart_ex.o
LOAD Thirdparty\STM32G0xx_HAL_Driver\Src\stm32g0xx_hal_usart.o
LOAD Thirdparty\STM32G0xx_HAL_Driver\Src\stm32g0xx_hal_usart_ex.o
LOAD Thirdparty\STM32G0xx_HAL_Driver\Src\stm32g0xx_hal_wwdg.o
LOAD Thirdparty\STM32G0xx_HAL_Driver\Src\stm32g0xx_ll_adc.o
LOAD Thirdparty\STM32G0xx_HAL_Driver\Src\stm32g0xx_ll_comp.o
LOAD Thirdparty\STM32G0xx_HAL_Driver\Src\stm32g0xx_ll_crc.o
LOAD Thirdparty\STM32G0xx_HAL_Driver\Src\stm32g0xx_ll_crs.o
LOAD Thirdparty\STM32G0xx_HAL_Driver\Src\stm32g0xx_ll_dac.o
LOAD Thirdparty\STM32G0xx_HAL_Driver\Src\stm32g0xx_ll_dma.o
LOAD Thirdparty\STM32G0xx_HAL_Driver\Src\stm32g0xx_ll_exti.o
LOAD Thirdparty\STM32G0xx_HAL_Driver\Src\stm32g0xx_ll_gpio.o
LOAD Thirdparty\STM32G0xx_HAL_Driver\Src\stm32g0xx_ll_i2c.o
LOAD Thirdparty\STM32G0xx_HAL_Driver\Src\stm32g0xx_ll_lptim.o
LOAD Thirdparty\STM32G0xx_HAL_Driver\Src\stm32g0xx_ll_lpuart.o
LOAD Thirdparty\STM32G0xx_HAL_Driver\Src\stm32g0xx_ll_pwr.o
LOAD Thirdparty\STM32G0xx_HAL_Driver\Src\stm32g0xx_ll_rcc.o
LOAD Thirdparty\STM32G0xx_HAL_Driver\Src\stm32g0xx_ll_rng.o
LOAD Thirdparty\STM32G0xx_HAL_Driver\Src\stm32g0xx_ll_rtc.o
LOAD Thirdparty\STM32G0xx_HAL_Driver\Src\stm32g0xx_ll_spi.o
LOAD Thirdparty\STM32G0xx_HAL_Driver\Src\stm32g0xx_ll_tim.o
LOAD Thirdparty\STM32G0xx_HAL_Driver\Src\stm32g0xx_ll_ucpd.o
LOAD Thirdparty\STM32G0xx_HAL_Driver\Src\stm32g0xx_ll_usart.o
LOAD Thirdparty\STM32G0xx_HAL_Driver\Src\stm32g0xx_ll_usb.o
LOAD Thirdparty\STM32G0xx_HAL_Driver\Src\stm32g0xx_ll_utils.o
LOAD User\main.o
LOAD syscalls.o
START GROUP
LOAD C:/ST/STM32CubeIDE_1.17.0/STM32CubeIDE/plugins/com.st.stm32cube.ide.mcu.externaltools.gnu-tools-for-stm32.12.3.rel1.win32_1.1.0.202410251130/tools/bin/../lib/gcc/arm-none-eabi/12.3.1/../../../../arm-none-eabi/lib/thumb/v6-m/nofp\libc.a
LOAD C:/ST/STM32CubeIDE_1.17.0/STM32CubeIDE/plugins/com.st.stm32cube.ide.mcu.externaltools.gnu-tools-for-stm32.12.3.rel1.win32_1.1.0.202410251130/tools/bin/../lib/gcc/arm-none-eabi/12.3.1/../../../../arm-none-eabi/lib/thumb/v6-m/nofp\libm.a
END GROUP
START GROUP
LOAD C:/ST/STM32CubeIDE_1.17.0/STM32CubeIDE/plugins/com.st.stm32cube.ide.mcu.externaltools.gnu-tools-for-stm32.12.3.rel1.win32_1.1.0.202410251130/tools/bin/../lib/gcc/arm-none-eabi/12.3.1/thumb/v6-m/nofp\libgcc.a
LOAD C:/ST/STM32CubeIDE_1.17.0/STM32CubeIDE/plugins/com.st.stm32cube.ide.mcu.externaltools.gnu-tools-for-stm32.12.3.rel1.win32_1.1.0.202410251130/tools/bin/../lib/gcc/arm-none-eabi/12.3.1/../../../../arm-none-eabi/lib/thumb/v6-m/nofp\libc.a
END GROUP
START GROUP
LOAD C:/ST/STM32CubeIDE_1.17.0/STM32CubeIDE/plugins/com.st.stm32cube.ide.mcu.externaltools.gnu-tools-for-stm32.12.3.rel1.win32_1.1.0.202410251130/tools/bin/../lib/gcc/arm-none-eabi/12.3.1/thumb/v6-m/nofp\libgcc.a
LOAD C:/ST/STM32CubeIDE_1.17.0/STM32CubeIDE/plugins/com.st.stm32cube.ide.mcu.externaltools.gnu-tools-for-stm32.12.3.rel1.win32_1.1.0.202410251130/tools/bin/../lib/gcc/arm-none-eabi/12.3.1/../../../../arm-none-eabi/lib/thumb/v6-m/nofp\libc.a
LOAD C:/ST/STM32CubeIDE_1.17.0/STM32CubeIDE/plugins/com.st.stm32cube.ide.mcu.externaltools.gnu-tools-for-stm32.12.3.rel1.win32_1.1.0.202410251130/tools/bin/../lib/gcc/arm-none-eabi/12.3.1/../../../../arm-none-eabi/lib/thumb/v6-m/nofp\libnosys.a
END GROUP
LOAD C:/ST/STM32CubeIDE_1.17.0/STM32CubeIDE/plugins/com.st.stm32cube.ide.mcu.externaltools.gnu-tools-for-stm32.12.3.rel1.win32_1.1.0.202410251130/tools/bin/../lib/gcc/arm-none-eabi/12.3.1/thumb/v6-m/nofp/crtend.o
LOAD C:/ST/STM32CubeIDE_1.17.0/STM32CubeIDE/plugins/com.st.stm32cube.ide.mcu.externaltools.gnu-tools-for-stm32.12.3.rel1.win32_1.1.0.202410251130/tools/bin/../lib/gcc/arm-none-eabi/12.3.1/thumb/v6-m/nofp/crtn.o
                0x20024000                        _estack = (ORIGIN (RAM) + LENGTH (RAM))
                0x00000200                        _Min_Heap_Size = 0x200
                0x00000400                        _Min_Stack_Size = 0x400

.isr_vector     0x08000000       0xbc
                0x08000000                        . = ALIGN (0x4)
 *(.isr_vector)
 .isr_vector    0x08000000       0xbc H16R6\startup_stm32g0b1ceuxn.o
                0x08000000                g_pfnVectors
                0x080000bc                        . = ALIGN (0x4)

.text           0x080000c0    0x2fa88
                0x080000c0                        . = ALIGN (0x4)
 *(.text)
 .text          0x080000c0       0x48 C:/ST/STM32CubeIDE_1.17.0/STM32CubeIDE/plugins/com.st.stm32cube.ide.mcu.externaltools.gnu-tools-for-stm32.12.3.rel1.win32_1.1.0.202410251130/tools/bin/../lib/gcc/arm-none-eabi/12.3.1/thumb/v6-m/nofp/crtbegin.o
 .text          0x08000108       0x14 C:/ST/STM32CubeIDE_1.17.0/STM32CubeIDE/plugins/com.st.stm32cube.ide.mcu.externaltools.gnu-tools-for-stm32.12.3.rel1.win32_1.1.0.202410251130/tools/bin/../lib/gcc/arm-none-eabi/12.3.1/../../../../arm-none-eabi/lib/thumb/v6-m/nofp\libc.a(libc_a-strcmp.o)
                0x08000108                strcmp
 .text          0x0800011c        0xe C:/ST/STM32CubeIDE_1.17.0/STM32CubeIDE/plugins/com.st.stm32cube.ide.mcu.externaltools.gnu-tools-for-stm32.12.3.rel1.win32_1.1.0.202410251130/tools/bin/../lib/gcc/arm-none-eabi/12.3.1/../../../../arm-none-eabi/lib/thumb/v6-m/nofp\libc.a(libc_a-strlen.o)
                0x0800011c                strlen
 *fill*         0x0800012a        0x2 
 .text          0x0800012c       0x14 C:/ST/STM32CubeIDE_1.17.0/STM32CubeIDE/plugins/com.st.stm32cube.ide.mcu.externaltools.gnu-tools-for-stm32.12.3.rel1.win32_1.1.0.202410251130/tools/bin/../lib/gcc/arm-none-eabi/12.3.1/thumb/v6-m/nofp\libgcc.a(_thumb1_case_uqi.o)
                0x0800012c                __gnu_thumb1_case_uqi
 .text          0x08000140       0x14 C:/ST/STM32CubeIDE_1.17.0/STM32CubeIDE/plugins/com.st.stm32cube.ide.mcu.externaltools.gnu-tools-for-stm32.12.3.rel1.win32_1.1.0.202410251130/tools/bin/../lib/gcc/arm-none-eabi/12.3.1/thumb/v6-m/nofp\libgcc.a(_thumb1_case_uhi.o)
                0x08000140                __gnu_thumb1_case_uhi
 .text          0x08000154      0x114 C:/ST/STM32CubeIDE_1.17.0/STM32CubeIDE/plugins/com.st.stm32cube.ide.mcu.externaltools.gnu-tools-for-stm32.12.3.rel1.win32_1.1.0.202410251130/tools/bin/../lib/gcc/arm-none-eabi/12.3.1/thumb/v6-m/nofp\libgcc.a(_udivsi3.o)
                0x08000154                __aeabi_uidiv
                0x08000154                __udivsi3
                0x08000260                __aeabi_uidivmod
 .text          0x08000268      0x1d4 C:/ST/STM32CubeIDE_1.17.0/STM32CubeIDE/plugins/com.st.stm32cube.ide.mcu.externaltools.gnu-tools-for-stm32.12.3.rel1.win32_1.1.0.202410251130/tools/bin/../lib/gcc/arm-none-eabi/12.3.1/thumb/v6-m/nofp\libgcc.a(_divsi3.o)
                0x08000268                __divsi3
                0x08000268                __aeabi_idiv
                0x08000434                __aeabi_idivmod
 .text          0x0800043c        0x4 C:/ST/STM32CubeIDE_1.17.0/STM32CubeIDE/plugins/com.st.stm32cube.ide.mcu.externaltools.gnu-tools-for-stm32.12.3.rel1.win32_1.1.0.202410251130/tools/bin/../lib/gcc/arm-none-eabi/12.3.1/thumb/v6-m/nofp\libgcc.a(_dvmd_tls.o)
                0x0800043c                __aeabi_idiv0
                0x0800043c                __aeabi_ldiv0
 .text          0x08000440       0x7c C:/ST/STM32CubeIDE_1.17.0/STM32CubeIDE/plugins/com.st.stm32cube.ide.mcu.externaltools.gnu-tools-for-stm32.12.3.rel1.win32_1.1.0.202410251130/tools/bin/../lib/gcc/arm-none-eabi/12.3.1/thumb/v6-m/nofp\libgcc.a(_arm_cmpdf2.o)
                0x08000440                __aeabi_cdrcmple
                0x08000450                __aeabi_cdcmple
                0x08000450                __aeabi_cdcmpeq
                0x08000460                __aeabi_dcmpeq
                0x0800046c                __aeabi_dcmplt
                0x08000480                __aeabi_dcmple
                0x08000494                __aeabi_dcmpgt
                0x080004a8                __aeabi_dcmpge
 .text          0x080004bc       0x74 C:/ST/STM32CubeIDE_1.17.0/STM32CubeIDE/plugins/com.st.stm32cube.ide.mcu.externaltools.gnu-tools-for-stm32.12.3.rel1.win32_1.1.0.202410251130/tools/bin/../lib/gcc/arm-none-eabi/12.3.1/thumb/v6-m/nofp\libgcc.a(_arm_cmpsf2.o)
                0x080004bc                __aeabi_cfrcmple
                0x080004c4                __aeabi_cfcmpeq
                0x080004c4                __aeabi_cfcmple
                0x080004d4                __aeabi_fcmpeq
                0x080004e0                __aeabi_fcmplt
                0x080004f4                __aeabi_fcmple
                0x08000508                __aeabi_fcmpgt
                0x0800051c                __aeabi_fcmpge
 .text          0x08000530       0x14 C:/ST/STM32CubeIDE_1.17.0/STM32CubeIDE/plugins/com.st.stm32cube.ide.mcu.externaltools.gnu-tools-for-stm32.12.3.rel1.win32_1.1.0.202410251130/tools/bin/../lib/gcc/arm-none-eabi/12.3.1/thumb/v6-m/nofp\libgcc.a(_aeabi_ulcmp.o)
                0x08000530                __aeabi_ulcmp
 .text          0x08000544       0x40 C:/ST/STM32CubeIDE_1.17.0/STM32CubeIDE/plugins/com.st.stm32cube.ide.mcu.externaltools.gnu-tools-for-stm32.12.3.rel1.win32_1.1.0.202410251130/tools/bin/../lib/gcc/arm-none-eabi/12.3.1/thumb/v6-m/nofp\libgcc.a(_aeabi_uldivmod.o)
                0x08000544                __aeabi_uldivmod
 .text          0x08000584       0x5c C:/ST/STM32CubeIDE_1.17.0/STM32CubeIDE/plugins/com.st.stm32cube.ide.mcu.externaltools.gnu-tools-for-stm32.12.3.rel1.win32_1.1.0.202410251130/tools/bin/../lib/gcc/arm-none-eabi/12.3.1/thumb/v6-m/nofp\libgcc.a(_muldi3.o)
                0x08000584                __muldi3
                0x08000584                __aeabi_lmul
 .text          0x080005e0       0x30 C:/ST/STM32CubeIDE_1.17.0/STM32CubeIDE/plugins/com.st.stm32cube.ide.mcu.externaltools.gnu-tools-for-stm32.12.3.rel1.win32_1.1.0.202410251130/tools/bin/../lib/gcc/arm-none-eabi/12.3.1/thumb/v6-m/nofp\libgcc.a(_fixunssfsi.o)
                0x080005e0                __fixunssfsi
                0x080005e0                __aeabi_f2uiz
 .text          0x08000610       0x3c C:/ST/STM32CubeIDE_1.17.0/STM32CubeIDE/plugins/com.st.stm32cube.ide.mcu.externaltools.gnu-tools-for-stm32.12.3.rel1.win32_1.1.0.202410251130/tools/bin/../lib/gcc/arm-none-eabi/12.3.1/thumb/v6-m/nofp\libgcc.a(_fixunsdfsi.o)
                0x08000610                __aeabi_d2uiz
                0x08000610                __fixunsdfsi
 .text          0x0800064c       0x38 C:/ST/STM32CubeIDE_1.17.0/STM32CubeIDE/plugins/com.st.stm32cube.ide.mcu.externaltools.gnu-tools-for-stm32.12.3.rel1.win32_1.1.0.202410251130/tools/bin/../lib/gcc/arm-none-eabi/12.3.1/thumb/v6-m/nofp\libgcc.a(_fixdfdi.o)
                0x0800064c                __fixdfdi
                0x0800064c                __aeabi_d2lz
 .text          0x08000684       0x3c C:/ST/STM32CubeIDE_1.17.0/STM32CubeIDE/plugins/com.st.stm32cube.ide.mcu.externaltools.gnu-tools-for-stm32.12.3.rel1.win32_1.1.0.202410251130/tools/bin/../lib/gcc/arm-none-eabi/12.3.1/thumb/v6-m/nofp\libgcc.a(_fixunsdfdi.o)
                0x08000684                __fixunsdfdi
                0x08000684                __aeabi_d2ulz
 .text          0x080006c0       0x2c C:/ST/STM32CubeIDE_1.17.0/STM32CubeIDE/plugins/com.st.stm32cube.ide.mcu.externaltools.gnu-tools-for-stm32.12.3.rel1.win32_1.1.0.202410251130/tools/bin/../lib/gcc/arm-none-eabi/12.3.1/thumb/v6-m/nofp\libgcc.a(_floatdidf.o)
                0x080006c0                __aeabi_l2d
                0x080006c0                __floatdidf
 .text          0x080006ec      0x198 C:/ST/STM32CubeIDE_1.17.0/STM32CubeIDE/plugins/com.st.stm32cube.ide.mcu.externaltools.gnu-tools-for-stm32.12.3.rel1.win32_1.1.0.202410251130/tools/bin/../lib/gcc/arm-none-eabi/12.3.1/thumb/v6-m/nofp\libgcc.a(_udivmoddi4.o)
                0x080006ec                __udivmoddi4
 .text          0x08000884      0x314 C:/ST/STM32CubeIDE_1.17.0/STM32CubeIDE/plugins/com.st.stm32cube.ide.mcu.externaltools.gnu-tools-for-stm32.12.3.rel1.win32_1.1.0.202410251130/tools/bin/../lib/gcc/arm-none-eabi/12.3.1/thumb/v6-m/nofp\libgcc.a(addsf3.o)
                0x08000884                __aeabi_fadd
 .text          0x08000b98      0x240 C:/ST/STM32CubeIDE_1.17.0/STM32CubeIDE/plugins/com.st.stm32cube.ide.mcu.externaltools.gnu-tools-for-stm32.12.3.rel1.win32_1.1.0.202410251130/tools/bin/../lib/gcc/arm-none-eabi/12.3.1/thumb/v6-m/nofp\libgcc.a(divsf3.o)
                0x08000b98                __aeabi_fdiv
 .text          0x08000dd8       0x50 C:/ST/STM32CubeIDE_1.17.0/STM32CubeIDE/plugins/com.st.stm32cube.ide.mcu.externaltools.gnu-tools-for-stm32.12.3.rel1.win32_1.1.0.202410251130/tools/bin/../lib/gcc/arm-none-eabi/12.3.1/thumb/v6-m/nofp\libgcc.a(eqsf2.o)
                0x08000dd8                __eqsf2
                0x08000dd8                __nesf2
 .text          0x08000e28       0xa0 C:/ST/STM32CubeIDE_1.17.0/STM32CubeIDE/plugins/com.st.stm32cube.ide.mcu.externaltools.gnu-tools-for-stm32.12.3.rel1.win32_1.1.0.202410251130/tools/bin/../lib/gcc/arm-none-eabi/12.3.1/thumb/v6-m/nofp\libgcc.a(gesf2.o)
                0x08000e28                __gesf2
                0x08000e28                __gtsf2
 .text          0x08000ec8       0x9c C:/ST/STM32CubeIDE_1.17.0/STM32CubeIDE/plugins/com.st.stm32cube.ide.mcu.externaltools.gnu-tools-for-stm32.12.3.rel1.win32_1.1.0.202410251130/tools/bin/../lib/gcc/arm-none-eabi/12.3.1/thumb/v6-m/nofp\libgcc.a(lesf2.o)
                0x08000ec8                __ltsf2
                0x08000ec8                __lesf2
 .text          0x08000f64      0x27c C:/ST/STM32CubeIDE_1.17.0/STM32CubeIDE/plugins/com.st.stm32cube.ide.mcu.externaltools.gnu-tools-for-stm32.12.3.rel1.win32_1.1.0.202410251130/tools/bin/../lib/gcc/arm-none-eabi/12.3.1/thumb/v6-m/nofp\libgcc.a(mulsf3.o)
                0x08000f64                __aeabi_fmul
 .text          0x080011e0      0x348 C:/ST/STM32CubeIDE_1.17.0/STM32CubeIDE/plugins/com.st.stm32cube.ide.mcu.externaltools.gnu-tools-for-stm32.12.3.rel1.win32_1.1.0.202410251130/tools/bin/../lib/gcc/arm-none-eabi/12.3.1/thumb/v6-m/nofp\libgcc.a(subsf3.o)
                0x080011e0                __aeabi_fsub
 .text          0x08001528       0x40 C:/ST/STM32CubeIDE_1.17.0/STM32CubeIDE/plugins/com.st.stm32cube.ide.mcu.externaltools.gnu-tools-for-stm32.12.3.rel1.win32_1.1.0.202410251130/tools/bin/../lib/gcc/arm-none-eabi/12.3.1/thumb/v6-m/nofp\libgcc.a(fixsfsi.o)
                0x08001528                __aeabi_f2iz
 .text          0x08001568       0x98 C:/ST/STM32CubeIDE_1.17.0/STM32CubeIDE/plugins/com.st.stm32cube.ide.mcu.externaltools.gnu-tools-for-stm32.12.3.rel1.win32_1.1.0.202410251130/tools/bin/../lib/gcc/arm-none-eabi/12.3.1/thumb/v6-m/nofp\libgcc.a(floatsisf.o)
                0x08001568                __aeabi_i2f
 .text          0x08001600       0x84 C:/ST/STM32CubeIDE_1.17.0/STM32CubeIDE/plugins/com.st.stm32cube.ide.mcu.externaltools.gnu-tools-for-stm32.12.3.rel1.win32_1.1.0.202410251130/tools/bin/../lib/gcc/arm-none-eabi/12.3.1/thumb/v6-m/nofp\libgcc.a(floatunsisf.o)
                0x08001600                __aeabi_ui2f
 .text          0x08001684      0x6c8 C:/ST/STM32CubeIDE_1.17.0/STM32CubeIDE/plugins/com.st.stm32cube.ide.mcu.externaltools.gnu-tools-for-stm32.12.3.rel1.win32_1.1.0.202410251130/tools/bin/../lib/gcc/arm-none-eabi/12.3.1/thumb/v6-m/nofp\libgcc.a(adddf3.o)
                0x08001684                __aeabi_dadd
 .text          0x08001d4c      0x634 C:/ST/STM32CubeIDE_1.17.0/STM32CubeIDE/plugins/com.st.stm32cube.ide.mcu.externaltools.gnu-tools-for-stm32.12.3.rel1.win32_1.1.0.202410251130/tools/bin/../lib/gcc/arm-none-eabi/12.3.1/thumb/v6-m/nofp\libgcc.a(divdf3.o)
                0x08001d4c                __aeabi_ddiv
 .text          0x08002380       0x88 C:/ST/STM32CubeIDE_1.17.0/STM32CubeIDE/plugins/com.st.stm32cube.ide.mcu.externaltools.gnu-tools-for-stm32.12.3.rel1.win32_1.1.0.202410251130/tools/bin/../lib/gcc/arm-none-eabi/12.3.1/thumb/v6-m/nofp\libgcc.a(eqdf2.o)
                0x08002380                __nedf2
                0x08002380                __eqdf2
 .text          0x08002408       0xe8 C:/ST/STM32CubeIDE_1.17.0/STM32CubeIDE/plugins/com.st.stm32cube.ide.mcu.externaltools.gnu-tools-for-stm32.12.3.rel1.win32_1.1.0.202410251130/tools/bin/../lib/gcc/arm-none-eabi/12.3.1/thumb/v6-m/nofp\libgcc.a(gedf2.o)
                0x08002408                __gedf2
                0x08002408                __gtdf2
 .text          0x080024f0       0xe4 C:/ST/STM32CubeIDE_1.17.0/STM32CubeIDE/plugins/com.st.stm32cube.ide.mcu.externaltools.gnu-tools-for-stm32.12.3.rel1.win32_1.1.0.202410251130/tools/bin/../lib/gcc/arm-none-eabi/12.3.1/thumb/v6-m/nofp\libgcc.a(ledf2.o)
                0x080024f0                __ledf2
                0x080024f0                __ltdf2
 .text          0x080025d4      0x590 C:/ST/STM32CubeIDE_1.17.0/STM32CubeIDE/plugins/com.st.stm32cube.ide.mcu.externaltools.gnu-tools-for-stm32.12.3.rel1.win32_1.1.0.202410251130/tools/bin/../lib/gcc/arm-none-eabi/12.3.1/thumb/v6-m/nofp\libgcc.a(muldf3.o)
                0x080025d4                __aeabi_dmul
 .text          0x08002b64      0x738 C:/ST/STM32CubeIDE_1.17.0/STM32CubeIDE/plugins/com.st.stm32cube.ide.mcu.externaltools.gnu-tools-for-stm32.12.3.rel1.win32_1.1.0.202410251130/tools/bin/../lib/gcc/arm-none-eabi/12.3.1/thumb/v6-m/nofp\libgcc.a(subdf3.o)
                0x08002b64                __aeabi_dsub
 .text          0x0800329c       0x44 C:/ST/STM32CubeIDE_1.17.0/STM32CubeIDE/plugins/com.st.stm32cube.ide.mcu.externaltools.gnu-tools-for-stm32.12.3.rel1.win32_1.1.0.202410251130/tools/bin/../lib/gcc/arm-none-eabi/12.3.1/thumb/v6-m/nofp\libgcc.a(unorddf2.o)
                0x0800329c                __aeabi_dcmpun
 .text          0x080032e0       0x78 C:/ST/STM32CubeIDE_1.17.0/STM32CubeIDE/plugins/com.st.stm32cube.ide.mcu.externaltools.gnu-tools-for-stm32.12.3.rel1.win32_1.1.0.202410251130/tools/bin/../lib/gcc/arm-none-eabi/12.3.1/thumb/v6-m/nofp\libgcc.a(fixdfsi.o)
                0x080032e0                __aeabi_d2iz
 .text          0x08003358       0x5c C:/ST/STM32CubeIDE_1.17.0/STM32CubeIDE/plugins/com.st.stm32cube.ide.mcu.externaltools.gnu-tools-for-stm32.12.3.rel1.win32_1.1.0.202410251130/tools/bin/../lib/gcc/arm-none-eabi/12.3.1/thumb/v6-m/nofp\libgcc.a(floatsidf.o)
                0x08003358                __aeabi_i2d
 .text          0x080033b4       0x48 C:/ST/STM32CubeIDE_1.17.0/STM32CubeIDE/plugins/com.st.stm32cube.ide.mcu.externaltools.gnu-tools-for-stm32.12.3.rel1.win32_1.1.0.202410251130/tools/bin/../lib/gcc/arm-none-eabi/12.3.1/thumb/v6-m/nofp\libgcc.a(floatunsidf.o)
                0x080033b4                __aeabi_ui2d
 .text          0x080033fc       0x90 C:/ST/STM32CubeIDE_1.17.0/STM32CubeIDE/plugins/com.st.stm32cube.ide.mcu.externaltools.gnu-tools-for-stm32.12.3.rel1.win32_1.1.0.202410251130/tools/bin/../lib/gcc/arm-none-eabi/12.3.1/thumb/v6-m/nofp\libgcc.a(extendsfdf2.o)
                0x080033fc                __aeabi_f2d
 .text          0x0800348c      0x108 C:/ST/STM32CubeIDE_1.17.0/STM32CubeIDE/plugins/com.st.stm32cube.ide.mcu.externaltools.gnu-tools-for-stm32.12.3.rel1.win32_1.1.0.202410251130/tools/bin/../lib/gcc/arm-none-eabi/12.3.1/thumb/v6-m/nofp\libgcc.a(truncdfsf2.o)
                0x0800348c                __aeabi_d2f
 .text          0x08003594       0x3c C:/ST/STM32CubeIDE_1.17.0/STM32CubeIDE/plugins/com.st.stm32cube.ide.mcu.externaltools.gnu-tools-for-stm32.12.3.rel1.win32_1.1.0.202410251130/tools/bin/../lib/gcc/arm-none-eabi/12.3.1/thumb/v6-m/nofp\libgcc.a(_clzsi2.o)
                0x08003594                __clzsi2
 .text          0x080035d0       0x18 C:/ST/STM32CubeIDE_1.17.0/STM32CubeIDE/plugins/com.st.stm32cube.ide.mcu.externaltools.gnu-tools-for-stm32.12.3.rel1.win32_1.1.0.202410251130/tools/bin/../lib/gcc/arm-none-eabi/12.3.1/thumb/v6-m/nofp\libgcc.a(_clzdi2.o)
                0x080035d0                __clzdi2
 *(.text*)
 .text.__NVIC_SystemReset
                0x080035e8       0x24 BOS\BOS.o
 .text.Processor_type
                0x0800360c       0x5a BOS\BOS.o
                0x0800360c                Processor_type
 *fill*         0x08003666        0x2 
 .text.Get_Module_Name
                0x08003668       0x28 BOS\BOS.o
                0x08003668                Get_Module_Name
 .text.Send_BOS_Message
                0x08003690       0xfc BOS\BOS.o
                0x08003690                Send_BOS_Message
 .text.LoadEEvars
                0x0800378c       0x2a BOS\BOS.o
                0x0800378c                LoadEEvars
 *fill*         0x080037b6        0x2 
 .text.LoadROtopology
                0x080037b8       0xfc BOS\BOS.o
                0x080037b8                LoadROtopology
 .text.LoadEEportsDir
                0x080038b4       0x68 BOS\BOS.o
                0x080038b4                LoadEEportsDir
 .text.LoadEEalias
                0x0800391c       0xd8 BOS\BOS.o
                0x0800391c                LoadEEalias
 .text.LoadEEgroup
                0x080039f4      0x120 BOS\BOS.o
                0x080039f4                LoadEEgroup
 .text.LoadEEstreams
                0x08003b14      0x228 BOS\BOS.o
                0x08003b14                LoadEEstreams
 .text.LoadEEparams
                0x08003d3c      0x2e4 BOS\BOS.o
                0x08003d3c                LoadEEparams
 .text.LoadEEbuttons
                0x08004020      0x2ec BOS\BOS.o
                0x08004020                LoadEEbuttons
 .text.LoadROsnippets
                0x0800430c      0x1d8 BOS\BOS.o
                0x0800430c                LoadROsnippets
 .text.SaveEEportsDir
                0x080044e4       0x78 BOS\BOS.o
                0x080044e4                SaveEEportsDir
 .text.SaveEEalias
                0x0800455c       0xd0 BOS\BOS.o
                0x0800455c                SaveEEalias
 .text.SaveEEstreams
                0x0800462c       0xdc BOS\BOS.o
                0x0800462c                SaveEEstreams
 .text.SaveEEparams
                0x08004708       0xb4 BOS\BOS.o
                0x08004708                SaveEEparams
 .text.ClearEEportsDir
                0x080047bc       0x84 BOS\BOS.o
                0x080047bc                ClearEEportsDir
 .text.EE_FormatForFactoryReset
                0x08004840       0x2c BOS\BOS.o
                0x08004840                EE_FormatForFactoryReset
 .text.IsLowerCLIbaud
                0x0800486c       0xe8 BOS\BOS.o
                0x0800486c                IsLowerCLIbaud
 .text.IsModuleParameter
                0x08004954       0x64 BOS\BOS.o
                0x08004954                IsModuleParameter
 .text.IsMathOperator
                0x080049b8       0xc4 BOS\BOS.o
                0x080049b8                IsMathOperator
 .text.BOS_Init
                0x08004a7c      0x13c BOS\BOS.o
                0x08004a7c                BOS_Init
 .text.Module_Init
                0x08004bb8       0x1e BOS\BOS.o
                0x08004bb8                Module_Init
 *fill*         0x08004bd6        0x2 
 .text.Explore  0x08004bd8      0xa24 BOS\BOS.o
                0x08004bd8                Explore
 .text.ExploreNeighbors
                0x080055fc       0x90 BOS\BOS.o
                0x080055fc                ExploreNeighbors
 .text.FindBroadcastRoutes
                0x0800568c      0x3b0 BOS\BOS.o
                0x0800568c                FindBroadcastRoutes
 .text.FindRoute
                0x08005a3c      0x2d8 BOS\BOS.o
                0x08005a3c                FindRoute
 .text.minArr   0x08005d14       0x88 BOS\BOS.o
                0x08005d14                minArr
 .text.QnotEmpty
                0x08005d9c       0x50 BOS\BOS.o
                0x08005d9c                QnotEmpty
 .text.DisplayTopology
                0x08005dec      0x258 BOS\BOS.o
                0x08005dec                DisplayTopology
 .text.DisplayPortsDir
                0x08006044      0x118 BOS\BOS.o
                0x08006044                DisplayPortsDir
 .text.DisplayModuleStatus
                0x0800615c      0x3b4 BOS\BOS.o
                0x0800615c                DisplayModuleStatus
 .text.GetID    0x08006510      0x15c BOS\BOS.o
                0x08006510                GetID
 .text.NameModule
                0x0800666c      0x140 BOS\BOS.o
                0x0800666c                NameModule
 .text.AddModuleToGroup
                0x080067ac      0x1b8 BOS\BOS.o
                0x080067ac                AddModuleToGroup
 .text.WriteToRemote
                0x08006964      0x1fc BOS\BOS.o
                0x08006964                WriteToRemote
 .text.GetDateString
                0x08006b60       0x5c BOS\BOS.o
                0x08006b60                GetDateString
 .text.Bridge   0x08006bbc       0x4c BOS\BOS.o
                0x08006bbc                Bridge
 .text.Unbridge
                0x08006c08       0xbc BOS\BOS.o
                0x08006c08                Unbridge
 .text.EnableStopModebyUARTx
                0x08006cc4       0xb8 BOS\BOS.o
                0x08006cc4                EnableStopModebyUARTx
 .text.EnableStandbyModebyWakeupPinx
                0x08006d7c       0x64 BOS\BOS.o
                0x08006d7c                EnableStandbyModebyWakeupPinx
 .text.DisableStandbyModeWakeupPinx
                0x08006de0       0x9c BOS\BOS.o
                0x08006de0                DisableStandbyModeWakeupPinx
 .text.prvCLITask
                0x08006e7c      0x278 BOS\BOS_CLI.o
                0x08006e7c                prvCLITask
 .text.CLI_CommandParser
                0x080070f4      0x57c BOS\BOS_CLI.o
                0x080070f4                CLI_CommandParser
 .text.StringToLowerCase
                0x08007670       0x6c BOS\BOS_CLI.o
                0x08007670                StringToLowerCase
 .text.AddSnippet
                0x080076dc      0x1b4 BOS\BOS_CLI.o
                0x080076dc                AddSnippet
 .text.ParseSnippetCondition
                0x08007890      0x7f8 BOS\BOS_CLI.o
                0x08007890                ParseSnippetCondition
 .text.ParseSnippetCommand
                0x08008088       0xc8 BOS\BOS_CLI.o
                0x08008088                ParseSnippetCommand
 .text.CheckSnippetCondition
                0x08008150      0x1b4 BOS\BOS_CLI.o
                0x08008150                CheckSnippetCondition
 .text.ExecuteSnippet
                0x08008304       0xd8 BOS\BOS_CLI.o
                0x08008304                ExecuteSnippet
 .text.__NVIC_SystemReset
                0x080083dc       0x24 BOS\BOS_CLIcommands.o
 .text.RegisterUserCLICommands
                0x08008400        0xa BOS\BOS_CLIcommands.o
                0x08008400                RegisterUserCLICommands
 *fill*         0x0800840a        0x2 
 .text.vRegisterCLICommands
                0x0800840c      0x1b0 BOS\BOS_CLIcommands.o
                0x0800840c                vRegisterCLICommands
 .text.prvTaskStatsCommand
                0x080085bc       0x40 BOS\BOS_CLIcommands.o
 .text.prvRunTimeStatsCommand
                0x080085fc       0x40 BOS\BOS_CLIcommands.o
 .text.pingCommand
                0x0800863c       0x9c BOS\BOS_CLIcommands.o
 .text.bootloaderUpdateCommand
                0x080086d8      0x200 BOS\BOS_CLIcommands.o
 .text.exploreCommand
                0x080088d8       0xf8 BOS\BOS_CLIcommands.o
 .text.resetCommand
                0x080089d0       0x10 BOS\BOS_CLIcommands.o
 .text.nameCommand
                0x080089e0       0xe8 BOS\BOS_CLIcommands.o
 .text.groupCommand
                0x08008ac8      0x2fc BOS\BOS_CLIcommands.o
 .text.statusCommand
                0x08008dc4       0x1c BOS\BOS_CLIcommands.o
 .text.infoCommand
                0x08008de0       0xfc BOS\BOS_CLIcommands.o
 .text.scastCommand
                0x08008edc      0x2dc BOS\BOS_CLIcommands.o
 .text.addbuttonCommand
                0x080091b8      0x150 BOS\BOS_CLIcommands.o
 .text.removebuttonCommand
                0x08009308       0x94 BOS\BOS_CLIcommands.o
 .text.setCommand
                0x0800939c      0xa04 BOS\BOS_CLIcommands.o
 .text.getCommand
                0x08009da0      0x310 BOS\BOS_CLIcommands.o
 .text.defaultCommand
                0x0800a0b0       0xf8 BOS\BOS_CLIcommands.o
 .text.timeCommand
                0x0800a1a8       0xd8 BOS\BOS_CLIcommands.o
 .text.dateCommand
                0x0800a280       0x34 BOS\BOS_CLIcommands.o
 .text.setBaudrateCommand
                0x0800a2b4       0xc0 BOS\BOS_CLIcommands.o
 .text.uuidCommand
                0x0800a374       0x70 BOS\BOS_CLIcommands.o
 .text.idcodeCommand
                0x0800a3e4       0xe0 BOS\BOS_CLIcommands.o
 .text.flashsizeCommand
                0x0800a4c4       0x34 BOS\BOS_CLIcommands.o
 .text.snipCommand
                0x0800a4f8      0x3ac BOS\BOS_CLIcommands.o
 .text.actSnipCommand
                0x0800a8a4       0xb8 BOS\BOS_CLIcommands.o
 .text.pauseSnipCommand
                0x0800a95c       0xb8 BOS\BOS_CLIcommands.o
 .text.delSnipCommand
                0x0800aa14      0x1d4 BOS\BOS_CLIcommands.o
 .text.bridgeCommand
                0x0800abe8      0x11c BOS\BOS_CLIcommands.o
 .text.unbridgeCommand
                0x0800ad04      0x11c BOS\BOS_CLIcommands.o
 .text.testportCommand
                0x0800ae20      0x2e8 BOS\BOS_CLIcommands.o
 .text.ADCReadCommand
                0x0800b108      0x134 BOS\BOS_CLIcommands.o
 .text.ReadTempCommand
                0x0800b23c       0x54 BOS\BOS_CLIcommands.o
 .text.ReadVrefCommand
                0x0800b290       0x54 BOS\BOS_CLIcommands.o
 .text.GetReadPrecentageCommand
                0x0800b2e4       0x98 BOS\BOS_CLIcommands.o
 .text.StartDMAstream
                0x0800b37c       0xb0 BOS\BOS_dma.o
                0x0800b37c                StartDMAstream
 .text.DMA_IRQHandler
                0x0800b42c      0x108 BOS\BOS_dma.o
                0x0800b42c                DMA_IRQHandler
 .text.ResetUartORE
                0x0800b534       0x54 BOS\BOS_dma.o
                0x0800b534                ResetUartORE
 .text.MX_FREERTOS_Init
                0x0800b588      0x260 BOS\BOS_freertos.o
                0x0800b588                MX_FREERTOS_Init
 .text.StartDefaultTask
                0x0800b7e8      0x10c BOS\BOS_freertos.o
                0x0800b7e8                StartDefaultTask
 .text.ExecuteMonitor
                0x0800b8f4      0x4c8 BOS\BOS_freertos.o
                0x0800b8f4                ExecuteMonitor
 .text.vMainConfigureTimerForRunTimeStats
                0x0800bdbc       0x2c BOS\BOS_freertos.o
                0x0800bdbc                vMainConfigureTimerForRunTimeStats
 .text.ulMainGetRunTimeCounterValue
                0x0800bde8       0x90 BOS\BOS_freertos.o
                0x0800bde8                ulMainGetRunTimeCounterValue
 .text.SetupDMAStreams
                0x0800be78      0x3c8 BOS\BOS_messaging.o
                0x0800be78                SetupDMAStreams
 .text.StreamTimerCallback
                0x0800c240       0x98 BOS\BOS_messaging.o
                0x0800c240                StreamTimerCallback
 .text.ForwardReceivedMessage
                0x0800c2d8       0x80 BOS\BOS_messaging.o
                0x0800c2d8                ForwardReceivedMessage
 .text.BroadcastReceivedMessage
                0x0800c358       0x70 BOS\BOS_messaging.o
                0x0800c358                BroadcastReceivedMessage
 .text.NotifyMessagingTask
                0x0800c3c8       0xa4 BOS\BOS_messaging.o
                0x0800c3c8                NotifyMessagingTask
 .text.BroadcastMessage
                0x0800c46c       0x94 BOS\BOS_messaging.o
                0x0800c46c                BroadcastMessage
 .text.SendMessageToModule
                0x0800c500       0xa4 BOS\BOS_messaging.o
                0x0800c500                SendMessageToModule
 .text.SendLargeMessageToModule
                0x0800c5a4      0x10c BOS\BOS_messaging.o
                0x0800c5a4                SendLargeMessageToModule
 .text.SendMessageFromPort
                0x0800c6b0      0x5a8 BOS\BOS_messaging.o
                0x0800c6b0                SendMessageFromPort
 .text.StartScastDMAStream
                0x0800cc58      0x314 BOS\BOS_messaging.o
                0x0800cc58                StartScastDMAStream
 .text.__NVIC_SystemReset
                0x0800cf6c       0x24 BOS\BOS_msgparser.o
 .text.BackEndTask
                0x0800cf90      0xbb8 BOS\BOS_msgparser.o
                0x0800cf90                BackEndTask
 .text.PxMessagingTask
                0x0800db48     0x4a98 BOS\BOS_msgparser.o
                0x0800db48                PxMessagingTask
 .text.User_MessagingParser
                0x080125e0       0x3a BOS\BOS_msgparser.o
                0x080125e0                User_MessagingParser
 *fill*         0x0801261a        0x2 
 .text.DigiLedInit
                0x0801261c       0x88 H16R6\APA102_LedMatrix.o
                0x0801261c                DigiLedInit
 .text.DigiLedSwitchColors
                0x080126a4       0xa0 H16R6\APA102_LedMatrix.o
                0x080126a4                DigiLedSwitchColors
 .text.DigiLedSetRGB
                0x08012744       0xe4 H16R6\APA102_LedMatrix.o
                0x08012744                DigiLedSetRGB
 .text.DigiLedSetAllRGB
                0x08012828       0x5e H16R6\APA102_LedMatrix.o
                0x08012828                DigiLedSetAllRGB
 *fill*         0x08012886        0x2 
 .text.DigiLedSetColor
                0x08012888       0xf0 H16R6\APA102_LedMatrix.o
                0x08012888                DigiLedSetColor
 .text.DigiLedSetAllColor
                0x08012978       0x40 H16R6\APA102_LedMatrix.o
                0x08012978                DigiLedSetAllColor
 .text.DigiLedSetLedOff
                0x080129b8       0x54 H16R6\APA102_LedMatrix.o
                0x080129b8                DigiLedSetLedOff
 .text.DigiLedSetAllLedOff
                0x08012a0c       0x2c H16R6\APA102_LedMatrix.o
                0x08012a0c                DigiLedSetAllLedOff
 .text.DigiLedSetLedOn
                0x08012a38       0x7c H16R6\APA102_LedMatrix.o
                0x08012a38                DigiLedSetLedOn
 .text.DigiLedSetAllLedOn
                0x08012ab4       0x38 H16R6\APA102_LedMatrix.o
                0x08012ab4                DigiLedSetAllLedOn
 .text.DigiLedUpdate
                0x08012aec       0xec H16R6\APA102_LedMatrix.o
                0x08012aec                DigiLedUpdate
 .text.DigiLedTestPosition
                0x08012bd8       0x30 H16R6\APA102_LedMatrix.o
                0x08012bd8                DigiLedTestPosition
 .text.DigiLedScrollMode
                0x08012c08       0xb8 H16R6\APA102_LedMatrix.o
                0x08012c08                DigiLedScrollMode
 .text.DigiLedFlashMode
                0x08012cc0       0x98 H16R6\APA102_LedMatrix.o
                0x08012cc0                DigiLedFlashMode
 .text.DigiLedRGBColorPickerMode
                0x08012d58       0x5c H16R6\APA102_LedMatrix.o
                0x08012d58                DigiLedRGBColorPickerMode
 .text.SystemClock_Config
                0x08012db4       0xb4 H16R6\H16R6.o
                0x08012db4                SystemClock_Config
 .text.SaveTopologyToRO
                0x08012e68      0x1bc H16R6\H16R6.o
                0x08012e68                SaveTopologyToRO
 .text.SaveSnippetsToRO
                0x08013024      0x1f8 H16R6\H16R6.o
                0x08013024                SaveSnippetsToRO
 .text.ClearROtopology
                0x0801321c       0x38 H16R6\H16R6.o
                0x0801321c                ClearROtopology
 .text.remoteBootloaderUpdate
                0x08013254      0x178 H16R6\H16R6.o
                0x08013254                remoteBootloaderUpdate
 .text.SetupPortForRemoteBootloaderUpdate
                0x080133cc       0x52 H16R6\H16R6.o
                0x080133cc                SetupPortForRemoteBootloaderUpdate
 *fill*         0x0801341e        0x2 
 .text.Module_Peripheral_Init
                0x08013420      0x138 H16R6\H16R6.o
                0x08013420                Module_Peripheral_Init
 .text.Module_MessagingTask
                0x08013558      0x95c H16R6\H16R6.o
                0x08013558                Module_MessagingTask
 .text.GetPort  0x08013eb4       0x80 H16R6\H16R6.o
                0x08013eb4                GetPort
 .text.RegisterModuleCLICommands
                0x08013f34       0x9c H16R6\H16R6.o
                0x08013f34                RegisterModuleCLICommands
 .text.LEDMatrixSetRGB
                0x08013fd0       0xe0 H16R6\H16R6.o
                0x08013fd0                LEDMatrixSetRGB
 .text.LEDMatrixSetAllRGB
                0x080140b0       0xa4 H16R6\H16R6.o
                0x080140b0                LEDMatrixSetAllRGB
 .text.LEDMatrixSetColor
                0x08014154       0x80 H16R6\H16R6.o
                0x08014154                LEDMatrixSetColor
 .text.LEDMatrixSetAllColor
                0x080141d4       0x52 H16R6\H16R6.o
                0x080141d4                LEDMatrixSetAllColor
 *fill*         0x08014226        0x2 
 .text.LEDMatrixSetLedOff
                0x08014228       0x94 H16R6\H16R6.o
                0x08014228                LEDMatrixSetLedOff
 .text.LEDMatrixSetAllLedOff
                0x080142bc       0x54 H16R6\H16R6.o
                0x080142bc                LEDMatrixSetAllLedOff
 .text.LEDMatrixSetLedOn
                0x08014310       0x72 H16R6\H16R6.o
                0x08014310                LEDMatrixSetLedOn
 .text.LEDMatrixSetAllLedOn
                0x08014382       0x46 H16R6\H16R6.o
                0x08014382                LEDMatrixSetAllLedOn
 .text.LEDMatrixScrollMode
                0x080143c8       0x50 H16R6\H16R6.o
                0x080143c8                LEDMatrixScrollMode
 .text.LEDMatrixFlashMode
                0x08014418       0x58 H16R6\H16R6.o
                0x08014418                LEDMatrixFlashMode
 .text.LEDMatrixRGBColorPickerMode
                0x08014470       0x44 H16R6\H16R6.o
                0x08014470                LEDMatrixRGBColorPickerMode
 .text.LEDMatrixSetColorSomeLed
                0x080144b4       0xac H16R6\H16R6.o
                0x080144b4                LEDMatrixSetColorSomeLed
 .text.LEDMatrixMotionMode
                0x08014560       0xbc H16R6\H16R6.o
                0x08014560                LEDMatrixMotionMode
 .text.LEDMatrixCrossFadeMode
                0x0801461c      0x138 H16R6\H16R6.o
                0x0801461c                LEDMatrixCrossFadeMode
 .text.LEDMatrixCrossFadeModeLEDRGB
                0x08014754      0x238 H16R6\H16R6.o
                0x08014754                LEDMatrixCrossFadeModeLEDRGB
 .text.LEDMatrixCrossFadeModeALLLEDRGB
                0x0801498c      0x25c H16R6\H16R6.o
                0x0801498c                LEDMatrixCrossFadeModeALLLEDRGB
 .text.RandomArray
                0x08014be8       0xd0 H16R6\H16R6.o
                0x08014be8                RandomArray
 .text.LEDMatrixSprinkleMode
                0x08014cb8      0x3ac H16R6\H16R6.o
                0x08014cb8                LEDMatrixSprinkleMode
 .text.CLI_SetRGBCommand
                0x08015064      0x1d0 H16R6\H16R6.o
                0x08015064                CLI_SetRGBCommand
 .text.CLI_SetAllRGBCommand
                0x08015234      0x168 H16R6\H16R6.o
                0x08015234                CLI_SetAllRGBCommand
 .text.CLI_SetColorCommand
                0x0801539c      0x2f0 H16R6\H16R6.o
                0x0801539c                CLI_SetColorCommand
 .text.CLI_SetAllColorCommand
                0x0801568c      0x290 H16R6\H16R6.o
                0x0801568c                CLI_SetAllColorCommand
 .text.CLI_SetLedOffCommand
                0x0801591c       0xa0 H16R6\H16R6.o
                0x0801591c                CLI_SetLedOffCommand
 .text.CLI_SetAllLedOffCommand
                0x080159bc       0x44 H16R6\H16R6.o
                0x080159bc                CLI_SetAllLedOffCommand
 .text.CLI_SetLedOnCommand
                0x08015a00       0xfc H16R6\H16R6.o
                0x08015a00                CLI_SetLedOnCommand
 .text.CLI_SetAllLedOnCommand
                0x08015afc       0xa0 H16R6\H16R6.o
                0x08015afc                CLI_SetAllLedOnCommand
 .text.CLI_ScrollModeCommand
                0x08015b9c      0x488 H16R6\H16R6.o
                0x08015b9c                CLI_ScrollModeCommand
 .text.CLI_FlashModeCommand
                0x08016024      0x4c4 H16R6\H16R6.o
                0x08016024                CLI_FlashModeCommand
 .text.CLI_SetColorSomeLedCommand
                0x080164e8      0x334 H16R6\H16R6.o
                0x080164e8                CLI_SetColorSomeLedCommand
 .text.DMA_Init
                0x0801681c       0x74 H16R6\H16R6_dma.o
                0x0801681c                DMA_Init
 .text.SetupMessagingRxDMAs
                0x08016890      0x11c H16R6\H16R6_dma.o
                0x08016890                SetupMessagingRxDMAs
 .text.DMA_MSG_RX_Setup
                0x080169ac       0x68 H16R6\H16R6_dma.o
                0x080169ac                DMA_MSG_RX_Setup
 .text.DMA_STREAM_Setup
                0x08016a14       0xf0 H16R6\H16R6_dma.o
                0x08016a14                DMA_STREAM_Setup
 .text.StopDMA  0x08016b04       0x98 H16R6\H16R6_dma.o
                0x08016b04                StopDMA
 .text.SwitchMsgDMAToStream
                0x08016b9c       0x52 H16R6\H16R6_dma.o
                0x08016b9c                SwitchMsgDMAToStream
 *fill*         0x08016bee        0x2 
 .text.SwitchStreamDMAToMsg
                0x08016bf0       0xc8 H16R6\H16R6_dma.o
                0x08016bf0                SwitchStreamDMAToMsg
 .text.CRC_Init
                0x08016cb8       0x44 H16R6\H16R6_dma.o
                0x08016cb8                CRC_Init
 .text.HAL_CRC_MspInit
                0x08016cfc       0x30 H16R6\H16R6_dma.o
                0x08016cfc                HAL_CRC_MspInit
 .text.CalculateCRC8
                0x08016d2c      0x154 H16R6\H16R6_dma.o
                0x08016d2c                CalculateCRC8
 .text.__NVIC_SystemReset
                0x08016e80       0x24 H16R6\H16R6_eeprom.o
 .text.EE_Init  0x08016ea4       0x56 H16R6\H16R6_eeprom.o
                0x08016ea4                EE_Init
 .text.EE_ReadVariable
                0x08016efa       0x42 H16R6\H16R6_eeprom.o
                0x08016efa                EE_ReadVariable
 .text.EE_WriteVariable
                0x08016f3c       0x72 H16R6\H16R6_eeprom.o
                0x08016f3c                EE_WriteVariable
 .text.EE_Format
                0x08016fae       0x3a H16R6\H16R6_eeprom.o
                0x08016fae                EE_Format
 .text.GPIO_Init
                0x08016fe8       0x90 H16R6\H16R6_gpio.o
                0x08016fe8                GPIO_Init
 .text.MX_GPIO_Init
                0x08017078       0x6c H16R6\H16R6_gpio.o
                0x08017078                MX_GPIO_Init
 .text.IND_LED_Init
                0x080170e4       0x38 H16R6\H16R6_gpio.o
                0x080170e4                IND_LED_Init
 .text.IsFactoryReset
                0x0801711c      0x15c H16R6\H16R6_gpio.o
                0x0801711c                IsFactoryReset
 .text.GetPortGPIOs
                0x08017278      0x13c H16R6\H16R6_gpio.o
                0x08017278                GetPortGPIOs
 .text.buttonPressedCallback
                0x080173b4       0x14 H16R6\H16R6_inputs.o
                0x080173b4                buttonPressedCallback
 .text.CheckAttachedButtons
                0x080173c8      0x7a8 H16R6\H16R6_inputs.o
                0x080173c8                CheckAttachedButtons
 .text.CheckForTimedButtonPress
                0x08017b70       0xfc H16R6\H16R6_inputs.o
                0x08017b70                CheckForTimedButtonPress
 .text.CheckForTimedButtonRelease
                0x08017c6c       0xfc H16R6\H16R6_inputs.o
                0x08017c6c                CheckForTimedButtonRelease
 .text.AddPortButton
                0x08017d68      0x268 H16R6\H16R6_inputs.o
                0x08017d68                AddPortButton
 .text.RemovePortButton
                0x08017fd0      0x208 H16R6\H16R6_inputs.o
                0x08017fd0                RemovePortButton
 .text.SetButtonEvents
                0x080181d8      0x6ec H16R6\H16R6_inputs.o
                0x080181d8                SetButtonEvents
 .text.MX_ADC_Init
                0x080188c4       0x88 H16R6\H16R6_inputs.o
                0x080188c4                MX_ADC_Init
 .text.HAL_ADC_MspInit
                0x0801894c       0xc4 H16R6\H16R6_inputs.o
                0x0801894c                HAL_ADC_MspInit
 .text.ADCSelectChannel
                0x08018a10       0xac H16R6\H16R6_inputs.o
                0x08018a10                ADCSelectChannel
 .text.ReadADCChannel
                0x08018abc      0x10c H16R6\H16R6_inputs.o
                0x08018abc                ReadADCChannel
 .text.ReadTempAndVref
                0x08018bc8      0x1f0 H16R6\H16R6_inputs.o
                0x08018bc8                ReadTempAndVref
 .text.GetReadPrecentage
                0x08018db8      0x220 H16R6\H16R6_inputs.o
                0x08018db8                GetReadPrecentage
 .text.Get_channel
                0x08018fd8       0xac H16R6\H16R6_inputs.o
                0x08018fd8                Get_channel
 .text.Error_Handler
                0x08019084       0x10 H16R6\H16R6_inputs.o
                0x08019084                Error_Handler
 .text.Get_Rank
                0x08019094       0xa4 H16R6\H16R6_inputs.o
                0x08019094                Get_Rank
 .text.buttonReleasedCallback
                0x08019138       0x14 H16R6\H16R6_inputs.o
                0x08019138                buttonReleasedCallback
 .text.buttonClickedCallback
                0x0801914c       0x14 H16R6\H16R6_inputs.o
                0x0801914c                buttonClickedCallback
 .text.buttonDblClickedCallback
                0x08019160       0x14 H16R6\H16R6_inputs.o
                0x08019160                buttonDblClickedCallback
 .text.buttonPressedForXCallback
                0x08019174       0x1a H16R6\H16R6_inputs.o
                0x08019174                buttonPressedForXCallback
 .text.buttonReleasedForYCallback
                0x0801918e       0x1a H16R6\H16R6_inputs.o
                0x0801918e                buttonReleasedForYCallback
 .text.__NVIC_SystemReset
                0x080191a8       0x24 H16R6\H16R6_it.o
 .text.SysTick_Handler
                0x080191cc       0x12 H16R6\H16R6_it.o
                0x080191cc                SysTick_Handler
 *fill*         0x080191de        0x2 
 .text.HardFault_Handler
                0x080191e0       0x40 H16R6\H16R6_it.o
                0x080191e0                HardFault_Handler
 .text.HAL_UARTEx_RxEventCallback
                0x08019220       0x5c H16R6\H16R6_it.o
                0x08019220                HAL_UARTEx_RxEventCallback
 .text.EXTI0_1_IRQHandler
                0x0801927c        0xa H16R6\H16R6_it.o
                0x0801927c                EXTI0_1_IRQHandler
 *fill*         0x08019286        0x2 
 .text.USART1_IRQHandler
                0x08019288       0xac H16R6\H16R6_it.o
                0x08019288                USART1_IRQHandler
 .text.USART2_LPUART2_IRQHandler
                0x08019334       0xac H16R6\H16R6_it.o
                0x08019334                USART2_LPUART2_IRQHandler
 .text.USART3_4_5_6_LPUART1_IRQHandler
                0x080193e0      0x258 H16R6\H16R6_it.o
                0x080193e0                USART3_4_5_6_LPUART1_IRQHandler
 .text.DMA1_Channel1_IRQHandler
                0x08019638       0x10 H16R6\H16R6_it.o
                0x08019638                DMA1_Channel1_IRQHandler
 .text.DMA1_Channel2_3_IRQHandler
                0x08019648       0x3c H16R6\H16R6_it.o
                0x08019648                DMA1_Channel2_3_IRQHandler
 .text.DMA1_Ch4_7_DMA2_Ch1_5_DMAMUX1_OVR_IRQHandler
                0x08019684       0x5c H16R6\H16R6_it.o
                0x08019684                DMA1_Ch4_7_DMA2_Ch1_5_DMAMUX1_OVR_IRQHandler
 .text.HAL_UART_TxCpltCallback
                0x080196e0       0x38 H16R6\H16R6_it.o
                0x080196e0                HAL_UART_TxCpltCallback
 .text.HAL_UART_ErrorCallback
                0x08019718       0xd4 H16R6\H16R6_it.o
                0x08019718                HAL_UART_ErrorCallback
 .text.HAL_UART_RxCpltCallback
                0x080197ec       0x10 H16R6\H16R6_it.o
                0x080197ec                HAL_UART_RxCpltCallback
 .text.HAL_UARTEx_WakeupCallback
                0x080197fc       0x5c H16R6\H16R6_it.o
                0x080197fc                HAL_UARTEx_WakeupCallback
 .text.vApplicationStackOverflowHook
                0x08019858       0x44 H16R6\H16R6_it.o
                0x08019858                vApplicationStackOverflowHook
 .text.vApplicationMallocFailedHook
                0x0801989c       0x40 H16R6\H16R6_it.o
                0x0801989c                vApplicationMallocFailedHook
 .text.RTC_Init
                0x080198dc       0xc4 H16R6\H16R6_rtc.o
                0x080198dc                RTC_Init
 .text.RTC_CalendarConfig
                0x080199a0      0x18c H16R6\H16R6_rtc.o
                0x080199a0                RTC_CalendarConfig
 .text.BOS_CalendarConfig
                0x08019b2c      0x128 H16R6\H16R6_rtc.o
                0x08019b2c                BOS_CalendarConfig
 .text.GetTimeDate
                0x08019c54       0x90 H16R6\H16R6_rtc.o
                0x08019c54                GetTimeDate
 .text.MX_SPI1_Init
                0x08019ce4       0x74 H16R6\H16R6_spi.o
                0x08019ce4                MX_SPI1_Init
 .text.HAL_SPI_MspInit
                0x08019d58       0x98 H16R6\H16R6_spi.o
                0x08019d58                HAL_SPI_MspInit
 .text.SendSPI  0x08019df0       0x5a H16R6\H16R6_spi.o
                0x08019df0                SendSPI
 *fill*         0x08019e4a        0x2 
 .text.TIM_USEC_Init
                0x08019e4c       0x74 H16R6\H16R6_timers.o
                0x08019e4c                TIM_USEC_Init
 .text.TIM_MSEC_Init
                0x08019ec0       0x78 H16R6\H16R6_timers.o
                0x08019ec0                TIM_MSEC_Init
 .text.StartMicroDelay
                0x08019f38       0x48 H16R6\H16R6_timers.o
                0x08019f38                StartMicroDelay
 .text.StartMilliDelay
                0x08019f80       0x48 H16R6\H16R6_timers.o
                0x08019f80                StartMilliDelay
 .text.MX_USART1_UART_Init
                0x08019fc8       0x7c H16R6\H16R6_uart.o
                0x08019fc8                MX_USART1_UART_Init
 .text.MX_USART2_UART_Init
                0x0801a044       0x7c H16R6\H16R6_uart.o
                0x0801a044                MX_USART2_UART_Init
 .text.MX_USART3_UART_Init
                0x0801a0c0       0x7c H16R6\H16R6_uart.o
                0x0801a0c0                MX_USART3_UART_Init
 .text.MX_USART4_UART_Init
                0x0801a13c       0x58 H16R6\H16R6_uart.o
                0x0801a13c                MX_USART4_UART_Init
 .text.MX_USART5_UART_Init
                0x0801a194       0x60 H16R6\H16R6_uart.o
                0x0801a194                MX_USART5_UART_Init
 .text.MX_USART6_UART_Init
                0x0801a1f4       0x60 H16R6\H16R6_uart.o
                0x0801a1f4                MX_USART6_UART_Init
 .text.HAL_UART_MspInit
                0x0801a254      0x72c H16R6\H16R6_uart.o
                0x0801a254                HAL_UART_MspInit
 .text.writePxMutex
                0x0801a980       0xac H16R6\H16R6_uart.o
                0x0801a980                writePxMutex
 .text.writePxITMutex
                0x0801aa2c       0x78 H16R6\H16R6_uart.o
                0x0801aa2c                writePxITMutex
 .text.UpdateBaudrate
                0x0801aaa4       0x3e H16R6\H16R6_uart.o
                0x0801aaa4                UpdateBaudrate
 *fill*         0x0801aae2        0x2 
 .text.GetUart  0x0801aae4       0x5c H16R6\H16R6_uart.o
                0x0801aae4                GetUart
 .text.SwapUartPins
                0x0801ab40      0x118 H16R6\H16R6_uart.o
                0x0801ab40                SwapUartPins
 .text.ReadPortsDir
                0x0801ac58       0xa8 H16R6\H16R6_uart.o
                0x0801ac58                ReadPortsDir
 .text.ReadPortsDirMSG
                0x0801ad00       0x80 H16R6\H16R6_uart.o
                0x0801ad00                ReadPortsDirMSG
 .text.UpdateMyPortsDir
                0x0801ad80       0x84 H16R6\H16R6_uart.o
                0x0801ad80                UpdateMyPortsDir
 .text.Reset_Handler
                0x0801ae04       0x90 H16R6\startup_stm32g0b1ceuxn.o
                0x0801ae04                Reset_Handler
 .text.Default_Handler
                0x0801ae94        0x2 H16R6\startup_stm32g0b1ceuxn.o
                0x0801ae94                I2C2_3_IRQHandler
                0x0801ae94                TIM1_CC_IRQHandler
                0x0801ae94                ADC1_COMP_IRQHandler
                0x0801ae94                NMI_Handler
                0x0801ae94                I2C1_IRQHandler
                0x0801ae94                TIM7_LPTIM2_IRQHandler
                0x0801ae94                TIM17_FDCAN_IT1_IRQHandler
                0x0801ae94                RCC_CRS_IRQHandler
                0x0801ae94                RTC_TAMP_IRQHandler
                0x0801ae94                SPI1_IRQHandler
                0x0801ae94                USB_UCPD1_2_IRQHandler
                0x0801ae94                EXTI2_3_IRQHandler
                0x0801ae94                PVD_VDDIO2_IRQHandler
                0x0801ae94                EXTI4_15_IRQHandler
                0x0801ae94                Default_Handler
                0x0801ae94                CEC_IRQHandler
                0x0801ae94                TIM14_IRQHandler
                0x0801ae94                TIM15_IRQHandler
                0x0801ae94                TIM3_TIM4_IRQHandler
                0x0801ae94                SPI2_3_IRQHandler
                0x0801ae94                TIM6_DAC_LPTIM1_IRQHandler
                0x0801ae94                WWDG_IRQHandler
                0x0801ae94                TIM2_IRQHandler
                0x0801ae94                FLASH_IRQHandler
                0x0801ae94                TIM16_FDCAN_IT0_IRQHandler
                0x0801ae94                TIM1_BRK_UP_TRG_COM_IRQHandler
 .text.SystemInit
                0x0801ae96        0xa Thirdparty\CMSIS\STM32G0xx\Device\ST\STM32G0xx\Source\Templates\system_stm32g0xx.o
                0x0801ae96                SystemInit
 .text.LL_CRC_ResetCRCCalculationUnit
                0x0801aea0       0x1c Thirdparty\EEPROM_Emul\Core\eeprom_emul.o
 .text.LL_CRC_SetPolynomialSize
                0x0801aebc       0x24 Thirdparty\EEPROM_Emul\Core\eeprom_emul.o
 .text.LL_CRC_SetPolynomialCoef
                0x0801aee0       0x18 Thirdparty\EEPROM_Emul\Core\eeprom_emul.o
 .text.LL_CRC_FeedData32
                0x0801aef8       0x18 Thirdparty\EEPROM_Emul\Core\eeprom_emul.o
 .text.LL_CRC_FeedData16
                0x0801af10       0x22 Thirdparty\EEPROM_Emul\Core\eeprom_emul.o
 .text.LL_CRC_ReadData16
                0x0801af32       0x16 Thirdparty\EEPROM_Emul\Core\eeprom_emul.o
 .text.LL_AHB1_GRP1_EnableClock
                0x0801af48       0x2c Thirdparty\EEPROM_Emul\Core\eeprom_emul.o
 .text.EEPROM_Init
                0x0801af74     0x1874 Thirdparty\EEPROM_Emul\Core\eeprom_emul.o
                0x0801af74                EEPROM_Init
 .text.EEPROM_Format
                0x0801c7e8      0x2a8 Thirdparty\EEPROM_Emul\Core\eeprom_emul.o
                0x0801c7e8                EEPROM_Format
 .text.EE_ReadVariable16bits
                0x0801ca90       0x60 Thirdparty\EEPROM_Emul\Core\eeprom_emul.o
                0x0801ca90                EE_ReadVariable16bits
 .text.EE_WriteVariable16bits
                0x0801caf0       0x48 Thirdparty\EEPROM_Emul\Core\eeprom_emul.o
                0x0801caf0                EE_WriteVariable16bits
 .text.EE_CleanUp
                0x0801cb38      0x2a4 Thirdparty\EEPROM_Emul\Core\eeprom_emul.o
                0x0801cb38                EE_CleanUp
 .text.ReadVariable
                0x0801cddc      0x340 Thirdparty\EEPROM_Emul\Core\eeprom_emul.o
 .text.WriteVariable
                0x0801d11c       0x52 Thirdparty\EEPROM_Emul\Core\eeprom_emul.o
 .text.VerifyPageFullyErased
                0x0801d16e       0x4e Thirdparty\EEPROM_Emul\Core\eeprom_emul.o
 .text.FindPage
                0x0801d1bc      0x444 Thirdparty\EEPROM_Emul\Core\eeprom_emul.o
 .text.PagesTransfer
                0x0801d600      0x8ec Thirdparty\EEPROM_Emul\Core\eeprom_emul.o
 .text.VerifyPagesFullWriteVariable
                0x0801deec      0x1ac Thirdparty\EEPROM_Emul\Core\eeprom_emul.o
 .text.SetPageState
                0x0801e098      0x364 Thirdparty\EEPROM_Emul\Core\eeprom_emul.o
 .text.GetPageState
                0x0801e3fc       0xa0 Thirdparty\EEPROM_Emul\Core\eeprom_emul.o
 .text.ConfigureCrc
                0x0801e49c       0x34 Thirdparty\EEPROM_Emul\Core\eeprom_emul.o
                0x0801e49c                ConfigureCrc
 .text.CalculateCrc
                0x0801e4d0       0x48 Thirdparty\EEPROM_Emul\Core\eeprom_emul.o
                0x0801e4d0                CalculateCrc
 .text.FI_WriteDoubleWord
                0x0801e518       0x22 Thirdparty\EEPROM_Emul\Porting\STM32G0\flash_interface.o
                0x0801e518                FI_WriteDoubleWord
 *fill*         0x0801e53a        0x2 
 .text.FI_PageErase
                0x0801e53c      0x120 Thirdparty\EEPROM_Emul\Porting\STM32G0\flash_interface.o
                0x0801e53c                FI_PageErase
 .text.FI_CacheFlush
                0x0801e65c        0xa Thirdparty\EEPROM_Emul\Porting\STM32G0\flash_interface.o
                0x0801e65c                FI_CacheFlush
 *fill*         0x0801e666        0x2 
 .text.GetBankNumber
                0x0801e668       0x90 Thirdparty\EEPROM_Emul\Porting\STM32G0\flash_interface.o
 .text.FI_CheckBankConfig
                0x0801e6f8       0x18 Thirdparty\EEPROM_Emul\Porting\STM32G0\flash_interface.o
                0x0801e6f8                FI_CheckBankConfig
 .text.inHandlerMode
                0x0801e710       0x1c Thirdparty\Middleware\STM32G0xx\FreeRTOS\Source\CMSIS_RTOS\cmsis_os.o
 .text.osKernelStart
                0x0801e72c       0x10 Thirdparty\Middleware\STM32G0xx\FreeRTOS\Source\CMSIS_RTOS\cmsis_os.o
                0x0801e72c                osKernelStart
 .text.osDelay  0x0801e73c       0x28 Thirdparty\Middleware\STM32G0xx\FreeRTOS\Source\CMSIS_RTOS\cmsis_os.o
                0x0801e73c                osDelay
 .text.osSemaphoreCreate
                0x0801e764       0x4a Thirdparty\Middleware\STM32G0xx\FreeRTOS\Source\CMSIS_RTOS\cmsis_os.o
                0x0801e764                osSemaphoreCreate
 *fill*         0x0801e7ae        0x2 
 .text.osSemaphoreWait
                0x0801e7b0       0x94 Thirdparty\Middleware\STM32G0xx\FreeRTOS\Source\CMSIS_RTOS\cmsis_os.o
                0x0801e7b0                osSemaphoreWait
 .text.osSemaphoreRelease
                0x0801e844       0x64 Thirdparty\Middleware\STM32G0xx\FreeRTOS\Source\CMSIS_RTOS\cmsis_os.o
                0x0801e844                osSemaphoreRelease
 .text.osSystickHandler
                0x0801e8a8       0x18 Thirdparty\Middleware\STM32G0xx\FreeRTOS\Source\CMSIS_RTOS\cmsis_os.o
                0x0801e8a8                osSystickHandler
 .text.FreeRTOS_CLIRegisterCommand
                0x0801e8c0       0x50 Thirdparty\Middleware\STM32G0xx\FreeRTOS\Source\FreeRTOS_CLI.o
                0x0801e8c0                FreeRTOS_CLIRegisterCommand
 .text.FreeRTOS_CLIProcessCommand
                0x0801e910      0x11c Thirdparty\Middleware\STM32G0xx\FreeRTOS\Source\FreeRTOS_CLI.o
                0x0801e910                FreeRTOS_CLIProcessCommand
 .text.FreeRTOS_CLIGetOutputBuffer
                0x0801ea2c       0x10 Thirdparty\Middleware\STM32G0xx\FreeRTOS\Source\FreeRTOS_CLI.o
                0x0801ea2c                FreeRTOS_CLIGetOutputBuffer
 .text.FreeRTOS_CLIGetParameter
                0x0801ea3c       0xbc Thirdparty\Middleware\STM32G0xx\FreeRTOS\Source\FreeRTOS_CLI.o
                0x0801ea3c                FreeRTOS_CLIGetParameter
 .text.prvHelpCommand
                0x0801eaf8      0x154 Thirdparty\Middleware\STM32G0xx\FreeRTOS\Source\FreeRTOS_CLI.o
 .text.prvGetNumberOfParameters
                0x0801ec4c       0x7a Thirdparty\Middleware\STM32G0xx\FreeRTOS\Source\FreeRTOS_CLI.o
 .text.vListInitialise
                0x0801ecc6       0x3c Thirdparty\Middleware\STM32G0xx\FreeRTOS\Source\list.o
                0x0801ecc6                vListInitialise
 .text.vListInitialiseItem
                0x0801ed02       0x16 Thirdparty\Middleware\STM32G0xx\FreeRTOS\Source\list.o
                0x0801ed02                vListInitialiseItem
 .text.vListInsertEnd
                0x0801ed18       0x44 Thirdparty\Middleware\STM32G0xx\FreeRTOS\Source\list.o
                0x0801ed18                vListInsertEnd
 .text.vListInsert
                0x0801ed5c       0x6c Thirdparty\Middleware\STM32G0xx\FreeRTOS\Source\list.o
                0x0801ed5c                vListInsert
 .text.uxListRemove
                0x0801edc8       0x50 Thirdparty\Middleware\STM32G0xx\FreeRTOS\Source\list.o
                0x0801edc8                uxListRemove
 .text.pxPortInitialiseStack
                0x0801ee18       0x54 Thirdparty\Middleware\STM32G0xx\FreeRTOS\Source\portable\GCC\ARM_CM0\port.o
                0x0801ee18                pxPortInitialiseStack
 .text.prvTaskExitError
                0x0801ee6c       0x1e Thirdparty\Middleware\STM32G0xx\FreeRTOS\Source\portable\GCC\ARM_CM0\port.o
 .text.SVC_Handler
                0x0801ee8a        0xa Thirdparty\Middleware\STM32G0xx\FreeRTOS\Source\portable\GCC\ARM_CM0\port.o
                0x0801ee8a                SVC_Handler
 *fill*         0x0801ee94        0xc 
 .text.vPortStartFirstTask
                0x0801eea0       0x38 Thirdparty\Middleware\STM32G0xx\FreeRTOS\Source\portable\GCC\ARM_CM0\port.o
 .text.xPortStartScheduler
                0x0801eed8       0x48 Thirdparty\Middleware\STM32G0xx\FreeRTOS\Source\portable\GCC\ARM_CM0\port.o
                0x0801eed8                xPortStartScheduler
 .text.vPortYield
                0x0801ef20       0x20 Thirdparty\Middleware\STM32G0xx\FreeRTOS\Source\portable\GCC\ARM_CM0\port.o
                0x0801ef20                vPortYield
 .text.vPortEnterCritical
                0x0801ef40       0x24 Thirdparty\Middleware\STM32G0xx\FreeRTOS\Source\portable\GCC\ARM_CM0\port.o
                0x0801ef40                vPortEnterCritical
 .text.vPortExitCritical
                0x0801ef64       0x24 Thirdparty\Middleware\STM32G0xx\FreeRTOS\Source\portable\GCC\ARM_CM0\port.o
                0x0801ef64                vPortExitCritical
 .text.ulSetInterruptMaskFromISR
                0x0801ef88        0xc Thirdparty\Middleware\STM32G0xx\FreeRTOS\Source\portable\GCC\ARM_CM0\port.o
                0x0801ef88                ulSetInterruptMaskFromISR
 .text.vClearInterruptMaskFromISR
                0x0801ef94        0x8 Thirdparty\Middleware\STM32G0xx\FreeRTOS\Source\portable\GCC\ARM_CM0\port.o
                0x0801ef94                vClearInterruptMaskFromISR
 *fill*         0x0801ef9c        0x4 
 .text.PendSV_Handler
                0x0801efa0       0x48 Thirdparty\Middleware\STM32G0xx\FreeRTOS\Source\portable\GCC\ARM_CM0\port.o
                0x0801efa0                PendSV_Handler
 .text.xPortSysTickHandler
                0x0801efe8       0x34 Thirdparty\Middleware\STM32G0xx\FreeRTOS\Source\portable\GCC\ARM_CM0\port.o
                0x0801efe8                xPortSysTickHandler
 .text.vPortSetupTimerInterrupt
                0x0801f01c       0x44 Thirdparty\Middleware\STM32G0xx\FreeRTOS\Source\portable\GCC\ARM_CM0\port.o
                0x0801f01c                vPortSetupTimerInterrupt
 .text.pvPortMalloc
                0x0801f060      0x140 Thirdparty\Middleware\STM32G0xx\FreeRTOS\Source\portable\MemMang\heap_4.o
                0x0801f060                pvPortMalloc
 .text.vPortFree
                0x0801f1a0       0x80 Thirdparty\Middleware\STM32G0xx\FreeRTOS\Source\portable\MemMang\heap_4.o
                0x0801f1a0                vPortFree
 .text.prvHeapInit
                0x0801f220       0xc0 Thirdparty\Middleware\STM32G0xx\FreeRTOS\Source\portable\MemMang\heap_4.o
 .text.prvInsertBlockIntoFreeList
                0x0801f2e0       0xb0 Thirdparty\Middleware\STM32G0xx\FreeRTOS\Source\portable\MemMang\heap_4.o
 .text.xQueueGenericReset
                0x0801f390       0x9e Thirdparty\Middleware\STM32G0xx\FreeRTOS\Source\queue.o
                0x0801f390                xQueueGenericReset
 .text.xQueueGenericCreate
                0x0801f42e       0x52 Thirdparty\Middleware\STM32G0xx\FreeRTOS\Source\queue.o
                0x0801f42e                xQueueGenericCreate
 .text.prvInitialiseNewQueue
                0x0801f480       0x4e Thirdparty\Middleware\STM32G0xx\FreeRTOS\Source\queue.o
 .text.xQueueCreateCountingSemaphore
                0x0801f4ce       0x30 Thirdparty\Middleware\STM32G0xx\FreeRTOS\Source\queue.o
                0x0801f4ce                xQueueCreateCountingSemaphore
 .text.xQueueGenericSend
                0x0801f4fe      0x12a Thirdparty\Middleware\STM32G0xx\FreeRTOS\Source\queue.o
                0x0801f4fe                xQueueGenericSend
 .text.xQueueGenericSendFromISR
                0x0801f628       0xa6 Thirdparty\Middleware\STM32G0xx\FreeRTOS\Source\queue.o
                0x0801f628                xQueueGenericSendFromISR
 .text.xQueueGiveFromISR
                0x0801f6ce       0x96 Thirdparty\Middleware\STM32G0xx\FreeRTOS\Source\queue.o
                0x0801f6ce                xQueueGiveFromISR
 .text.xQueueReceive
                0x0801f764      0x128 Thirdparty\Middleware\STM32G0xx\FreeRTOS\Source\queue.o
                0x0801f764                xQueueReceive
 .text.xQueueSemaphoreTake
                0x0801f88c      0x178 Thirdparty\Middleware\STM32G0xx\FreeRTOS\Source\queue.o
                0x0801f88c                xQueueSemaphoreTake
 .text.xQueueReceiveFromISR
                0x0801fa04       0xa0 Thirdparty\Middleware\STM32G0xx\FreeRTOS\Source\queue.o
                0x0801fa04                xQueueReceiveFromISR
 .text.prvGetDisinheritPriorityAfterTimeout
                0x0801faa4       0x2c Thirdparty\Middleware\STM32G0xx\FreeRTOS\Source\queue.o
 .text.prvCopyDataToQueue
                0x0801fad0       0xd6 Thirdparty\Middleware\STM32G0xx\FreeRTOS\Source\queue.o
 .text.prvCopyDataFromQueue
                0x0801fba6       0x4c Thirdparty\Middleware\STM32G0xx\FreeRTOS\Source\queue.o
 .text.prvUnlockQueue
                0x0801fbf2       0xbc Thirdparty\Middleware\STM32G0xx\FreeRTOS\Source\queue.o
 .text.prvIsQueueEmpty
                0x0801fcae       0x2c Thirdparty\Middleware\STM32G0xx\FreeRTOS\Source\queue.o
 .text.prvIsQueueFull
                0x0801fcda       0x30 Thirdparty\Middleware\STM32G0xx\FreeRTOS\Source\queue.o
 *fill*         0x0801fd0a        0x2 
 .text.vQueueAddToRegistry
                0x0801fd0c       0x50 Thirdparty\Middleware\STM32G0xx\FreeRTOS\Source\queue.o
                0x0801fd0c                vQueueAddToRegistry
 .text.vQueueWaitForMessageRestricted
                0x0801fd5c       0x66 Thirdparty\Middleware\STM32G0xx\FreeRTOS\Source\queue.o
                0x0801fd5c                vQueueWaitForMessageRestricted
 .text.xTaskCreate
                0x0801fdc2       0x90 Thirdparty\Middleware\STM32G0xx\FreeRTOS\Source\tasks.o
                0x0801fdc2                xTaskCreate
 *fill*         0x0801fe52        0x2 
 .text.prvInitialiseNewTask
                0x0801fe54      0x10c Thirdparty\Middleware\STM32G0xx\FreeRTOS\Source\tasks.o
 .text.prvAddNewTaskToReadyList
                0x0801ff60       0xd0 Thirdparty\Middleware\STM32G0xx\FreeRTOS\Source\tasks.o
 .text.vTaskDelay
                0x08020030       0x3a Thirdparty\Middleware\STM32G0xx\FreeRTOS\Source\tasks.o
                0x08020030                vTaskDelay
 *fill*         0x0802006a        0x2 
 .text.eTaskGetState
                0x0802006c       0xd0 Thirdparty\Middleware\STM32G0xx\FreeRTOS\Source\tasks.o
                0x0802006c                eTaskGetState
 .text.uxTaskPriorityGet
                0x0802013c       0x34 Thirdparty\Middleware\STM32G0xx\FreeRTOS\Source\tasks.o
                0x0802013c                uxTaskPriorityGet
 .text.vTaskPrioritySet
                0x08020170      0x110 Thirdparty\Middleware\STM32G0xx\FreeRTOS\Source\tasks.o
                0x08020170                vTaskPrioritySet
 .text.vTaskStartScheduler
                0x08020280       0x74 Thirdparty\Middleware\STM32G0xx\FreeRTOS\Source\tasks.o
                0x08020280                vTaskStartScheduler
 .text.vTaskSuspendAll
                0x080202f4       0x18 Thirdparty\Middleware\STM32G0xx\FreeRTOS\Source\tasks.o
                0x080202f4                vTaskSuspendAll
 .text.xTaskResumeAll
                0x0802030c      0x10c Thirdparty\Middleware\STM32G0xx\FreeRTOS\Source\tasks.o
                0x0802030c                xTaskResumeAll
 .text.xTaskGetTickCount
                0x08020418       0x1c Thirdparty\Middleware\STM32G0xx\FreeRTOS\Source\tasks.o
                0x08020418                xTaskGetTickCount
 .text.xTaskGetTickCountFromISR
                0x08020434       0x20 Thirdparty\Middleware\STM32G0xx\FreeRTOS\Source\tasks.o
                0x08020434                xTaskGetTickCountFromISR
 .text.uxTaskGetSystemState
                0x08020454      0x120 Thirdparty\Middleware\STM32G0xx\FreeRTOS\Source\tasks.o
                0x08020454                uxTaskGetSystemState
 .text.xTaskIncrementTick
                0x08020574      0x150 Thirdparty\Middleware\STM32G0xx\FreeRTOS\Source\tasks.o
                0x08020574                xTaskIncrementTick
 .text.vTaskSwitchContext
                0x080206c4      0x124 Thirdparty\Middleware\STM32G0xx\FreeRTOS\Source\tasks.o
                0x080206c4                vTaskSwitchContext
 .text.vTaskPlaceOnEventList
                0x080207e8       0x34 Thirdparty\Middleware\STM32G0xx\FreeRTOS\Source\tasks.o
                0x080207e8                vTaskPlaceOnEventList
 .text.vTaskPlaceOnEventListRestricted
                0x0802081c       0x44 Thirdparty\Middleware\STM32G0xx\FreeRTOS\Source\tasks.o
                0x0802081c                vTaskPlaceOnEventListRestricted
 .text.xTaskRemoveFromEventList
                0x08020860       0xb0 Thirdparty\Middleware\STM32G0xx\FreeRTOS\Source\tasks.o
                0x08020860                xTaskRemoveFromEventList
 .text.vTaskInternalSetTimeOutState
                0x08020910       0x28 Thirdparty\Middleware\STM32G0xx\FreeRTOS\Source\tasks.o
                0x08020910                vTaskInternalSetTimeOutState
 .text.xTaskCheckForTimeOut
                0x08020938       0x8c Thirdparty\Middleware\STM32G0xx\FreeRTOS\Source\tasks.o
                0x08020938                xTaskCheckForTimeOut
 .text.vTaskMissedYield
                0x080209c4       0x14 Thirdparty\Middleware\STM32G0xx\FreeRTOS\Source\tasks.o
                0x080209c4                vTaskMissedYield
 .text.prvIdleTask
                0x080209d8       0x20 Thirdparty\Middleware\STM32G0xx\FreeRTOS\Source\tasks.o
 .text.prvInitialiseTaskLists
                0x080209f8       0x88 Thirdparty\Middleware\STM32G0xx\FreeRTOS\Source\tasks.o
 .text.prvCheckTasksWaitingTermination
                0x08020a80       0x5c Thirdparty\Middleware\STM32G0xx\FreeRTOS\Source\tasks.o
 .text.vTaskGetInfo
                0x08020adc       0xd8 Thirdparty\Middleware\STM32G0xx\FreeRTOS\Source\tasks.o
                0x08020adc                vTaskGetInfo
 .text.prvListTasksWithinSingleList
                0x08020bb4       0xa6 Thirdparty\Middleware\STM32G0xx\FreeRTOS\Source\tasks.o
 .text.prvTaskCheckFreeStackSpace
                0x08020c5a       0x34 Thirdparty\Middleware\STM32G0xx\FreeRTOS\Source\tasks.o
 .text.prvDeleteTCB
                0x08020c8e       0x22 Thirdparty\Middleware\STM32G0xx\FreeRTOS\Source\tasks.o
 .text.prvResetNextTaskUnblockTime
                0x08020cb0       0x3c Thirdparty\Middleware\STM32G0xx\FreeRTOS\Source\tasks.o
 .text.xTaskGetSchedulerState
                0x08020cec       0x38 Thirdparty\Middleware\STM32G0xx\FreeRTOS\Source\tasks.o
                0x08020cec                xTaskGetSchedulerState
 .text.xTaskPriorityInherit
                0x08020d24       0xd0 Thirdparty\Middleware\STM32G0xx\FreeRTOS\Source\tasks.o
                0x08020d24                xTaskPriorityInherit
 .text.xTaskPriorityDisinherit
                0x08020df4       0x98 Thirdparty\Middleware\STM32G0xx\FreeRTOS\Source\tasks.o
                0x08020df4                xTaskPriorityDisinherit
 .text.vTaskPriorityDisinheritAfterTimeout
                0x08020e8c       0xc0 Thirdparty\Middleware\STM32G0xx\FreeRTOS\Source\tasks.o
                0x08020e8c                vTaskPriorityDisinheritAfterTimeout
 .text.prvWriteNameToBuffer
                0x08020f4c       0x52 Thirdparty\Middleware\STM32G0xx\FreeRTOS\Source\tasks.o
 *fill*         0x08020f9e        0x2 
 .text.vTaskList
                0x08020fa0      0x14c Thirdparty\Middleware\STM32G0xx\FreeRTOS\Source\tasks.o
                0x08020fa0                vTaskList
 .text.vTaskGetRunTimeStats
                0x080210ec      0x118 Thirdparty\Middleware\STM32G0xx\FreeRTOS\Source\tasks.o
                0x080210ec                vTaskGetRunTimeStats
 .text.pvTaskIncrementMutexHeldCount
                0x08021204       0x24 Thirdparty\Middleware\STM32G0xx\FreeRTOS\Source\tasks.o
                0x08021204                pvTaskIncrementMutexHeldCount
 .text.ulTaskNotifyTake
                0x08021228       0x84 Thirdparty\Middleware\STM32G0xx\FreeRTOS\Source\tasks.o
                0x08021228                ulTaskNotifyTake
 .text.xTaskGenericNotify
                0x080212ac      0x104 Thirdparty\Middleware\STM32G0xx\FreeRTOS\Source\tasks.o
                0x080212ac                xTaskGenericNotify
 .text.xTaskGenericNotifyFromISR
                0x080213b0      0x140 Thirdparty\Middleware\STM32G0xx\FreeRTOS\Source\tasks.o
                0x080213b0                xTaskGenericNotifyFromISR
 .text.vTaskNotifyGiveFromISR
                0x080214f0       0xd8 Thirdparty\Middleware\STM32G0xx\FreeRTOS\Source\tasks.o
                0x080214f0                vTaskNotifyGiveFromISR
 .text.prvAddCurrentTaskToDelayedList
                0x080215c8       0xa8 Thirdparty\Middleware\STM32G0xx\FreeRTOS\Source\tasks.o
 .text.xTimerCreateTimerTask
                0x08021670       0x4c Thirdparty\Middleware\STM32G0xx\FreeRTOS\Source\timers.o
                0x08021670                xTimerCreateTimerTask
 .text.xTimerCreate
                0x080216bc       0x46 Thirdparty\Middleware\STM32G0xx\FreeRTOS\Source\timers.o
                0x080216bc                xTimerCreate
 .text.prvInitialiseNewTimer
                0x08021702       0x5a Thirdparty\Middleware\STM32G0xx\FreeRTOS\Source\timers.o
 .text.xTimerGenericCommand
                0x0802175c       0x8c Thirdparty\Middleware\STM32G0xx\FreeRTOS\Source\timers.o
                0x0802175c                xTimerGenericCommand
 .text.prvProcessExpiredTimer
                0x080217e8       0x80 Thirdparty\Middleware\STM32G0xx\FreeRTOS\Source\timers.o
 .text.prvTimerTask
                0x08021868       0x28 Thirdparty\Middleware\STM32G0xx\FreeRTOS\Source\timers.o
 .text.prvProcessTimerOrBlockTask
                0x08021890       0x90 Thirdparty\Middleware\STM32G0xx\FreeRTOS\Source\timers.o
 .text.prvGetNextExpireTime
                0x08021920       0x44 Thirdparty\Middleware\STM32G0xx\FreeRTOS\Source\timers.o
 .text.prvSampleTimeNow
                0x08021964       0x40 Thirdparty\Middleware\STM32G0xx\FreeRTOS\Source\timers.o
 .text.prvInsertTimerInActiveList
                0x080219a4       0x84 Thirdparty\Middleware\STM32G0xx\FreeRTOS\Source\timers.o
 .text.prvProcessReceivedCommands
                0x08021a28      0x16c Thirdparty\Middleware\STM32G0xx\FreeRTOS\Source\timers.o
 .text.prvSwitchTimerLists
                0x08021b94       0xb0 Thirdparty\Middleware\STM32G0xx\FreeRTOS\Source\timers.o
 .text.prvCheckForValidListAndQueue
                0x08021c44       0x74 Thirdparty\Middleware\STM32G0xx\FreeRTOS\Source\timers.o
 .text.HAL_Init
                0x08021cb8       0x40 Thirdparty\STM32G0xx_HAL_Driver\Src\stm32g0xx_hal.o
                0x08021cb8                HAL_Init
 .text.HAL_InitTick
                0x08021cf8       0x94 Thirdparty\STM32G0xx_HAL_Driver\Src\stm32g0xx_hal.o
                0x08021cf8                HAL_InitTick
 .text.HAL_IncTick
                0x08021d8c       0x24 Thirdparty\STM32G0xx_HAL_Driver\Src\stm32g0xx_hal.o
                0x08021d8c                HAL_IncTick
 .text.HAL_GetTick
                0x08021db0       0x14 Thirdparty\STM32G0xx_HAL_Driver\Src\stm32g0xx_hal.o
                0x08021db0                HAL_GetTick
 .text.HAL_Delay
                0x08021dc4       0x48 Thirdparty\STM32G0xx_HAL_Driver\Src\stm32g0xx_hal.o
                0x08021dc4                HAL_Delay
 .text.HAL_GetREVID
                0x08021e0c       0x18 Thirdparty\STM32G0xx_HAL_Driver\Src\stm32g0xx_hal.o
                0x08021e0c                HAL_GetREVID
 .text.HAL_GetDEVID
                0x08021e24       0x18 Thirdparty\STM32G0xx_HAL_Driver\Src\stm32g0xx_hal.o
                0x08021e24                HAL_GetDEVID
 .text.LL_ADC_SetCommonPathInternalCh
                0x08021e3c       0x28 Thirdparty\STM32G0xx_HAL_Driver\Src\stm32g0xx_hal_adc.o
 .text.LL_ADC_GetCommonPathInternalCh
                0x08021e64       0x1a Thirdparty\STM32G0xx_HAL_Driver\Src\stm32g0xx_hal_adc.o
 .text.LL_ADC_SetSamplingTimeCommonChannels
                0x08021e7e       0x3a Thirdparty\STM32G0xx_HAL_Driver\Src\stm32g0xx_hal_adc.o
 .text.LL_ADC_GetSamplingTimeCommonChannels
                0x08021eb8       0x2e Thirdparty\STM32G0xx_HAL_Driver\Src\stm32g0xx_hal_adc.o
 .text.LL_ADC_REG_IsTriggerSourceSWStart
                0x08021ee6       0x22 Thirdparty\STM32G0xx_HAL_Driver\Src\stm32g0xx_hal_adc.o
 .text.LL_ADC_REG_SetSequencerRanks
                0x08021f08       0x40 Thirdparty\STM32G0xx_HAL_Driver\Src\stm32g0xx_hal_adc.o
 .text.LL_ADC_REG_SetSequencerChAdd
                0x08021f48       0x22 Thirdparty\STM32G0xx_HAL_Driver\Src\stm32g0xx_hal_adc.o
 .text.LL_ADC_REG_SetSequencerChRem
                0x08021f6a       0x24 Thirdparty\STM32G0xx_HAL_Driver\Src\stm32g0xx_hal_adc.o
 *fill*         0x08021f8e        0x2 
 .text.LL_ADC_SetChannelSamplingTime
                0x08021f90       0x38 Thirdparty\STM32G0xx_HAL_Driver\Src\stm32g0xx_hal_adc.o
 .text.LL_ADC_EnableInternalRegulator
                0x08021fc8       0x28 Thirdparty\STM32G0xx_HAL_Driver\Src\stm32g0xx_hal_adc.o
 .text.LL_ADC_IsInternalRegulatorEnabled
                0x08021ff0       0x28 Thirdparty\STM32G0xx_HAL_Driver\Src\stm32g0xx_hal_adc.o
 .text.LL_ADC_Enable
                0x08022018       0x24 Thirdparty\STM32G0xx_HAL_Driver\Src\stm32g0xx_hal_adc.o
 .text.LL_ADC_Disable
                0x0802203c       0x24 Thirdparty\STM32G0xx_HAL_Driver\Src\stm32g0xx_hal_adc.o
 .text.LL_ADC_IsEnabled
                0x08022060       0x22 Thirdparty\STM32G0xx_HAL_Driver\Src\stm32g0xx_hal_adc.o
 .text.LL_ADC_IsDisableOngoing
                0x08022082       0x22 Thirdparty\STM32G0xx_HAL_Driver\Src\stm32g0xx_hal_adc.o
 .text.LL_ADC_REG_StartConversion
                0x080220a4       0x24 Thirdparty\STM32G0xx_HAL_Driver\Src\stm32g0xx_hal_adc.o
 .text.LL_ADC_REG_StopConversion
                0x080220c8       0x24 Thirdparty\STM32G0xx_HAL_Driver\Src\stm32g0xx_hal_adc.o
 .text.LL_ADC_REG_IsConversionOngoing
                0x080220ec       0x22 Thirdparty\STM32G0xx_HAL_Driver\Src\stm32g0xx_hal_adc.o
 *fill*         0x0802210e        0x2 
 .text.HAL_ADC_Init
                0x08022110      0x350 Thirdparty\STM32G0xx_HAL_Driver\Src\stm32g0xx_hal_adc.o
                0x08022110                HAL_ADC_Init
 .text.HAL_ADC_Start
                0x08022460       0x9c Thirdparty\STM32G0xx_HAL_Driver\Src\stm32g0xx_hal_adc.o
                0x08022460                HAL_ADC_Start
 .text.HAL_ADC_Stop
                0x080224fc       0x78 Thirdparty\STM32G0xx_HAL_Driver\Src\stm32g0xx_hal_adc.o
                0x080224fc                HAL_ADC_Stop
 .text.HAL_ADC_PollForConversion
                0x08022574      0x128 Thirdparty\STM32G0xx_HAL_Driver\Src\stm32g0xx_hal_adc.o
                0x08022574                HAL_ADC_PollForConversion
 .text.HAL_ADC_GetValue
                0x0802269c       0x16 Thirdparty\STM32G0xx_HAL_Driver\Src\stm32g0xx_hal_adc.o
                0x0802269c                HAL_ADC_GetValue
 *fill*         0x080226b2        0x2 
 .text.HAL_ADC_ConfigChannel
                0x080226b4      0x3b0 Thirdparty\STM32G0xx_HAL_Driver\Src\stm32g0xx_hal_adc.o
                0x080226b4                HAL_ADC_ConfigChannel
 .text.ADC_ConversionStop
                0x08022a64       0x84 Thirdparty\STM32G0xx_HAL_Driver\Src\stm32g0xx_hal_adc.o
                0x08022a64                ADC_ConversionStop
 .text.ADC_Enable
                0x08022ae8      0x10c Thirdparty\STM32G0xx_HAL_Driver\Src\stm32g0xx_hal_adc.o
                0x08022ae8                ADC_Enable
 .text.ADC_Disable
                0x08022bf4       0xbc Thirdparty\STM32G0xx_HAL_Driver\Src\stm32g0xx_hal_adc.o
                0x08022bf4                ADC_Disable
 .text.__NVIC_EnableIRQ
                0x08022cb0       0x34 Thirdparty\STM32G0xx_HAL_Driver\Src\stm32g0xx_hal_cortex.o
 .text.__NVIC_SetPriority
                0x08022ce4       0xdc Thirdparty\STM32G0xx_HAL_Driver\Src\stm32g0xx_hal_cortex.o
 .text.SysTick_Config
                0x08022dc0       0x48 Thirdparty\STM32G0xx_HAL_Driver\Src\stm32g0xx_hal_cortex.o
 .text.HAL_NVIC_SetPriority
                0x08022e08       0x2a Thirdparty\STM32G0xx_HAL_Driver\Src\stm32g0xx_hal_cortex.o
                0x08022e08                HAL_NVIC_SetPriority
 .text.HAL_NVIC_EnableIRQ
                0x08022e32       0x20 Thirdparty\STM32G0xx_HAL_Driver\Src\stm32g0xx_hal_cortex.o
                0x08022e32                HAL_NVIC_EnableIRQ
 .text.HAL_SYSTICK_Config
                0x08022e52       0x1a Thirdparty\STM32G0xx_HAL_Driver\Src\stm32g0xx_hal_cortex.o
                0x08022e52                HAL_SYSTICK_Config
 .text.HAL_CRC_Init
                0x08022e6c       0xcc Thirdparty\STM32G0xx_HAL_Driver\Src\stm32g0xx_hal_crc.o
                0x08022e6c                HAL_CRC_Init
 .text.HAL_CRC_Accumulate
                0x08022f38       0x8e Thirdparty\STM32G0xx_HAL_Driver\Src\stm32g0xx_hal_crc.o
                0x08022f38                HAL_CRC_Accumulate
 .text.HAL_CRC_Calculate
                0x08022fc6       0x9e Thirdparty\STM32G0xx_HAL_Driver\Src\stm32g0xx_hal_crc.o
                0x08022fc6                HAL_CRC_Calculate
 .text.CRC_Handle_8
                0x08023064      0x122 Thirdparty\STM32G0xx_HAL_Driver\Src\stm32g0xx_hal_crc.o
 .text.CRC_Handle_16
                0x08023186       0x6e Thirdparty\STM32G0xx_HAL_Driver\Src\stm32g0xx_hal_crc.o
 .text.HAL_CRCEx_Polynomial_Set
                0x080231f4       0xea Thirdparty\STM32G0xx_HAL_Driver\Src\stm32g0xx_hal_crc_ex.o
                0x080231f4                HAL_CRCEx_Polynomial_Set
 *fill*         0x080232de        0x2 
 .text.HAL_DMA_Init
                0x080232e0      0x158 Thirdparty\STM32G0xx_HAL_Driver\Src\stm32g0xx_hal_dma.o
                0x080232e0                HAL_DMA_Init
 .text.HAL_DMA_Start_IT
                0x08023438      0x10c Thirdparty\STM32G0xx_HAL_Driver\Src\stm32g0xx_hal_dma.o
                0x08023438                HAL_DMA_Start_IT
 .text.HAL_DMA_Abort
                0x08023544       0xc0 Thirdparty\STM32G0xx_HAL_Driver\Src\stm32g0xx_hal_dma.o
                0x08023544                HAL_DMA_Abort
 .text.HAL_DMA_Abort_IT
                0x08023604       0xd0 Thirdparty\STM32G0xx_HAL_Driver\Src\stm32g0xx_hal_dma.o
                0x08023604                HAL_DMA_Abort_IT
 .text.HAL_DMA_IRQHandler
                0x080236d4      0x188 Thirdparty\STM32G0xx_HAL_Driver\Src\stm32g0xx_hal_dma.o
                0x080236d4                HAL_DMA_IRQHandler
 .text.HAL_DMA_GetError
                0x0802385c       0x14 Thirdparty\STM32G0xx_HAL_Driver\Src\stm32g0xx_hal_dma.o
                0x0802385c                HAL_DMA_GetError
 .text.DMA_SetConfig
                0x08023870       0x78 Thirdparty\STM32G0xx_HAL_Driver\Src\stm32g0xx_hal_dma.o
 .text.DMA_CalcDMAMUXChannelBaseAndMask
                0x080238e8       0x94 Thirdparty\STM32G0xx_HAL_Driver\Src\stm32g0xx_hal_dma.o
 .text.DMA_CalcDMAMUXRequestGenBaseAndMask
                0x0802397c       0x48 Thirdparty\STM32G0xx_HAL_Driver\Src\stm32g0xx_hal_dma.o
 .text.HAL_FLASH_Program
                0x080239c4       0x9c Thirdparty\STM32G0xx_HAL_Driver\Src\stm32g0xx_hal_flash.o
                0x080239c4                HAL_FLASH_Program
 .text.HAL_FLASH_Unlock
                0x08023a60       0x48 Thirdparty\STM32G0xx_HAL_Driver\Src\stm32g0xx_hal_flash.o
                0x08023a60                HAL_FLASH_Unlock
 .text.HAL_FLASH_Lock
                0x08023aa8       0x44 Thirdparty\STM32G0xx_HAL_Driver\Src\stm32g0xx_hal_flash.o
                0x08023aa8                HAL_FLASH_Lock
 .text.FLASH_WaitForLastOperation
                0x08023aec       0x9c Thirdparty\STM32G0xx_HAL_Driver\Src\stm32g0xx_hal_flash.o
                0x08023aec                FLASH_WaitForLastOperation
 .text.FLASH_Program_DoubleWord
                0x08023b88       0x40 Thirdparty\STM32G0xx_HAL_Driver\Src\stm32g0xx_hal_flash.o
 .text.HAL_FLASHEx_Erase
                0x08023bc8       0xe0 Thirdparty\STM32G0xx_HAL_Driver\Src\stm32g0xx_hal_flash_ex.o
                0x08023bc8                HAL_FLASHEx_Erase
 .text.FLASH_MassErase
                0x08023ca8       0x28 Thirdparty\STM32G0xx_HAL_Driver\Src\stm32g0xx_hal_flash_ex.o
 .text.FLASH_PageErase
                0x08023cd0       0x58 Thirdparty\STM32G0xx_HAL_Driver\Src\stm32g0xx_hal_flash_ex.o
                0x08023cd0                FLASH_PageErase
 .text.HAL_GPIO_Init
                0x08023d28      0x2d8 Thirdparty\STM32G0xx_HAL_Driver\Src\stm32g0xx_hal_gpio.o
                0x08023d28                HAL_GPIO_Init
 .text.HAL_GPIO_DeInit
                0x08024000      0x1b0 Thirdparty\STM32G0xx_HAL_Driver\Src\stm32g0xx_hal_gpio.o
                0x08024000                HAL_GPIO_DeInit
 .text.HAL_GPIO_ReadPin
                0x080241b0       0x3a Thirdparty\STM32G0xx_HAL_Driver\Src\stm32g0xx_hal_gpio.o
                0x080241b0                HAL_GPIO_ReadPin
 .text.HAL_GPIO_WritePin
                0x080241ea       0x3a Thirdparty\STM32G0xx_HAL_Driver\Src\stm32g0xx_hal_gpio.o
                0x080241ea                HAL_GPIO_WritePin
 .text.HAL_GPIO_TogglePin
                0x08024224       0x36 Thirdparty\STM32G0xx_HAL_Driver\Src\stm32g0xx_hal_gpio.o
                0x08024224                HAL_GPIO_TogglePin
 .text.HAL_MspInit
                0x0802425a        0xa Thirdparty\STM32G0xx_HAL_Driver\Src\stm32g0xx_hal_msp_template.o
                0x0802425a                HAL_MspInit
 .text.HAL_PWR_EnableWakeUpPin
                0x08024264       0x40 Thirdparty\STM32G0xx_HAL_Driver\Src\stm32g0xx_hal_pwr.o
                0x08024264                HAL_PWR_EnableWakeUpPin
 .text.HAL_PWR_DisableWakeUpPin
                0x080242a4       0x28 Thirdparty\STM32G0xx_HAL_Driver\Src\stm32g0xx_hal_pwr.o
                0x080242a4                HAL_PWR_DisableWakeUpPin
 .text.HAL_PWR_EnterSTOPMode
                0x080242cc       0x70 Thirdparty\STM32G0xx_HAL_Driver\Src\stm32g0xx_hal_pwr.o
                0x080242cc                HAL_PWR_EnterSTOPMode
 .text.HAL_PWR_EnterSTANDBYMode
                0x0802433c       0x34 Thirdparty\STM32G0xx_HAL_Driver\Src\stm32g0xx_hal_pwr.o
                0x0802433c                HAL_PWR_EnterSTANDBYMode
 .text.HAL_PWREx_EnableSRAMRetention
                0x08024370       0x1c Thirdparty\STM32G0xx_HAL_Driver\Src\stm32g0xx_hal_pwr_ex.o
                0x08024370                HAL_PWREx_EnableSRAMRetention
 .text.HAL_PWREx_ControlVoltageScaling
                0x0802438c       0x80 Thirdparty\STM32G0xx_HAL_Driver\Src\stm32g0xx_hal_pwr_ex.o
                0x0802438c                HAL_PWREx_ControlVoltageScaling
 .text.LL_RCC_GetAPB1Prescaler
                0x0802440c       0x18 Thirdparty\STM32G0xx_HAL_Driver\Src\stm32g0xx_hal_rcc.o
 .text.HAL_RCC_OscConfig
                0x08024424      0x6c0 Thirdparty\STM32G0xx_HAL_Driver\Src\stm32g0xx_hal_rcc.o
                0x08024424                HAL_RCC_OscConfig
 .text.HAL_RCC_ClockConfig
                0x08024ae4      0x210 Thirdparty\STM32G0xx_HAL_Driver\Src\stm32g0xx_hal_rcc.o
                0x08024ae4                HAL_RCC_ClockConfig
 .text.HAL_RCC_GetSysClockFreq
                0x08024cf4      0x104 Thirdparty\STM32G0xx_HAL_Driver\Src\stm32g0xx_hal_rcc.o
                0x08024cf4                HAL_RCC_GetSysClockFreq
 .text.HAL_RCC_GetHCLKFreq
                0x08024df8       0x14 Thirdparty\STM32G0xx_HAL_Driver\Src\stm32g0xx_hal_rcc.o
                0x08024df8                HAL_RCC_GetHCLKFreq
 .text.HAL_RCC_GetPCLK1Freq
                0x08024e0c       0x2c Thirdparty\STM32G0xx_HAL_Driver\Src\stm32g0xx_hal_rcc.o
                0x08024e0c                HAL_RCC_GetPCLK1Freq
 .text.HAL_RCCEx_PeriphCLKConfig